<?xml version="1.0" encoding="utf-8"?>
<TestRun id="37c63676-2411-4563-a251-f1ba82fca641" name="Administrator@DEMO 2026-10-08 03:22:47" runUser="demo\Administrator" xmlns="http://microsoft.com/schemas/VisualStudio/TeamTest/2010">
  <Times creation="2026-10-08T03:22:47.7061027+08:00" queuing="2026-10-08T03:22:47.7061029+08:00" start="2026-10-08T03:22:45.9948862+08:00" finish="2026-10-08T03:23:23.8822286+08:00" />
  <TestSettings name="default" id="a14be74a-e933-43fe-bb93-b751d7e4ee89">
    <Deployment runDeploymentRoot="Administrator_DEMO_2026-10-08_03_22_47" />
  </TestSettings>
  <Results>
    <UnitTestResult executionId="6a5f949f-d4f0-4871-8821-c44cf94f4c1f" testId="ba6c7508-d975-37ef-4407-54b865ae3c0a" testName="Gaode.Communication.Tests.Devices.MemberGripperTests.OldGroupCanBeReadButCannotSaveOrStartWithMissingMemberGripper" computerName="DEMO" duration="00:00:00.0034231" startTime="2026-10-08T03:22:48.0447802+08:00" endTime="2026-10-08T03:22:48.0479485+08:00" testType="13cdc9d9-ddb5-4fa4-a97d-d965ccfc6d4b" outcome="Passed" testListId="8c84fa94-04c1-424b-9868-57a2d4851a1d" relativeResultsDirectory="6a5f949f-d4f0-4871-8821-c44cf94f4c1f" />
    <UnitTestResult executionId="d1212c27-0d90-48d1-b2f5-0a069ea802d3" testId="380d3b26-3591-42a0-c59f-c24ae4deb691" testName="Gaode.Communication.Tests.SiteProtocolAdaptationTests.SiteTcpUsesRealModelEncodingIntPoseAndRejectsAlarmWritesBeforeDispatch" computerName="DEMO" duration="00:00:00.0639015" startTime="2026-10-08T03:22:46.4173307+08:00" endTime="2026-10-08T03:22:46.4860225+08:00" testType="13cdc9d9-ddb5-4fa4-a97d-d965ccfc6d4b" outcome="Passed" testListId="8c84fa94-04c1-424b-9868-57a2d4851a1d" relativeResultsDirectory="d1212c27-0d90-48d1-b2f5-0a069ea802d3" />
    <UnitTestResult executionId="7fc66d00-2cfc-4c53-b92b-5187bd5e0c51" testId="3dd2ceb6-1280-4b99-9784-9725f0c0f505" testName="Gaode.Communication.Tests.Devices.HandshakeClosureTests.FlipHoldsParentUntilPutBackWithItsOwnWindow" computerName="DEMO" duration="00:00:04.2786447" startTime="2026-10-08T03:23:07.9019522+08:00" endTime="2026-10-08T03:23:12.1808095+08:00" testType="13cdc9d9-ddb5-4fa4-a97d-d965ccfc6d4b" outcome="Passed" testListId="8c84fa94-04c1-424b-9868-57a2d4851a1d" relativeResultsDirectory="7fc66d00-2cfc-4c53-b92b-5187bd5e0c51" />
    <UnitTestResult executionId="23c5bac7-a417-4464-91e5-8728c9452b8c" testId="47675aff-3a4d-eeb6-cf81-89be75b16f06" testName="Gaode.Communication.Tests.Devices.SamePositionTests.RepeatedTargetsReuseOnlySatisfiedAxes(x: 12, y: 22, z: 33, expected: &quot;X&quot;)" computerName="DEMO" duration="00:00:00.9775379" startTime="2026-10-08T03:22:49.6944040+08:00" endTime="2026-10-08T03:22:50.6716257+08:00" testType="13cdc9d9-ddb5-4fa4-a97d-d965ccfc6d4b" outcome="Passed" testListId="8c84fa94-04c1-424b-9868-57a2d4851a1d" relativeResultsDirectory="23c5bac7-a417-4464-91e5-8728c9452b8c" />
    <UnitTestResult executionId="322f97a8-9a6f-43b5-8c63-b9b587e51eda" testId="91302dea-0254-6079-2828-0fc1bfdaa4d4" testName="Gaode.Communication.Tests.Devices.HandshakeClosureTests.DisconnectWhileWaitingClearCannotStartSuccessor" computerName="DEMO" duration="00:00:00.9464264" startTime="2026-10-08T03:23:22.8818534+08:00" endTime="2026-10-08T03:23:23.8282455+08:00" testType="13cdc9d9-ddb5-4fa4-a97d-d965ccfc6d4b" outcome="Passed" testListId="8c84fa94-04c1-424b-9868-57a2d4851a1d" relativeResultsDirectory="322f97a8-9a6f-43b5-8c63-b9b587e51eda" />
    <UnitTestResult executionId="72556018-00f3-4212-939a-89b2628ae09d" testId="2dd942b7-93ed-b025-8709-5ea78f33b167" testName="Gaode.Communication.Tests.Devices.HandshakeClosureTests.DelayedClearHoldsOwnershipAndPreservesArrivalEvidence" computerName="DEMO" duration="00:00:03.0775034" startTime="2026-10-08T03:23:19.8041918+08:00" endTime="2026-10-08T03:23:22.8816473+08:00" testType="13cdc9d9-ddb5-4fa4-a97d-d965ccfc6d4b" outcome="Passed" testListId="8c84fa94-04c1-424b-9868-57a2d4851a1d" relativeResultsDirectory="72556018-00f3-4212-939a-89b2628ae09d" />
    <UnitTestResult executionId="9a856c66-1c17-482d-aba9-8f5053962562" testId="3c5d4162-ff76-8c58-c986-e3f55b02d763" testName="Gaode.Communication.Tests.Devices.SamePositionTests.RepeatedTargetsReuseOnlySatisfiedAxes(x: 11, y: 22, z: 33, expected: &quot;&quot;)" computerName="DEMO" duration="00:00:02.0899769" startTime="2026-10-08T03:22:46.4173557+08:00" endTime="2026-10-08T03:22:48.5098690+08:00" testType="13cdc9d9-ddb5-4fa4-a97d-d965ccfc6d4b" outcome="Passed" testListId="8c84fa94-04c1-424b-9868-57a2d4851a1d" relativeResultsDirectory="9a856c66-1c17-482d-aba9-8f5053962562" />
    <UnitTestResult executionId="70fe3fe9-a4b8-417c-a47f-c2d401bcd1ba" testId="fa4d4887-c499-e285-2f8d-768e6554fc22" testName="Gaode.Communication.Tests.Devices.SamePositionTests.StaticPositionWithoutCurrentClosureMustActuallyDispatch(cause: &quot;reset&quot;)" computerName="DEMO" duration="00:00:01.7967935" startTime="2026-10-08T03:22:53.8661718+08:00" endTime="2026-10-08T03:22:55.6629414+08:00" testType="13cdc9d9-ddb5-4fa4-a97d-d965ccfc6d4b" outcome="Passed" testListId="8c84fa94-04c1-424b-9868-57a2d4851a1d" relativeResultsDirectory="70fe3fe9-a4b8-417c-a47f-c2d401bcd1ba" />
    <UnitTestResult executionId="1b31055a-71dc-40de-8aaa-d3b282660631" testId="f565c066-da1b-b4d2-a40f-7c3a23ba26af" testName="Gaode.Communication.Tests.SiteProtocolAdaptationTests.ConfirmedSiteDefinitionUsesRealTypesAndHasNoRetiredTeachingRequirement" computerName="DEMO" duration="00:00:00.0061269" startTime="2026-10-08T03:22:46.4916391+08:00" endTime="2026-10-08T03:22:46.4929596+08:00" testType="13cdc9d9-ddb5-4fa4-a97d-d965ccfc6d4b" outcome="Passed" testListId="8c84fa94-04c1-424b-9868-57a2d4851a1d" relativeResultsDirectory="1b31055a-71dc-40de-8aaa-d3b282660631" />
    <UnitTestResult executionId="b9dda091-0876-4ed0-be2f-a3443140a9b7" testId="47cace73-f00c-f337-0a02-9a2cc1bf51a8" testName="Gaode.Communication.Tests.Devices.HandshakeClosureTests.NoClearTimeoutAndLateZeroNeverAuthorizeAnotherRequest" computerName="DEMO" duration="00:00:01.5571803" startTime="2026-10-08T03:22:59.5973349+08:00" endTime="2026-10-08T03:23:01.1544615+08:00" testType="13cdc9d9-ddb5-4fa4-a97d-d965ccfc6d4b" outcome="Passed" testListId="8c84fa94-04c1-424b-9868-57a2d4851a1d" relativeResultsDirectory="b9dda091-0876-4ed0-be2f-a3443140a9b7" />
    <UnitTestResult executionId="e8d4ab48-2d0f-40b9-a67d-ad46fa044765" testId="acc1b58a-c152-4882-bf80-bec9be8cf327" testName="Gaode.Communication.Tests.Devices.MemberGripperTests.SaveReloadFreezeAndResolveMembersWithoutChangingSinglePart" computerName="DEMO" duration="00:00:00.4320426" startTime="2026-10-08T03:22:47.6125118+08:00" endTime="2026-10-08T03:22:48.0445233+08:00" testType="13cdc9d9-ddb5-4fa4-a97d-d965ccfc6d4b" outcome="Passed" testListId="8c84fa94-04c1-424b-9868-57a2d4851a1d" relativeResultsDirectory="e8d4ab48-2d0f-40b9-a67d-ad46fa044765" />
    <UnitTestResult executionId="2900493f-cb9b-49fe-a230-59900c9cec33" testId="9b2c71a5-148f-acf0-20a4-e4f44241ebeb" testName="Gaode.Communication.Tests.Devices.HandshakeClosureTests.ClearanceRejectsOldOrInvalidReads(fault: &quot;before-write&quot;)" computerName="DEMO" duration="00:00:00.0005266" startTime="2026-10-08T03:23:07.9012368+08:00" endTime="2026-10-08T03:23:07.9017231+08:00" testType="13cdc9d9-ddb5-4fa4-a97d-d965ccfc6d4b" outcome="Passed" testListId="8c84fa94-04c1-424b-9868-57a2d4851a1d" relativeResultsDirectory="2900493f-cb9b-49fe-a230-59900c9cec33" />
    <UnitTestResult executionId="045ca0e1-ba76-476c-9ae6-4ae5ec4ce7c4" testId="c7d7d52d-ccc4-2f63-3800-5bd5d89e13a1" testName="Gaode.Communication.Tests.Devices.HandshakeClosureTests.SixAxisMappingsClearIndependentlyAndRepeat" computerName="DEMO" duration="00:00:03.9334653" startTime="2026-10-08T03:22:55.6635769+08:00" endTime="2026-10-08T03:22:59.5970571+08:00" testType="13cdc9d9-ddb5-4fa4-a97d-d965ccfc6d4b" outcome="Passed" testListId="8c84fa94-04c1-424b-9868-57a2d4851a1d" relativeResultsDirectory="045ca0e1-ba76-476c-9ae6-4ae5ec4ce7c4" />
    <UnitTestResult executionId="bbabf1fb-d677-415d-95e4-2f87f3e378c2" testId="7923ee32-0c4b-d942-01cc-b423129530c3" testName="Gaode.Communication.Tests.Devices.HandshakeClosureTests.TransitionOwnsDeviceUntilRealSqliteSaveReceipt(failReceipt: False, puttingBack: False)" computerName="DEMO" duration="00:00:01.0580941" startTime="2026-10-08T03:23:01.1546679+08:00" endTime="2026-10-08T03:23:02.2127276+08:00" testType="13cdc9d9-ddb5-4fa4-a97d-d965ccfc6d4b" outcome="Passed" testListId="8c84fa94-04c1-424b-9868-57a2d4851a1d" relativeResultsDirectory="bbabf1fb-d677-415d-95e4-2f87f3e378c2" />
    <UnitTestResult executionId="a3f86682-2005-4a28-a81a-b9a603917396" testId="dd0771af-630c-084d-5774-5c6b7e29d385" testName="Gaode.Communication.Tests.Devices.HandshakeClosureTests.TransitionOwnsDeviceUntilRealSqliteSaveReceipt(failReceipt: True, puttingBack: False)" computerName="DEMO" duration="00:00:00.9486722" startTime="2026-10-08T03:23:02.2128093+08:00" endTime="2026-10-08T03:23:03.1616768+08:00" testType="13cdc9d9-ddb5-4fa4-a97d-d965ccfc6d4b" outcome="Passed" testListId="8c84fa94-04c1-424b-9868-57a2d4851a1d" relativeResultsDirectory="a3f86682-2005-4a28-a81a-b9a603917396" />
    <UnitTestResult executionId="020378c0-a685-4740-820d-b71984e8583f" testId="0984ea54-3413-17c0-33aa-54984872cad2" testName="Gaode.Communication.Tests.Devices.HandshakeClosureTests.ClearanceRejectsOldOrInvalidReads(fault: &quot;wrong-epoch&quot;)" computerName="DEMO" duration="00:00:00.0001352" startTime="2026-10-08T03:23:07.9017722+08:00" endTime="2026-10-08T03:23:07.9018789+08:00" testType="13cdc9d9-ddb5-4fa4-a97d-d965ccfc6d4b" outcome="Passed" testListId="8c84fa94-04c1-424b-9868-57a2d4851a1d" relativeResultsDirectory="020378c0-a685-4740-820d-b71984e8583f" />
    <UnitTestResult executionId="ffe54289-af29-4860-b1e7-32838b23201d" testId="1c4b9ec4-0ab4-2e40-1081-06d4bf82c5ea" testName="Gaode.Communication.Tests.Devices.SamePositionTests.RepeatedTargetsReuseOnlySatisfiedAxes(x: 11, y: 23, z: 34, expected: &quot;Y,DetectionZ&quot;)" computerName="DEMO" duration="00:00:01.1837615" startTime="2026-10-08T03:22:48.5099781+08:00" endTime="2026-10-08T03:22:49.6938700+08:00" testType="13cdc9d9-ddb5-4fa4-a97d-d965ccfc6d4b" outcome="Passed" testListId="8c84fa94-04c1-424b-9868-57a2d4851a1d" relativeResultsDirectory="ffe54289-af29-4860-b1e7-32838b23201d" />
    <UnitTestResult executionId="873ef864-40f4-40b2-a35e-017f8e7940a9" testId="f519da79-9063-21d2-dfcf-37386682c5c3" testName="Gaode.Communication.Tests.Devices.HandshakeClosureTests.TransitionOwnsDeviceUntilRealSqliteSaveReceipt(failReceipt: False, puttingBack: True)" computerName="DEMO" duration="00:00:01.5086845" startTime="2026-10-08T03:23:03.1617558+08:00" endTime="2026-10-08T03:23:04.6705175+08:00" testType="13cdc9d9-ddb5-4fa4-a97d-d965ccfc6d4b" outcome="Passed" testListId="8c84fa94-04c1-424b-9868-57a2d4851a1d" relativeResultsDirectory="873ef864-40f4-40b2-a35e-017f8e7940a9" />
    <UnitTestResult executionId="c33ce4a1-8411-46da-90af-ece2bb2d0361" testId="1261ce25-b5c7-054b-0dc6-7e0278347d75" testName="Gaode.Communication.Tests.Devices.SamePositionTests.StaticPositionWithoutCurrentClosureMustActuallyDispatch(cause: &quot;drift&quot;)" computerName="DEMO" duration="00:00:01.9436517" startTime="2026-10-08T03:22:51.9222282+08:00" endTime="2026-10-08T03:22:53.8659426+08:00" testType="13cdc9d9-ddb5-4fa4-a97d-d965ccfc6d4b" outcome="Passed" testListId="8c84fa94-04c1-424b-9868-57a2d4851a1d" relativeResultsDirectory="c33ce4a1-8411-46da-90af-ece2bb2d0361" />
    <UnitTestResult executionId="c30263a4-7ce6-44e7-a3aa-de882c0b8ef5" testId="d8dbd12e-c2dd-6023-e8cd-c93c15acfba2" testName="Gaode.Communication.Tests.Devices.HandshakeClosureTests.SortingUsesActualCommitAndFinalSafetyBeforeParentClear(omitIntent: True)" computerName="DEMO" duration="00:00:01.6120161" startTime="2026-10-08T03:23:18.1920234+08:00" endTime="2026-10-08T03:23:19.8039776+08:00" testType="13cdc9d9-ddb5-4fa4-a97d-d965ccfc6d4b" outcome="Passed" testListId="8c84fa94-04c1-424b-9868-57a2d4851a1d" relativeResultsDirectory="c30263a4-7ce6-44e7-a3aa-de882c0b8ef5" />
    <UnitTestResult executionId="0c0e1fd2-52dd-481c-ae5c-967d6b2f684f" testId="48f10811-4144-df39-fe0c-1785342ff15b" testName="Gaode.Communication.Tests.Devices.HandshakeClosureTests.UnknownWriteOrDelayedTransportDoesNotReplay(fault: AxisClearWriteResponseLost)" computerName="DEMO" duration="00:00:00.4397940" startTime="2026-10-08T03:23:06.3867344+08:00" endTime="2026-10-08T03:23:06.8267470+08:00" testType="13cdc9d9-ddb5-4fa4-a97d-d965ccfc6d4b" outcome="Passed" testListId="8c84fa94-04c1-424b-9868-57a2d4851a1d" relativeResultsDirectory="0c0e1fd2-52dd-481c-ae5c-967d6b2f684f" />
    <UnitTestResult executionId="350bbdcb-691c-453c-b335-ef2c2266bc6e" testId="33b7965e-168e-f3cd-2ab0-1b9073b87661" testName="Gaode.Communication.Tests.Devices.SamePositionTests.StaticPositionWithoutCurrentClosureMustActuallyDispatch(cause: &quot;initial&quot;)" computerName="DEMO" duration="00:00:01.2502712" startTime="2026-10-08T03:22:50.6717784+08:00" endTime="2026-10-08T03:22:51.9221221+08:00" testType="13cdc9d9-ddb5-4fa4-a97d-d965ccfc6d4b" outcome="Passed" testListId="8c84fa94-04c1-424b-9868-57a2d4851a1d" relativeResultsDirectory="350bbdcb-691c-453c-b335-ef2c2266bc6e" />
    <UnitTestResult executionId="32429b6b-a6b6-4fa2-b8c5-daf04588ecf7" testId="66a52e9f-c6d7-f433-1542-ed9d67c24f2c" testName="Gaode.Communication.Tests.Devices.HandshakeClosureTests.TransitionOwnsDeviceUntilRealSqliteSaveReceipt(failReceipt: True, puttingBack: True)" computerName="DEMO" duration="00:00:01.7159532" startTime="2026-10-08T03:23:04.6706064+08:00" endTime="2026-10-08T03:23:06.3866368+08:00" testType="13cdc9d9-ddb5-4fa4-a97d-d965ccfc6d4b" outcome="Passed" testListId="8c84fa94-04c1-424b-9868-57a2d4851a1d" relativeResultsDirectory="32429b6b-a6b6-4fa2-b8c5-daf04588ecf7" />
    <UnitTestResult executionId="7fbde871-e10c-467d-b356-2009c9e08995" testId="274fa7c0-a5a9-d22f-e366-fd91b7732bc9" testName="Gaode.Communication.Tests.Devices.HandshakeClosureTests.UnknownWriteOrDelayedTransportDoesNotReplay(fault: AxisWriteResponseLost)" computerName="DEMO" duration="00:00:00.0340669" startTime="2026-10-08T03:23:06.8268809+08:00" endTime="2026-10-08T03:23:06.8610055+08:00" testType="13cdc9d9-ddb5-4fa4-a97d-d965ccfc6d4b" outcome="Passed" testListId="8c84fa94-04c1-424b-9868-57a2d4851a1d" relativeResultsDirectory="7fbde871-e10c-467d-b356-2009c9e08995" />
    <UnitTestResult executionId="2a43dce4-3a09-4447-82c9-865ab15aa8b6" testId="427fb3d9-6aa1-ee38-7f22-3d27174b0f47" testName="Gaode.Communication.Tests.Devices.HandshakeClosureTests.UnknownWriteOrDelayedTransportDoesNotReplay(fault: AxisResponseDelayed)" computerName="DEMO" duration="00:00:01.0399746" startTime="2026-10-08T03:23:06.8610818+08:00" endTime="2026-10-08T03:23:07.9011370+08:00" testType="13cdc9d9-ddb5-4fa4-a97d-d965ccfc6d4b" outcome="Passed" testListId="8c84fa94-04c1-424b-9868-57a2d4851a1d" relativeResultsDirectory="2a43dce4-3a09-4447-82c9-865ab15aa8b6" />
    <UnitTestResult executionId="139fcd93-fc2a-4136-8c89-7631fedefc85" testId="98ca9c73-5985-d763-20be-d1f61c44c00b" testName="Gaode.Communication.Tests.Devices.MemberGripperTests.ExistingCommunicationHandshakeSwitchesOneTwoAndReusesTwo" computerName="DEMO" duration="00:00:01.1924556" startTime="2026-10-08T03:22:46.4165272+08:00" endTime="2026-10-08T03:22:47.6123753+08:00" testType="13cdc9d9-ddb5-4fa4-a97d-d965ccfc6d4b" outcome="Passed" testListId="8c84fa94-04c1-424b-9868-57a2d4851a1d" relativeResultsDirectory="139fcd93-fc2a-4136-8c89-7631fedefc85" />
    <UnitTestResult executionId="eca7b103-c04b-473c-b222-6e7409748062" testId="403dd66a-9951-0caa-b652-3226f7c597bf" testName="Gaode.Communication.Tests.Devices.HandshakeClosureTests.SortingUsesActualCommitAndFinalSafetyBeforeParentClear(omitIntent: False)" computerName="DEMO" duration="00:00:06.0106700" startTime="2026-10-08T03:23:12.1810156+08:00" endTime="2026-10-08T03:23:18.1918062+08:00" testType="13cdc9d9-ddb5-4fa4-a97d-d965ccfc6d4b" outcome="Passed" testListId="8c84fa94-04c1-424b-9868-57a2d4851a1d" relativeResultsDirectory="eca7b103-c04b-473c-b222-6e7409748062" />
    <UnitTestResult executionId="a25fe479-8571-4964-b5bd-f74cc0823de6" testId="7d106857-df16-65f4-742a-0daf6223ecf0" testName="Gaode.Communication.Tests.Devices.HandshakeClosureTests.ClearanceRejectsOldOrInvalidReads(fault: &quot;expired&quot;)" computerName="DEMO" duration="00:00:00.0000125" startTime="2026-10-08T03:23:07.9019035+08:00" endTime="2026-10-08T03:23:07.9019136+08:00" testType="13cdc9d9-ddb5-4fa4-a97d-d965ccfc6d4b" outcome="Passed" testListId="8c84fa94-04c1-424b-9868-57a2d4851a1d" relativeResultsDirectory="a25fe479-8571-4964-b5bd-f74cc0823de6" />
    <UnitTestResult executionId="a5f473ea-0c71-4e38-9e3b-08d8599a7cdb" testId="e079763c-525f-3552-0911-348a04c49a5c" testName="Gaode.Communication.Tests.SiteProtocolAdaptationTests.SiteAlarmZeroNeverOverridesCurtainDoorOrIndependentFaultAndUnknownSafetyNeverMoves" computerName="DEMO" duration="00:00:02.0414498" startTime="2026-10-08T03:22:46.4933007+08:00" endTime="2026-10-08T03:22:48.5346131+08:00" testType="13cdc9d9-ddb5-4fa4-a97d-d965ccfc6d4b" outcome="Passed" testListId="8c84fa94-04c1-424b-9868-57a2d4851a1d" relativeResultsDirectory="a5f473ea-0c71-4e38-9e3b-08d8599a7cdb" />
  </Results>
  <TestDefinitions>
    <UnitTest name="Gaode.Communication.Tests.Devices.MemberGripperTests.OldGroupCanBeReadButCannotSaveOrStartWithMissingMemberGripper" storage="d:\gaode\backend\tests\gaode.communication.tests\bin\debug\net10.0\gaode.communication.tests.dll" id="ba6c7508-d975-37ef-4407-54b865ae3c0a">
      <Execution id="6a5f949f-d4f0-4871-8821-c44cf94f4c1f" />
      <TestMethod codeBase="D:\gaode\backend\tests\Gaode.Communication.Tests\bin\Debug\net10.0\Gaode.Communication.Tests.dll" adapterTypeName="executor://xunit/VsTestRunner3/netcore/" className="Gaode.Communication.Tests.Devices.MemberGripperTests" name="OldGroupCanBeReadButCannotSaveOrStartWithMissingMemberGripper" />
    </UnitTest>
    <UnitTest name="Gaode.Communication.Tests.Devices.SamePositionTests.StaticPositionWithoutCurrentClosureMustActuallyDispatch(cause: &quot;reset&quot;)" storage="d:\gaode\backend\tests\gaode.communication.tests\bin\debug\net10.0\gaode.communication.tests.dll" id="fa4d4887-c499-e285-2f8d-768e6554fc22">
      <Execution id="70fe3fe9-a4b8-417c-a47f-c2d401bcd1ba" />
      <TestMethod codeBase="D:\gaode\backend\tests\Gaode.Communication.Tests\bin\Debug\net10.0\Gaode.Communication.Tests.dll" adapterTypeName="executor://xunit/VsTestRunner3/netcore/" className="Gaode.Communication.Tests.Devices.SamePositionTests" name="StaticPositionWithoutCurrentClosureMustActuallyDispatch" />
    </UnitTest>
    <UnitTest name="Gaode.Communication.Tests.Devices.MemberGripperTests.ExistingCommunicationHandshakeSwitchesOneTwoAndReusesTwo" storage="d:\gaode\backend\tests\gaode.communication.tests\bin\debug\net10.0\gaode.communication.tests.dll" id="98ca9c73-5985-d763-20be-d1f61c44c00b">
      <Execution id="139fcd93-fc2a-4136-8c89-7631fedefc85" />
      <TestMethod codeBase="D:\gaode\backend\tests\Gaode.Communication.Tests\bin\Debug\net10.0\Gaode.Communication.Tests.dll" adapterTypeName="executor://xunit/VsTestRunner3/netcore/" className="Gaode.Communication.Tests.Devices.MemberGripperTests" name="ExistingCommunicationHandshakeSwitchesOneTwoAndReusesTwo" />
    </UnitTest>
    <UnitTest name="Gaode.Communication.Tests.Devices.HandshakeClosureTests.DelayedClearHoldsOwnershipAndPreservesArrivalEvidence" storage="d:\gaode\backend\tests\gaode.communication.tests\bin\debug\net10.0\gaode.communication.tests.dll" id="2dd942b7-93ed-b025-8709-5ea78f33b167">
      <Execution id="72556018-00f3-4212-939a-89b2628ae09d" />
      <TestMethod codeBase="D:\gaode\backend\tests\Gaode.Communication.Tests\bin\Debug\net10.0\Gaode.Communication.Tests.dll" adapterTypeName="executor://xunit/VsTestRunner3/netcore/" className="Gaode.Communication.Tests.Devices.HandshakeClosureTests" name="DelayedClearHoldsOwnershipAndPreservesArrivalEvidence" />
    </UnitTest>
    <UnitTest name="Gaode.Communication.Tests.Devices.HandshakeClosureTests.TransitionOwnsDeviceUntilRealSqliteSaveReceipt(failReceipt: False, puttingBack: False)" storage="d:\gaode\backend\tests\gaode.communication.tests\bin\debug\net10.0\gaode.communication.tests.dll" id="7923ee32-0c4b-d942-01cc-b423129530c3">
      <Execution id="bbabf1fb-d677-415d-95e4-2f87f3e378c2" />
      <TestMethod codeBase="D:\gaode\backend\tests\Gaode.Communication.Tests\bin\Debug\net10.0\Gaode.Communication.Tests.dll" adapterTypeName="executor://xunit/VsTestRunner3/netcore/" className="Gaode.Communication.Tests.Devices.HandshakeClosureTests" name="TransitionOwnsDeviceUntilRealSqliteSaveReceipt" />
    </UnitTest>
    <UnitTest name="Gaode.Communication.Tests.Devices.SamePositionTests.RepeatedTargetsReuseOnlySatisfiedAxes(x: 11, y: 22, z: 33, expected: &quot;&quot;)" storage="d:\gaode\backend\tests\gaode.communication.tests\bin\debug\net10.0\gaode.communication.tests.dll" id="3c5d4162-ff76-8c58-c986-e3f55b02d763">
      <Execution id="9a856c66-1c17-482d-aba9-8f5053962562" />
      <TestMethod codeBase="D:\gaode\backend\tests\Gaode.Communication.Tests\bin\Debug\net10.0\Gaode.Communication.Tests.dll" adapterTypeName="executor://xunit/VsTestRunner3/netcore/" className="Gaode.Communication.Tests.Devices.SamePositionTests" name="RepeatedTargetsReuseOnlySatisfiedAxes" />
    </UnitTest>
    <UnitTest name="Gaode.Communication.Tests.Devices.HandshakeClosureTests.TransitionOwnsDeviceUntilRealSqliteSaveReceipt(failReceipt: False, puttingBack: True)" storage="d:\gaode\backend\tests\gaode.communication.tests\bin\debug\net10.0\gaode.communication.tests.dll" id="f519da79-9063-21d2-dfcf-37386682c5c3">
      <Execution id="873ef864-40f4-40b2-a35e-017f8e7940a9" />
      <TestMethod codeBase="D:\gaode\backend\tests\Gaode.Communication.Tests\bin\Debug\net10.0\Gaode.Communication.Tests.dll" adapterTypeName="executor://xunit/VsTestRunner3/netcore/" className="Gaode.Communication.Tests.Devices.HandshakeClosureTests" name="TransitionOwnsDeviceUntilRealSqliteSaveReceipt" />
    </UnitTest>
    <UnitTest name="Gaode.Communication.Tests.Devices.HandshakeClosureTests.FlipHoldsParentUntilPutBackWithItsOwnWindow" storage="d:\gaode\backend\tests\gaode.communication.tests\bin\debug\net10.0\gaode.communication.tests.dll" id="3dd2ceb6-1280-4b99-9784-9725f0c0f505">
      <Execution id="7fc66d00-2cfc-4c53-b92b-5187bd5e0c51" />
      <TestMethod codeBase="D:\gaode\backend\tests\Gaode.Communication.Tests\bin\Debug\net10.0\Gaode.Communication.Tests.dll" adapterTypeName="executor://xunit/VsTestRunner3/netcore/" className="Gaode.Communication.Tests.Devices.HandshakeClosureTests" name="FlipHoldsParentUntilPutBackWithItsOwnWindow" />
    </UnitTest>
    <UnitTest name="Gaode.Communication.Tests.Devices.HandshakeClosureTests.UnknownWriteOrDelayedTransportDoesNotReplay(fault: AxisClearWriteResponseLost)" storage="d:\gaode\backend\tests\gaode.communication.tests\bin\debug\net10.0\gaode.communication.tests.dll" id="48f10811-4144-df39-fe0c-1785342ff15b">
      <Execution id="0c0e1fd2-52dd-481c-ae5c-967d6b2f684f" />
      <TestMethod codeBase="D:\gaode\backend\tests\Gaode.Communication.Tests\bin\Debug\net10.0\Gaode.Communication.Tests.dll" adapterTypeName="executor://xunit/VsTestRunner3/netcore/" className="Gaode.Communication.Tests.Devices.HandshakeClosureTests" name="UnknownWriteOrDelayedTransportDoesNotReplay" />
    </UnitTest>
    <UnitTest name="Gaode.Communication.Tests.Devices.HandshakeClosureTests.SortingUsesActualCommitAndFinalSafetyBeforeParentClear(omitIntent: False)" storage="d:\gaode\backend\tests\gaode.communication.tests\bin\debug\net10.0\gaode.communication.tests.dll" id="403dd66a-9951-0caa-b652-3226f7c597bf">
      <Execution id="eca7b103-c04b-473c-b222-6e7409748062" />
      <TestMethod codeBase="D:\gaode\backend\tests\Gaode.Communication.Tests\bin\Debug\net10.0\Gaode.Communication.Tests.dll" adapterTypeName="executor://xunit/VsTestRunner3/netcore/" className="Gaode.Communication.Tests.Devices.HandshakeClosureTests" name="SortingUsesActualCommitAndFinalSafetyBeforeParentClear" />
    </UnitTest>
    <UnitTest name="Gaode.Communication.Tests.Devices.HandshakeClosureTests.DisconnectWhileWaitingClearCannotStartSuccessor" storage="d:\gaode\backend\tests\gaode.communication.tests\bin\debug\net10.0\gaode.communication.tests.dll" id="91302dea-0254-6079-2828-0fc1bfdaa4d4">
      <Execution id="322f97a8-9a6f-43b5-8c63-b9b587e51eda" />
      <TestMethod codeBase="D:\gaode\backend\tests\Gaode.Communication.Tests\bin\Debug\net10.0\Gaode.Communication.Tests.dll" adapterTypeName="executor://xunit/VsTestRunner3/netcore/" className="Gaode.Communication.Tests.Devices.HandshakeClosureTests" name="DisconnectWhileWaitingClearCannotStartSuccessor" />
    </UnitTest>
    <UnitTest name="Gaode.Communication.Tests.Devices.HandshakeClosureTests.UnknownWriteOrDelayedTransportDoesNotReplay(fault: AxisWriteResponseLost)" storage="d:\gaode\backend\tests\gaode.communication.tests\bin\debug\net10.0\gaode.communication.tests.dll" id="274fa7c0-a5a9-d22f-e366-fd91b7732bc9">
      <Execution id="7fbde871-e10c-467d-b356-2009c9e08995" />
      <TestMethod codeBase="D:\gaode\backend\tests\Gaode.Communication.Tests\bin\Debug\net10.0\Gaode.Communication.Tests.dll" adapterTypeName="executor://xunit/VsTestRunner3/netcore/" className="Gaode.Communication.Tests.Devices.HandshakeClosureTests" name="UnknownWriteOrDelayedTransportDoesNotReplay" />
    </UnitTest>
    <UnitTest name="Gaode.Communication.Tests.Devices.HandshakeClosureTests.ClearanceRejectsOldOrInvalidReads(fault: &quot;before-write&quot;)" storage="d:\gaode\backend\tests\gaode.communication.tests\bin\debug\net10.0\gaode.communication.tests.dll" id="9b2c71a5-148f-acf0-20a4-e4f44241ebeb">
      <Execution id="2900493f-cb9b-49fe-a230-59900c9cec33" />
      <TestMethod codeBase="D:\gaode\backend\tests\Gaode.Communication.Tests\bin\Debug\net10.0\Gaode.Communication.Tests.dll" adapterTypeName="executor://xunit/VsTestRunner3/netcore/" className="Gaode.Communication.Tests.Devices.HandshakeClosureTests" name="ClearanceRejectsOldOrInvalidReads" />
    </UnitTest>
    <UnitTest name="Gaode.Communication.Tests.Devices.SamePositionTests.StaticPositionWithoutCurrentClosureMustActuallyDispatch(cause: &quot;drift&quot;)" storage="d:\gaode\backend\tests\gaode.communication.tests\bin\debug\net10.0\gaode.communication.tests.dll" id="1261ce25-b5c7-054b-0dc6-7e0278347d75">
      <Execution id="c33ce4a1-8411-46da-90af-ece2bb2d0361" />
      <TestMethod codeBase="D:\gaode\backend\tests\Gaode.Communication.Tests\bin\Debug\net10.0\Gaode.Communication.Tests.dll" adapterTypeName="executor://xunit/VsTestRunner3/netcore/" className="Gaode.Communication.Tests.Devices.SamePositionTests" name="StaticPositionWithoutCurrentClosureMustActuallyDispatch" />
    </UnitTest>
    <UnitTest name="Gaode.Communication.Tests.SiteProtocolAdaptationTests.SiteAlarmZeroNeverOverridesCurtainDoorOrIndependentFaultAndUnknownSafetyNeverMoves" storage="d:\gaode\backend\tests\gaode.communication.tests\bin\debug\net10.0\gaode.communication.tests.dll" id="e079763c-525f-3552-0911-348a04c49a5c">
      <Execution id="a5f473ea-0c71-4e38-9e3b-08d8599a7cdb" />
      <TestMethod codeBase="D:\gaode\backend\tests\Gaode.Communication.Tests\bin\Debug\net10.0\Gaode.Communication.Tests.dll" adapterTypeName="executor://xunit/VsTestRunner3/netcore/" className="Gaode.Communication.Tests.SiteProtocolAdaptationTests" name="SiteAlarmZeroNeverOverridesCurtainDoorOrIndependentFaultAndUnknownSafetyNeverMoves" />
    </UnitTest>
    <UnitTest name="Gaode.Communication.Tests.SiteProtocolAdaptationTests.ConfirmedSiteDefinitionUsesRealTypesAndHasNoRetiredTeachingRequirement" storage="d:\gaode\backend\tests\gaode.communication.tests\bin\debug\net10.0\gaode.communication.tests.dll" id="f565c066-da1b-b4d2-a40f-7c3a23ba26af">
      <Execution id="1b31055a-71dc-40de-8aaa-d3b282660631" />
      <TestMethod codeBase="D:\gaode\backend\tests\Gaode.Communication.Tests\bin\Debug\net10.0\Gaode.Communication.Tests.dll" adapterTypeName="executor://xunit/VsTestRunner3/netcore/" className="Gaode.Communication.Tests.SiteProtocolAdaptationTests" name="ConfirmedSiteDefinitionUsesRealTypesAndHasNoRetiredTeachingRequirement" />
    </UnitTest>
    <UnitTest name="Gaode.Communication.Tests.Devices.HandshakeClosureTests.SixAxisMappingsClearIndependentlyAndRepeat" storage="d:\gaode\backend\tests\gaode.communication.tests\bin\debug\net10.0\gaode.communication.tests.dll" id="c7d7d52d-ccc4-2f63-3800-5bd5d89e13a1">
      <Execution id="045ca0e1-ba76-476c-9ae6-4ae5ec4ce7c4" />
      <TestMethod codeBase="D:\gaode\backend\tests\Gaode.Communication.Tests\bin\Debug\net10.0\Gaode.Communication.Tests.dll" adapterTypeName="executor://xunit/VsTestRunner3/netcore/" className="Gaode.Communication.Tests.Devices.HandshakeClosureTests" name="SixAxisMappingsClearIndependentlyAndRepeat" />
    </UnitTest>
    <UnitTest name="Gaode.Communication.Tests.Devices.HandshakeClosureTests.ClearanceRejectsOldOrInvalidReads(fault: &quot;expired&quot;)" storage="d:\gaode\backend\tests\gaode.communication.tests\bin\debug\net10.0\gaode.communication.tests.dll" id="7d106857-df16-65f4-742a-0daf6223ecf0">
      <Execution id="a25fe479-8571-4964-b5bd-f74cc0823de6" />
      <TestMethod codeBase="D:\gaode\backend\tests\Gaode.Communication.Tests\bin\Debug\net10.0\Gaode.Communication.Tests.dll" adapterTypeName="executor://xunit/VsTestRunner3/netcore/" className="Gaode.Communication.Tests.Devices.HandshakeClosureTests" name="ClearanceRejectsOldOrInvalidReads" />
    </UnitTest>
    <UnitTest name="Gaode.Communication.Tests.SiteProtocolAdaptationTests.SiteTcpUsesRealModelEncodingIntPoseAndRejectsAlarmWritesBeforeDispatch" storage="d:\gaode\backend\tests\gaode.communication.tests\bin\debug\net10.0\gaode.communication.tests.dll" id="380d3b26-3591-42a0-c59f-c24ae4deb691">
      <Execution id="d1212c27-0d90-48d1-b2f5-0a069ea802d3" />
      <TestMethod codeBase="D:\gaode\backend\tests\Gaode.Communication.Tests\bin\Debug\net10.0\Gaode.Communication.Tests.dll" adapterTypeName="executor://xunit/VsTestRunner3/netcore/" className="Gaode.Communication.Tests.SiteProtocolAdaptationTests" name="SiteTcpUsesRealModelEncodingIntPoseAndRejectsAlarmWritesBeforeDispatch" />
    </UnitTest>
    <UnitTest name="Gaode.Communication.Tests.Devices.MemberGripperTests.SaveReloadFreezeAndResolveMembersWithoutChangingSinglePart" storage="d:\gaode\backend\tests\gaode.communication.tests\bin\debug\net10.0\gaode.communication.tests.dll" id="acc1b58a-c152-4882-bf80-bec9be8cf327">
      <Execution id="e8d4ab48-2d0f-40b9-a67d-ad46fa044765" />
      <TestMethod codeBase="D:\gaode\backend\tests\Gaode.Communication.Tests\bin\Debug\net10.0\Gaode.Communication.Tests.dll" adapterTypeName="executor://xunit/VsTestRunner3/netcore/" className="Gaode.Communication.Tests.Devices.MemberGripperTests" name="SaveReloadFreezeAndResolveMembersWithoutChangingSinglePart" />
    </UnitTest>
    <UnitTest name="Gaode.Communication.Tests.Devices.SamePositionTests.RepeatedTargetsReuseOnlySatisfiedAxes(x: 11, y: 23, z: 34, expected: &quot;Y,DetectionZ&quot;)" storage="d:\gaode\backend\tests\gaode.communication.tests\bin\debug\net10.0\gaode.communication.tests.dll" id="1c4b9ec4-0ab4-2e40-1081-06d4bf82c5ea">
      <Execution id="ffe54289-af29-4860-b1e7-32838b23201d" />
      <TestMethod codeBase="D:\gaode\backend\tests\Gaode.Communication.Tests\bin\Debug\net10.0\Gaode.Communication.Tests.dll" adapterTypeName="executor://xunit/VsTestRunner3/netcore/" className="Gaode.Communication.Tests.Devices.SamePositionTests" name="RepeatedTargetsReuseOnlySatisfiedAxes" />
    </UnitTest>
    <UnitTest name="Gaode.Communication.Tests.Devices.HandshakeClosureTests.TransitionOwnsDeviceUntilRealSqliteSaveReceipt(failReceipt: True, puttingBack: False)" storage="d:\gaode\backend\tests\gaode.communication.tests\bin\debug\net10.0\gaode.communication.tests.dll" id="dd0771af-630c-084d-5774-5c6b7e29d385">
      <Execution id="a3f86682-2005-4a28-a81a-b9a603917396" />
      <TestMethod codeBase="D:\gaode\backend\tests\Gaode.Communication.Tests\bin\Debug\net10.0\Gaode.Communication.Tests.dll" adapterTypeName="executor://xunit/VsTestRunner3/netcore/" className="Gaode.Communication.Tests.Devices.HandshakeClosureTests" name="TransitionOwnsDeviceUntilRealSqliteSaveReceipt" />
    </UnitTest>
    <UnitTest name="Gaode.Communication.Tests.Devices.HandshakeClosureTests.SortingUsesActualCommitAndFinalSafetyBeforeParentClear(omitIntent: True)" storage="d:\gaode\backend\tests\gaode.communication.tests\bin\debug\net10.0\gaode.communication.tests.dll" id="d8dbd12e-c2dd-6023-e8cd-c93c15acfba2">
      <Execution id="c30263a4-7ce6-44e7-a3aa-de882c0b8ef5" />
      <TestMethod codeBase="D:\gaode\backend\tests\Gaode.Communication.Tests\bin\Debug\net10.0\Gaode.Communication.Tests.dll" adapterTypeName="executor://xunit/VsTestRunner3/netcore/" className="Gaode.Communication.Tests.Devices.HandshakeClosureTests" name="SortingUsesActualCommitAndFinalSafetyBeforeParentClear" />
    </UnitTest>
    <UnitTest name="Gaode.Communication.Tests.Devices.SamePositionTests.RepeatedTargetsReuseOnlySatisfiedAxes(x: 12, y: 22, z: 33, expected: &quot;X&quot;)" storage="d:\gaode\backend\tests\gaode.communication.tests\bin\debug\net10.0\gaode.communication.tests.dll" id="47675aff-3a4d-eeb6-cf81-89be75b16f06">
      <Execution id="23c5bac7-a417-4464-91e5-8728c9452b8c" />
      <TestMethod codeBase="D:\gaode\backend\tests\Gaode.Communication.Tests\bin\Debug\net10.0\Gaode.Communication.Tests.dll" adapterTypeName="executor://xunit/VsTestRunner3/netcore/" className="Gaode.Communication.Tests.Devices.SamePositionTests" name="RepeatedTargetsReuseOnlySatisfiedAxes" />
    </UnitTest>
    <UnitTest name="Gaode.Communication.Tests.Devices.HandshakeClosureTests.NoClearTimeoutAndLateZeroNeverAuthorizeAnotherRequest" storage="d:\gaode\backend\tests\gaode.communication.tests\bin\debug\net10.0\gaode.communication.tests.dll" id="47cace73-f00c-f337-0a02-9a2cc1bf51a8">
      <Execution id="b9dda091-0876-4ed0-be2f-a3443140a9b7" />
      <TestMethod codeBase="D:\gaode\backend\tests\Gaode.Communication.Tests\bin\Debug\net10.0\Gaode.Communication.Tests.dll" adapterTypeName="executor://xunit/VsTestRunner3/netcore/" className="Gaode.Communication.Tests.Devices.HandshakeClosureTests" name="NoClearTimeoutAndLateZeroNeverAuthorizeAnotherRequest" />
    </UnitTest>
    <UnitTest name="Gaode.Communication.Tests.Devices.HandshakeClosureTests.UnknownWriteOrDelayedTransportDoesNotReplay(fault: AxisResponseDelayed)" storage="d:\gaode\backend\tests\gaode.communication.tests\bin\debug\net10.0\gaode.communication.tests.dll" id="427fb3d9-6aa1-ee38-7f22-3d27174b0f47">
      <Execution id="2a43dce4-3a09-4447-82c9-865ab15aa8b6" />
      <TestMethod codeBase="D:\gaode\backend\tests\Gaode.Communication.Tests\bin\Debug\net10.0\Gaode.Communication.Tests.dll" adapterTypeName="executor://xunit/VsTestRunner3/netcore/" className="Gaode.Communication.Tests.Devices.HandshakeClosureTests" name="UnknownWriteOrDelayedTransportDoesNotReplay" />
    </UnitTest>
    <UnitTest name="Gaode.Communication.Tests.Devices.HandshakeClosureTests.TransitionOwnsDeviceUntilRealSqliteSaveReceipt(failReceipt: True, puttingBack: True)" storage="d:\gaode\backend\tests\gaode.communication.tests\bin\debug\net10.0\gaode.communication.tests.dll" id="66a52e9f-c6d7-f433-1542-ed9d67c24f2c">
      <Execution id="32429b6b-a6b6-4fa2-b8c5-daf04588ecf7" />
      <TestMethod codeBase="D:\gaode\backend\tests\Gaode.Communication.Tests\bin\Debug\net10.0\Gaode.Communication.Tests.dll" adapterTypeName="executor://xunit/VsTestRunner3/netcore/" className="Gaode.Communication.Tests.Devices.HandshakeClosureTests" name="TransitionOwnsDeviceUntilRealSqliteSaveReceipt" />
    </UnitTest>
    <UnitTest name="Gaode.Communication.Tests.Devices.HandshakeClosureTests.ClearanceRejectsOldOrInvalidReads(fault: &quot;wrong-epoch&quot;)" storage="d:\gaode\backend\tests\gaode.communication.tests\bin\debug\net10.0\gaode.communication.tests.dll" id="0984ea54-3413-17c0-33aa-54984872cad2">
      <Execution id="020378c0-a685-4740-820d-b71984e8583f" />
      <TestMethod codeBase="D:\gaode\backend\tests\Gaode.Communication.Tests\bin\Debug\net10.0\Gaode.Communication.Tests.dll" adapterTypeName="executor://xunit/VsTestRunner3/netcore/" className="Gaode.Communication.Tests.Devices.HandshakeClosureTests" name="ClearanceRejectsOldOrInvalidReads" />
    </UnitTest>
    <UnitTest name="Gaode.Communication.Tests.Devices.SamePositionTests.StaticPositionWithoutCurrentClosureMustActuallyDispatch(cause: &quot;initial&quot;)" storage="d:\gaode\backend\tests\gaode.communication.tests\bin\debug\net10.0\gaode.communication.tests.dll" id="33b7965e-168e-f3cd-2ab0-1b9073b87661">
      <Execution id="350bbdcb-691c-453c-b335-ef2c2266bc6e" />
      <TestMethod codeBase="D:\gaode\backend\tests\Gaode.Communication.Tests\bin\Debug\net10.0\Gaode.Communication.Tests.dll" adapterTypeName="executor://xunit/VsTestRunner3/netcore/" className="Gaode.Communication.Tests.Devices.SamePositionTests" name="StaticPositionWithoutCurrentClosureMustActuallyDispatch" />
    </UnitTest>
  </TestDefinitions>
  <TestEntries>
    <TestEntry testId="ba6c7508-d975-37ef-4407-54b865ae3c0a" executionId="6a5f949f-d4f0-4871-8821-c44cf94f4c1f" testListId="8c84fa94-04c1-424b-9868-57a2d4851a1d" />
    <TestEntry testId="380d3b26-3591-42a0-c59f-c24ae4deb691" executionId="d1212c27-0d90-48d1-b2f5-0a069ea802d3" testListId="8c84fa94-04c1-424b-9868-57a2d4851a1d" />
    <TestEntry testId="3dd2ceb6-1280-4b99-9784-9725f0c0f505" executionId="7fc66d00-2cfc-4c53-b92b-5187bd5e0c51" testListId="8c84fa94-04c1-424b-9868-57a2d4851a1d" />
    <TestEntry testId="47675aff-3a4d-eeb6-cf81-89be75b16f06" executionId="23c5bac7-a417-4464-91e5-8728c9452b8c" testListId="8c84fa94-04c1-424b-9868-57a2d4851a1d" />
    <TestEntry testId="91302dea-0254-6079-2828-0fc1bfdaa4d4" executionId="322f97a8-9a6f-43b5-8c63-b9b587e51eda" testListId="8c84fa94-04c1-424b-9868-57a2d4851a1d" />
    <TestEntry testId="2dd942b7-93ed-b025-8709-5ea78f33b167" executionId="72556018-00f3-4212-939a-89b2628ae09d" testListId="8c84fa94-04c1-424b-9868-57a2d4851a1d" />
    <TestEntry testId="3c5d4162-ff76-8c58-c986-e3f55b02d763" executionId="9a856c66-1c17-482d-aba9-8f5053962562" testListId="8c84fa94-04c1-424b-9868-57a2d4851a1d" />
    <TestEntry testId="fa4d4887-c499-e285-2f8d-768e6554fc22" executionId="70fe3fe9-a4b8-417c-a47f-c2d401bcd1ba" testListId="8c84fa94-04c1-424b-9868-57a2d4851a1d" />
    <TestEntry testId="f565c066-da1b-b4d2-a40f-7c3a23ba26af" executionId="1b31055a-71dc-40de-8aaa-d3b282660631" testListId="8c84fa94-04c1-424b-9868-57a2d4851a1d" />
    <TestEntry testId="47cace73-f00c-f337-0a02-9a2cc1bf51a8" executionId="b9dda091-0876-4ed0-be2f-a3443140a9b7" testListId="8c84fa94-04c1-424b-9868-57a2d4851a1d" />
    <TestEntry testId="acc1b58a-c152-4882-bf80-bec9be8cf327" executionId="e8d4ab48-2d0f-40b9-a67d-ad46fa044765" testListId="8c84fa94-04c1-424b-9868-57a2d4851a1d" />
    <TestEntry testId="9b2c71a5-148f-acf0-20a4-e4f44241ebeb" executionId="2900493f-cb9b-49fe-a230-59900c9cec33" testListId="8c84fa94-04c1-424b-9868-57a2d4851a1d" />
    <TestEntry testId="c7d7d52d-ccc4-2f63-3800-5bd5d89e13a1" executionId="045ca0e1-ba76-476c-9ae6-4ae5ec4ce7c4" testListId="8c84fa94-04c1-424b-9868-57a2d4851a1d" />
    <TestEntry testId="7923ee32-0c4b-d942-01cc-b423129530c3" executionId="bbabf1fb-d677-415d-95e4-2f87f3e378c2" testListId="8c84fa94-04c1-424b-9868-57a2d4851a1d" />
    <TestEntry testId="dd0771af-630c-084d-5774-5c6b7e29d385" executionId="a3f86682-2005-4a28-a81a-b9a603917396" testListId="8c84fa94-04c1-424b-9868-57a2d4851a1d" />
    <TestEntry testId="0984ea54-3413-17c0-33aa-54984872cad2" executionId="020378c0-a685-4740-820d-b71984e8583f" testListId="8c84fa94-04c1-424b-9868-57a2d4851a1d" />
    <TestEntry testId="1c4b9ec4-0ab4-2e40-1081-06d4bf82c5ea" executionId="ffe54289-af29-4860-b1e7-32838b23201d" testListId="8c84fa94-04c1-424b-9868-57a2d4851a1d" />
    <TestEntry testId="f519da79-9063-21d2-dfcf-37386682c5c3" executionId="873ef864-40f4-40b2-a35e-017f8e7940a9" testListId="8c84fa94-04c1-424b-9868-57a2d4851a1d" />
    <TestEntry testId="1261ce25-b5c7-054b-0dc6-7e0278347d75" executionId="c33ce4a1-8411-46da-90af-ece2bb2d0361" testListId="8c84fa94-04c1-424b-9868-57a2d4851a1d" />
    <TestEntry testId="d8dbd12e-c2dd-6023-e8cd-c93c15acfba2" executionId="c30263a4-7ce6-44e7-a3aa-de882c0b8ef5" testListId="8c84fa94-04c1-424b-9868-57a2d4851a1d" />
    <TestEntry testId="48f10811-4144-df39-fe0c-1785342ff15b" executionId="0c0e1fd2-52dd-481c-ae5c-967d6b2f684f" testListId="8c84fa94-04c1-424b-9868-57a2d4851a1d" />
    <TestEntry testId="33b7965e-168e-f3cd-2ab0-1b9073b87661" executionId="350bbdcb-691c-453c-b335-ef2c2266bc6e" testListId="8c84fa94-04c1-424b-9868-57a2d4851a1d" />
    <TestEntry testId="66a52e9f-c6d7-f433-1542-ed9d67c24f2c" executionId="32429b6b-a6b6-4fa2-b8c5-daf04588ecf7" testListId="8c84fa94-04c1-424b-9868-57a2d4851a1d" />
    <TestEntry testId="274fa7c0-a5a9-d22f-e366-fd91b7732bc9" executionId="7fbde871-e10c-467d-b356-2009c9e08995" testListId="8c84fa94-04c1-424b-9868-57a2d4851a1d" />
    <TestEntry testId="427fb3d9-6aa1-ee38-7f22-3d27174b0f47" executionId="2a43dce4-3a09-4447-82c9-865ab15aa8b6" testListId="8c84fa94-04c1-424b-9868-57a2d4851a1d" />
    <TestEntry testId="98ca9c73-5985-d763-20be-d1f61c44c00b" executionId="139fcd93-fc2a-4136-8c89-7631fedefc85" testListId="8c84fa94-04c1-424b-9868-57a2d4851a1d" />
    <TestEntry testId="403dd66a-9951-0caa-b652-3226f7c597bf" executionId="eca7b103-c04b-473c-b222-6e7409748062" testListId="8c84fa94-04c1-424b-9868-57a2d4851a1d" />
    <TestEntry testId="7d106857-df16-65f4-742a-0daf6223ecf0" executionId="a25fe479-8571-4964-b5bd-f74cc0823de6" testListId="8c84fa94-04c1-424b-9868-57a2d4851a1d" />
    <TestEntry testId="e079763c-525f-3552-0911-348a04c49a5c" executionId="a5f473ea-0c71-4e38-9e3b-08d8599a7cdb" testListId="8c84fa94-04c1-424b-9868-57a2d4851a1d" />
  </TestEntries>
  <TestLists>
    <TestList name="列表中未列出的结果" id="8c84fa94-04c1-424b-9868-57a2d4851a1d" />
    <TestList name="所有已加载的结果" id="19431567-8539-422a-85d7-44ee4e166bda" />
  </TestLists>
  <ResultSummary outcome="Completed">
    <Counters total="29" executed="29" passed="29" failed="0" error="0" timeout="0" aborted="0" inconclusive="0" passedButRunAborted="0" notRunnable="0" notExecuted="0" disconnected="0" warning="0" completed="0" inProgress="0" pending="0" />
    <Output>
      <StdOut>[xUnit.net 00:00:00.00] xUnit.net VSTest Adapter v3.1.5+1b188a7b0a (64-bit .NET 10.0.12)&#xD;
[xUnit.net 00:00:00.14]   Discovering: Gaode.Communication.Tests&#xD;
[xUnit.net 00:00:00.17]   Discovered:  Gaode.Communication.Tests&#xD;
[xUnit.net 00:00:00.19]   Starting:    Gaode.Communication.Tests&#xD;
[xUnit.net 00:00:37.61]   Finished:    Gaode.Communication.Tests&#xD;
</StdOut>
    </Output>
  </ResultSummary>
</TestRun>