<?xml version="1.0" encoding="utf-8"?>
<TestRun id="8c0d39b0-594e-4282-a4c0-d8362b8ea609" name="Administrator@DEMO 2026-10-09 07:26:27" runUser="demo\Administrator" xmlns="http://microsoft.com/schemas/VisualStudio/TeamTest/2010">
  <Times creation="2026-10-09T07:26:27.6845823+08:00" queuing="2026-10-09T07:26:27.6845829+08:00" start="2026-10-09T07:26:25.9741764+08:00" finish="2026-10-09T07:26:45.9907384+08:00" />
  <TestSettings name="default" id="f7c10eb5-f60a-4d34-a5ef-ba021d431b83">
    <Deployment runDeploymentRoot="Administrator_DEMO_2026-10-09_07_26_27" />
  </TestSettings>
  <Results>
    <UnitTestResult executionId="5d2064dc-ccb4-4af1-871f-f0bc2a6e0d9b" testId="8b7e137c-d4aa-faeb-529e-5cdfa59afedd" testName="Gaode.Communication.Tests.SiteOperationHandshakeTests.SafeZeroToleranceIsIndependentOfMotionTolerance(y: 0.20000000000000001, accepted: True)" computerName="DEMO" duration="00:00:00.2720229" startTime="2026-10-09T07:26:28.3216490+08:00" endTime="2026-10-09T07:26:28.5937439+08:00" testType="13cdc9d9-ddb5-4fa4-a97d-d965ccfc6d4b" outcome="Passed" testListId="8c84fa94-04c1-424b-9868-57a2d4851a1d" relativeResultsDirectory="5d2064dc-ccb4-4af1-871f-f0bc2a6e0d9b" />
    <UnitTestResult executionId="5d2e2826-96d3-45b6-8d86-4bc0e8ddb748" testId="fed900f4-32f1-3be8-2cf9-8f9725ae779d" testName="Gaode.Communication.Tests.SiteOperationHandshakeTests.ResidualPcRequestsAreClearedAndReadBeforeSystemResetEdge" computerName="DEMO" duration="00:00:00.0392408" startTime="2026-10-09T07:26:32.3667737+08:00" endTime="2026-10-09T07:26:32.4060886+08:00" testType="13cdc9d9-ddb5-4fa4-a97d-d965ccfc6d4b" outcome="Passed" testListId="8c84fa94-04c1-424b-9868-57a2d4851a1d" relativeResultsDirectory="5d2e2826-96d3-45b6-8d86-4bc0e8ddb748" />
    <UnitTestResult executionId="d85f323c-dc1f-411a-8a6a-ccaf20150e18" testId="33c0e5ad-1a2e-e3a9-2777-50fb737c01b3" testName="Gaode.Communication.Tests.SiteOperationHandshakeTests.RotationRetainsArrivalAcrossTwoChangedAngles" computerName="DEMO" duration="00:00:00.5428177" startTime="2026-10-09T07:26:34.8528586+08:00" endTime="2026-10-09T07:26:35.3957484+08:00" testType="13cdc9d9-ddb5-4fa4-a97d-d965ccfc6d4b" outcome="Passed" testListId="8c84fa94-04c1-424b-9868-57a2d4851a1d" relativeResultsDirectory="d85f323c-dc1f-411a-8a6a-ccaf20150e18" />
    <UnitTestResult executionId="e289d8b0-22fe-4ff2-8021-6d16801b4be3" testId="8fd6cf83-0ad4-f5d2-cd50-e4fe372ea361" testName="Gaode.Communication.Tests.SiteOperationHandshakeTests.ReadyCompletionClearsResetRequestEvenWhenPositionVerificationBlocks" computerName="DEMO" duration="00:00:00.9524696" startTime="2026-10-09T07:26:26.3827147+08:00" endTime="2026-10-09T07:26:27.3403190+08:00" testType="13cdc9d9-ddb5-4fa4-a97d-d965ccfc6d4b" outcome="Passed" testListId="8c84fa94-04c1-424b-9868-57a2d4851a1d" relativeResultsDirectory="e289d8b0-22fe-4ff2-8021-6d16801b4be3" />
    <UnitTestResult executionId="643a2d6a-e655-4154-b894-39c684670882" testId="7bba27fa-4a13-705e-4c88-e7f92383fff6" testName="Gaode.Communication.Tests.SiteOperationHandshakeTests.ResetArrivalCannotSubstituteForCompletedSameCoordinateAction" computerName="DEMO" duration="00:00:00.3359095" startTime="2026-10-09T07:26:27.3460998+08:00" endTime="2026-10-09T07:26:27.6771908+08:00" testType="13cdc9d9-ddb5-4fa4-a97d-d965ccfc6d4b" outcome="Passed" testListId="8c84fa94-04c1-424b-9868-57a2d4851a1d" relativeResultsDirectory="643a2d6a-e655-4154-b894-39c684670882" />
    <UnitTestResult executionId="b4808b95-2a54-4303-8aee-f9e2ea80cd03" testId="3112a5fc-4dd2-bd10-033c-8c81cab69ba0" testName="Gaode.Communication.Tests.SiteOperationHandshakeTests.ResetWaitsForFreshReadyAfterRequestInsteadOfUsingEarlierReady(initiallySoftStopped: False)" computerName="DEMO" duration="00:00:00.3066262" startTime="2026-10-09T07:26:31.8139799+08:00" endTime="2026-10-09T07:26:32.1207155+08:00" testType="13cdc9d9-ddb5-4fa4-a97d-d965ccfc6d4b" outcome="Passed" testListId="8c84fa94-04c1-424b-9868-57a2d4851a1d" relativeResultsDirectory="b4808b95-2a54-4303-8aee-f9e2ea80cd03" />
    <UnitTestResult executionId="b1379030-39fb-486e-b235-f88ca14f1b40" testId="6a459d7e-6ebe-8f31-2f01-0073751cbfd5" testName="Gaode.Communication.Tests.SiteOperationHandshakeTests.AcknowledgedClearWithoutZeroReadbackBlocksSystemReset" computerName="DEMO" duration="00:00:00.0379103" startTime="2026-10-09T07:26:34.7480250+08:00" endTime="2026-10-09T07:26:34.7859955+08:00" testType="13cdc9d9-ddb5-4fa4-a97d-d965ccfc6d4b" outcome="Passed" testListId="8c84fa94-04c1-424b-9868-57a2d4851a1d" relativeResultsDirectory="b1379030-39fb-486e-b235-f88ca14f1b40" />
    <UnitTestResult executionId="81aa3aa2-7f02-4eae-af7b-b9aa57b54695" testId="98ca9731-6a72-1517-3af9-07280117e1e5" testName="Gaode.Communication.Tests.SiteOperationHandshakeTests.ResetWaitsForFreshReadyAfterRequestInsteadOfUsingEarlierReady(initiallySoftStopped: True)" computerName="DEMO" duration="00:00:00.2458502" startTime="2026-10-09T07:26:32.1208315+08:00" endTime="2026-10-09T07:26:32.3666656+08:00" testType="13cdc9d9-ddb5-4fa4-a97d-d965ccfc6d4b" outcome="Passed" testListId="8c84fa94-04c1-424b-9868-57a2d4851a1d" relativeResultsDirectory="81aa3aa2-7f02-4eae-af7b-b9aa57b54695" />
    <UnitTestResult executionId="d08765b6-f92a-4993-a4cd-692d60f6831c" testId="ee8e5b9e-478f-6714-16d9-22fd8350e3e8" testName="Gaode.Communication.Tests.SiteOperationHandshakeTests.ResetCompletesFromFreshReadyOneWithoutObservingZero" computerName="DEMO" duration="00:00:00.0872287" startTime="2026-10-09T07:26:29.1596130+08:00" endTime="2026-10-09T07:26:29.2465731+08:00" testType="13cdc9d9-ddb5-4fa4-a97d-d965ccfc6d4b" outcome="Passed" testListId="8c84fa94-04c1-424b-9868-57a2d4851a1d" relativeResultsDirectory="d08765b6-f92a-4993-a4cd-692d60f6831c" />
    <UnitTestResult executionId="e3460df9-172d-4e5a-9544-4ccb52bbffc6" testId="0a6d705d-d06f-fd58-1d10-5e4b2c57af51" testName="Gaode.Communication.Tests.SiteOperationHandshakeTests.OldArrivalAndEvenTargetCoordinatesCannotCompleteWithoutNewMoving" computerName="DEMO" duration="00:00:01.2725715" startTime="2026-10-09T07:26:30.5413225+08:00" endTime="2026-10-09T07:26:31.8138640+08:00" testType="13cdc9d9-ddb5-4fa4-a97d-d965ccfc6d4b" outcome="Passed" testListId="8c84fa94-04c1-424b-9868-57a2d4851a1d" relativeResultsDirectory="e3460df9-172d-4e5a-9544-4ccb52bbffc6" />
    <UnitTestResult executionId="e9b5a73d-3656-4aaa-8304-6ca3b552daa5" testId="92095213-527a-e0ed-0792-33272a39dc1b" testName="Gaode.Communication.Tests.CommissioningRecoveryTests.InvalidResetAxisStateReportsSpecificCheckInsteadOfResetTimeout(wrongPosition: False)" computerName="DEMO" duration="00:00:00.0426464" startTime="2026-10-09T07:26:41.0536333+08:00" endTime="2026-10-09T07:26:41.0963739+08:00" testType="13cdc9d9-ddb5-4fa4-a97d-d965ccfc6d4b" outcome="Passed" testListId="8c84fa94-04c1-424b-9868-57a2d4851a1d" relativeResultsDirectory="e9b5a73d-3656-4aaa-8304-6ca3b552daa5" />
    <UnitTestResult executionId="8c766df0-7005-4d0c-84b9-b0b7e501bfad" testId="9605d621-3176-d3f4-bb5d-feb97ce91d03" testName="Gaode.Communication.Tests.CommissioningRecoveryTests.FullResetDurablyClosesLiveOrRehydratedOldRunAndAllowsExplicitNewRun(rehydrated: False)" computerName="DEMO" duration="00:00:00.0573070" startTime="2026-10-09T07:26:38.4839940+08:00" endTime="2026-10-09T07:26:38.5414408+08:00" testType="13cdc9d9-ddb5-4fa4-a97d-d965ccfc6d4b" outcome="Passed" testListId="8c84fa94-04c1-424b-9868-57a2d4851a1d" relativeResultsDirectory="8c766df0-7005-4d0c-84b9-b0b7e501bfad" />
    <UnitTestResult executionId="78ab5df0-8dd8-41b1-b799-89c1decec2ad" testId="36b15e3f-9105-97a5-1ad3-2e834fd51ef9" testName="Gaode.Communication.Tests.CommissioningRecoveryTests.FaultedNeverOpenedCameraCanCloseOldRunWithoutBecomingCaptureReady" computerName="DEMO" duration="00:00:00.2889863" startTime="2026-10-09T07:26:41.1984925+08:00" endTime="2026-10-09T07:26:41.4875869+08:00" testType="13cdc9d9-ddb5-4fa4-a97d-d965ccfc6d4b" outcome="Passed" testListId="8c84fa94-04c1-424b-9868-57a2d4851a1d" relativeResultsDirectory="78ab5df0-8dd8-41b1-b799-89c1decec2ad" />
    <UnitTestResult executionId="d18e1a25-c3a2-49a4-a3cc-c2d830861e82" testId="e4f4f7b4-68aa-c002-c837-3c41c4632dda" testName="Gaode.Communication.Tests.SiteOperationHandshakeTests.StartupAwayFromSafeZeroDoesNotSendStartOrMotion" computerName="DEMO" duration="00:00:00.2321268" startTime="2026-10-09T07:26:33.7777887+08:00" endTime="2026-10-09T07:26:34.0100104+08:00" testType="13cdc9d9-ddb5-4fa4-a97d-d965ccfc6d4b" outcome="Passed" testListId="8c84fa94-04c1-424b-9868-57a2d4851a1d" relativeResultsDirectory="d18e1a25-c3a2-49a4-a3cc-c2d830861e82" />
    <UnitTestResult executionId="9bcd0668-70de-4b7e-8a46-36776a7069f8" testId="b0e03232-5caa-c257-a760-302fb218275f" testName="Gaode.Communication.Tests.CommissioningRecoveryTests.ResidualActionRequestsClearBeforeResetAndOldRunClosesDurably" computerName="DEMO" duration="00:00:00.0499758" startTime="2026-10-09T07:26:45.8838618+08:00" endTime="2026-10-09T07:26:45.9339745+08:00" testType="13cdc9d9-ddb5-4fa4-a97d-d965ccfc6d4b" outcome="Passed" testListId="8c84fa94-04c1-424b-9868-57a2d4851a1d" relativeResultsDirectory="9bcd0668-70de-4b7e-8a46-36776a7069f8" />
    <UnitTestResult executionId="d23732c3-0d95-4dcb-a142-6914bacf1d12" testId="f8539f2b-aa75-b463-1039-7e501d211002" testName="Gaode.Communication.Tests.SiteOperationHandshakeTests.SoftStopRequestsStopWithoutResetOrHomingAndHoldsUnknown" computerName="DEMO" duration="00:00:00.0419101" startTime="2026-10-09T07:26:38.2027904+08:00" endTime="2026-10-09T07:26:38.2446629+08:00" testType="13cdc9d9-ddb5-4fa4-a97d-d965ccfc6d4b" outcome="Passed" testListId="8c84fa94-04c1-424b-9868-57a2d4851a1d" relativeResultsDirectory="d23732c3-0d95-4dcb-a142-6914bacf1d12" />
    <UnitTestResult executionId="1b855cca-a7ce-4600-a0c3-dd2c5f001e28" testId="291e94f5-c76d-7dd9-71d7-1a02a7e4c5a2" testName="Gaode.Communication.Tests.CommissioningRecoveryTests.StaleFlipFeedbackBlocksRecoveryAndNewRun" computerName="DEMO" duration="00:00:02.0392437" startTime="2026-10-09T07:26:41.5335547+08:00" endTime="2026-10-09T07:26:43.5729825+08:00" testType="13cdc9d9-ddb5-4fa4-a97d-d965ccfc6d4b" outcome="Passed" testListId="8c84fa94-04c1-424b-9868-57a2d4851a1d" relativeResultsDirectory="1b855cca-a7ce-4600-a0c3-dd2c5f001e28" />
    <UnitTestResult executionId="9f4fa8d9-a220-4a82-bdeb-ce2da855915e" testId="bbbce9e2-9759-5694-bad1-4ea4929382cb" testName="Gaode.Communication.Tests.SiteOperationHandshakeTests.ReleasedRequestWithMovingFeedbackIsNotReportedIdle" computerName="DEMO" duration="00:00:00.5647923" startTime="2026-10-09T07:26:28.5939109+08:00" endTime="2026-10-09T07:26:29.1590286+08:00" testType="13cdc9d9-ddb5-4fa4-a97d-d965ccfc6d4b" outcome="Passed" testListId="8c84fa94-04c1-424b-9868-57a2d4851a1d" relativeResultsDirectory="9f4fa8d9-a220-4a82-bdeb-ce2da855915e" />
    <UnitTestResult executionId="9f045286-2c40-4dc8-be5b-aae85dc96d86" testId="8daa2e1d-7a9e-5009-9b5b-e8f6829c8986" testName="Gaode.Communication.Tests.CommissioningRecoveryTests.InterruptedResetRecordsCancellationObservationAndKeepsOldRunHeld(cancelRequest: True)" computerName="DEMO" duration="00:00:00.0551450" startTime="2026-10-09T07:26:40.9983359+08:00" endTime="2026-10-09T07:26:41.0535464+08:00" testType="13cdc9d9-ddb5-4fa4-a97d-d965ccfc6d4b" outcome="Passed" testListId="8c84fa94-04c1-424b-9868-57a2d4851a1d" relativeResultsDirectory="9f045286-2c40-4dc8-be5b-aae85dc96d86" />
    <UnitTestResult executionId="481ff567-a4e3-48f9-8790-a8a4b888e9c7" testId="48717e0b-1127-c9e0-8a98-2a9413e85aac" testName="Gaode.Communication.Tests.CommissioningRecoveryTests.FormalHostPersistenceRestartRestoresHeldRunThenDoesNotRestoreVerifiedCancelledRun" computerName="DEMO" duration="00:00:00.2711393" startTime="2026-10-09T07:26:45.6125161+08:00" endTime="2026-10-09T07:26:45.8837861+08:00" testType="13cdc9d9-ddb5-4fa4-a97d-d965ccfc6d4b" outcome="Passed" testListId="8c84fa94-04c1-424b-9868-57a2d4851a1d" relativeResultsDirectory="481ff567-a4e3-48f9-8790-a8a4b888e9c7" />
    <UnitTestResult executionId="df62aa89-3521-4d7a-9e87-21322944c541" testId="e730403b-8bb1-41f6-4747-17709ef24717" testName="Gaode.Communication.Tests.SiteOperationHandshakeTests.ResetPreconditionReadbackFailureNeverSendsResetOrStart" computerName="DEMO" duration="00:00:00.0358801" startTime="2026-10-09T07:26:33.7416983+08:00" endTime="2026-10-09T07:26:33.7776847+08:00" testType="13cdc9d9-ddb5-4fa4-a97d-d965ccfc6d4b" outcome="Passed" testListId="8c84fa94-04c1-424b-9868-57a2d4851a1d" relativeResultsDirectory="df62aa89-3521-4d7a-9e87-21322944c541" />
    <UnitTestResult executionId="1180e57e-c643-4e9d-aaaf-1ff083d1d569" testId="7d8fab4e-2be3-4574-4866-6437364c573c" testName="Gaode.Communication.Tests.SiteOperationHandshakeTests.SafeZeroToleranceIsIndependentOfMotionTolerance(y: 0.20999999999999999, accepted: False)" computerName="DEMO" duration="00:00:00.0786766" startTime="2026-10-09T07:26:27.6777708+08:00" endTime="2026-10-09T07:26:27.7560561+08:00" testType="13cdc9d9-ddb5-4fa4-a97d-d965ccfc6d4b" outcome="Passed" testListId="8c84fa94-04c1-424b-9868-57a2d4851a1d" relativeResultsDirectory="1180e57e-c643-4e9d-aaaf-1ff083d1d569" />
    <UnitTestResult executionId="4efd6a05-805b-4cb8-8d49-06e3ab7569a2" testId="8fcce42f-dab4-8e5d-0e8b-7561614390f2" testName="Gaode.Communication.Tests.CommissioningRecoveryTests.FullResetDurablyClosesLiveOrRehydratedOldRunAndAllowsExplicitNewRun(rehydrated: True)" computerName="DEMO" duration="00:00:00.2378319" startTime="2026-10-09T07:26:38.2460114+08:00" endTime="2026-10-09T07:26:38.4839133+08:00" testType="13cdc9d9-ddb5-4fa4-a97d-d965ccfc6d4b" outcome="Passed" testListId="8c84fa94-04c1-424b-9868-57a2d4851a1d" relativeResultsDirectory="4efd6a05-805b-4cb8-8d49-06e3ab7569a2" />
    <UnitTestResult executionId="8edd81cd-e994-4ddd-bc89-df176317ee83" testId="94033269-5cc7-f2d7-fe3f-9c2770d966ea" testName="Gaode.Communication.Tests.CommissioningRecoveryTests.FailedCancellationSaveKeepsOldRunAndOwnersHeldDespitePhysicalReset" computerName="DEMO" duration="00:00:00.4612228" startTime="2026-10-09T07:26:38.5415472+08:00" endTime="2026-10-09T07:26:39.0028450+08:00" testType="13cdc9d9-ddb5-4fa4-a97d-d965ccfc6d4b" outcome="Passed" testListId="8c84fa94-04c1-424b-9868-57a2d4851a1d" relativeResultsDirectory="8edd81cd-e994-4ddd-bc89-df176317ee83" />
    <UnitTestResult executionId="53a5d6cd-87fc-4599-9df3-b2b33c877ca6" testId="d9c76221-2763-0c1b-cfac-804a83848ff7" testName="Gaode.Communication.Tests.CommissioningRecoveryTests.RetainedPutBackCompletionStillBlocksRecovery" computerName="DEMO" duration="00:00:02.0392836" startTime="2026-10-09T07:26:43.5730569+08:00" endTime="2026-10-09T07:26:45.6124360+08:00" testType="13cdc9d9-ddb5-4fa4-a97d-d965ccfc6d4b" outcome="Passed" testListId="8c84fa94-04c1-424b-9868-57a2d4851a1d" relativeResultsDirectory="53a5d6cd-87fc-4599-9df3-b2b33c877ca6" />
    <UnitTestResult executionId="a89528a2-cc94-4f8d-8adf-0b26dbd801c1" testId="3d76f878-7baa-4040-fa0a-0d83a02becd7" testName="Gaode.Communication.Tests.SiteOperationHandshakeTests.PreviousResetRequestIsNotClearedOrReplayed" computerName="DEMO" duration="00:00:00.0353903" startTime="2026-10-09T07:26:34.7860841+08:00" endTime="2026-10-09T07:26:34.8215950+08:00" testType="13cdc9d9-ddb5-4fa4-a97d-d965ccfc6d4b" outcome="Passed" testListId="8c84fa94-04c1-424b-9868-57a2d4851a1d" relativeResultsDirectory="a89528a2-cc94-4f8d-8adf-0b26dbd801c1" />
    <UnitTestResult executionId="4a47699c-b525-4630-bef0-dc034319d170" testId="8ac32f01-0d83-8960-344e-b9929f512f87" testName="Gaode.Communication.Tests.SiteOperationHandshakeTests.ConfirmedPolicyDoesNotOverrideCurtainDoorOrUnknownAlarm(alarm: 256)" computerName="DEMO" duration="00:00:00.0619447" startTime="2026-10-09T07:26:30.4211069+08:00" endTime="2026-10-09T07:26:30.4830707+08:00" testType="13cdc9d9-ddb5-4fa4-a97d-d965ccfc6d4b" outcome="Passed" testListId="8c84fa94-04c1-424b-9868-57a2d4851a1d" relativeResultsDirectory="4a47699c-b525-4630-bef0-dc034319d170" />
    <UnitTestResult executionId="ed1a289e-c46c-4b17-847a-c3d9857392ff" testId="57c27512-9bd0-c9ad-28dc-990a62f69c2b" testName="Gaode.Communication.Tests.SiteOperationHandshakeTests.RetainedArrivalAllowsChangedXThenSameYAndDetectionZAndFullReuse" computerName="DEMO" duration="00:00:01.1090558" startTime="2026-10-09T07:26:29.2467369+08:00" endTime="2026-10-09T07:26:30.3558260+08:00" testType="13cdc9d9-ddb5-4fa4-a97d-d965ccfc6d4b" outcome="Passed" testListId="8c84fa94-04c1-424b-9868-57a2d4851a1d" relativeResultsDirectory="ed1a289e-c46c-4b17-847a-c3d9857392ff" />
    <UnitTestResult executionId="44bfe537-b83f-4f36-a185-f5e12fd34a60" testId="526a317b-795d-79f6-4d03-143111bf3a74" testName="Gaode.Communication.Tests.SiteOperationHandshakeTests.ResetReadyZeroTimesOutWithoutClearingOrReplaying" computerName="DEMO" duration="00:00:00.7377049" startTime="2026-10-09T07:26:34.0101128+08:00" endTime="2026-10-09T07:26:34.7479245+08:00" testType="13cdc9d9-ddb5-4fa4-a97d-d965ccfc6d4b" outcome="Passed" testListId="8c84fa94-04c1-424b-9868-57a2d4851a1d" relativeResultsDirectory="44bfe537-b83f-4f36-a185-f5e12fd34a60" />
    <UnitTestResult executionId="0b3e38be-944d-4fb3-983f-85f007fe6250" testId="3a6e5a79-d0a4-3967-2b0c-a49906c11f1c" testName="Gaode.Communication.Tests.CommissioningRecoveryTests.ActiveExecutionOrResourcesBlockBeforeAnyReset(activeExecution: True)" computerName="DEMO" duration="00:00:00.0316844" startTime="2026-10-09T07:26:41.1393711+08:00" endTime="2026-10-09T07:26:41.1711446+08:00" testType="13cdc9d9-ddb5-4fa4-a97d-d965ccfc6d4b" outcome="Passed" testListId="8c84fa94-04c1-424b-9868-57a2d4851a1d" relativeResultsDirectory="0b3e38be-944d-4fb3-983f-85f007fe6250" />
    <UnitTestResult executionId="bad99f18-efd7-4068-8ebe-f1793a14b0f9" testId="09787cc1-0164-870e-fb0b-2366eac47b7c" testName="Gaode.Communication.Tests.SiteOperationHandshakeTests.ConfirmedPolicyDoesNotOverrideCurtainDoorOrUnknownAlarm(alarm: 4)" computerName="DEMO" duration="00:00:00.0578489" startTime="2026-10-09T07:26:30.4831802+08:00" endTime="2026-10-09T07:26:30.5410841+08:00" testType="13cdc9d9-ddb5-4fa4-a97d-d965ccfc6d4b" outcome="Passed" testListId="8c84fa94-04c1-424b-9868-57a2d4851a1d" relativeResultsDirectory="bad99f18-efd7-4068-8ebe-f1793a14b0f9" />
    <UnitTestResult executionId="3a747f7f-e26b-4718-ab11-ab613d4f2229" testId="a5ace3c4-9a69-d270-377a-91a5c934e8eb" testName="Gaode.Communication.Tests.SiteOperationHandshakeTests.StartClearsAfterFullActualXYAndZClosureAndSameCoordinateReuseStillWorks" computerName="DEMO" duration="00:00:00.5631933" startTime="2026-10-09T07:26:35.3958502+08:00" endTime="2026-10-09T07:26:35.9591690+08:00" testType="13cdc9d9-ddb5-4fa4-a97d-d965ccfc6d4b" outcome="Passed" testListId="8c84fa94-04c1-424b-9868-57a2d4851a1d" relativeResultsDirectory="3a747f7f-e26b-4718-ab11-ab613d4f2229" />
    <UnitTestResult executionId="1c3bb64c-eb2c-4ff0-8885-f0e68657cbe8" testId="e491ca38-ae3f-e138-9542-4b9eec64ae2a" testName="Gaode.Communication.Tests.CommissioningRecoveryTests.InvalidResetAxisStateReportsSpecificCheckInsteadOfResetTimeout(wrongPosition: True)" computerName="DEMO" duration="00:00:00.0427306" startTime="2026-10-09T07:26:41.0964463+08:00" endTime="2026-10-09T07:26:41.1392819+08:00" testType="13cdc9d9-ddb5-4fa4-a97d-d965ccfc6d4b" outcome="Passed" testListId="8c84fa94-04c1-424b-9868-57a2d4851a1d" relativeResultsDirectory="1c3bb64c-eb2c-4ff0-8885-f0e68657cbe8" />
    <UnitTestResult executionId="9b95861e-18f7-4212-b6e5-f9b83d1d11e5" testId="d44f45c9-d6df-fab5-342f-e722dd330791" testName="Gaode.Communication.Tests.SiteOperationHandshakeTests.SafeZeroToleranceIsIndependentOfMotionTolerance(y: 0.15085936, accepted: True)" computerName="DEMO" duration="00:00:00.2905155" startTime="2026-10-09T07:26:27.7561575+08:00" endTime="2026-10-09T07:26:28.0467685+08:00" testType="13cdc9d9-ddb5-4fa4-a97d-d965ccfc6d4b" outcome="Passed" testListId="8c84fa94-04c1-424b-9868-57a2d4851a1d" relativeResultsDirectory="9b95861e-18f7-4212-b6e5-f9b83d1d11e5" />
    <UnitTestResult executionId="ab3d0fe8-887a-46cb-bf48-329069c6086c" testId="c01ccc49-5ba1-cf23-2582-17887df5c9ff" testName="Gaode.Communication.Tests.CommissioningRecoveryTests.InterruptedResetRecordsCancellationObservationAndKeepsOldRunHeld(cancelRequest: False)" computerName="DEMO" duration="00:00:01.5507803" startTime="2026-10-09T07:26:39.4473436+08:00" endTime="2026-10-09T07:26:40.9982304+08:00" testType="13cdc9d9-ddb5-4fa4-a97d-d965ccfc6d4b" outcome="Passed" testListId="8c84fa94-04c1-424b-9868-57a2d4851a1d" relativeResultsDirectory="ab3d0fe8-887a-46cb-bf48-329069c6086c" />
    <UnitTestResult executionId="2b500534-52ff-4818-aa91-e4648d526b6e" testId="55bf6208-a608-e197-8149-ffa07e3a8e47" testName="Gaode.Communication.Tests.CommissioningRecoveryTests.ActiveExecutionOrResourcesBlockBeforeAnyReset(activeExecution: False)" computerName="DEMO" duration="00:00:00.0270996" startTime="2026-10-09T07:26:41.1712092+08:00" endTime="2026-10-09T07:26:41.1984071+08:00" testType="13cdc9d9-ddb5-4fa4-a97d-d965ccfc6d4b" outcome="Passed" testListId="8c84fa94-04c1-424b-9868-57a2d4851a1d" relativeResultsDirectory="2b500534-52ff-4818-aa91-e4648d526b6e" />
    <UnitTestResult executionId="6fc42be6-3dc7-45e5-b1b6-6747ca21c4a7" testId="e7e43bb6-0456-eb4c-5f54-a4cf028bd3d7" testName="Gaode.Communication.Tests.CommissioningRecoveryTests.ManualResetWithRetainedAxisArrivalsClosesOldRunButCannotStartMotion" computerName="DEMO" duration="00:00:00.0457107" startTime="2026-10-09T07:26:41.4876761+08:00" endTime="2026-10-09T07:26:41.5334801+08:00" testType="13cdc9d9-ddb5-4fa4-a97d-d965ccfc6d4b" outcome="Passed" testListId="8c84fa94-04c1-424b-9868-57a2d4851a1d" relativeResultsDirectory="6fc42be6-3dc7-45e5-b1b6-6747ca21c4a7" />
    <UnitTestResult executionId="e38c6e52-805d-4fed-bd36-360648d657f3" testId="58e77447-a046-2cd7-c0e9-99ce39f312d6" testName="Gaode.Communication.Tests.SiteOperationHandshakeTests.PcRequestNotClearedStillBlocksEvenWhenArrivalIsCorrect" computerName="DEMO" duration="00:00:02.2432062" startTime="2026-10-09T07:26:35.9592663+08:00" endTime="2026-10-09T07:26:38.2025700+08:00" testType="13cdc9d9-ddb5-4fa4-a97d-d965ccfc6d4b" outcome="Passed" testListId="8c84fa94-04c1-424b-9868-57a2d4851a1d" relativeResultsDirectory="e38c6e52-805d-4fed-bd36-360648d657f3" />
    <UnitTestResult executionId="2ce2964a-ca1a-45a6-8360-93978e329d8e" testId="f147e2af-2764-eca4-da02-eb4385f7c1e9" testName="Gaode.Communication.Tests.CommissioningRecoveryTests.ReadyOneWithoutThisResetOrWithoutRestorationPolicyNeverPassesRecovery" computerName="DEMO" duration="00:00:00.4441931" startTime="2026-10-09T07:26:39.0029434+08:00" endTime="2026-10-09T07:26:39.4472304+08:00" testType="13cdc9d9-ddb5-4fa4-a97d-d965ccfc6d4b" outcome="Passed" testListId="8c84fa94-04c1-424b-9868-57a2d4851a1d" relativeResultsDirectory="2ce2964a-ca1a-45a6-8360-93978e329d8e" />
    <UnitTestResult executionId="f742ab3e-2709-4772-bdb0-c07acb700a7b" testId="fcd0ec70-f888-1a1b-7547-fbfa04f6d47c" testName="Gaode.Communication.Tests.SiteOperationHandshakeTests.ConfirmedPolicyDoesNotOverrideCurtainDoorOrUnknownAlarm(alarm: 1)" computerName="DEMO" duration="00:00:00.0649727" startTime="2026-10-09T07:26:30.3559530+08:00" endTime="2026-10-09T07:26:30.4209741+08:00" testType="13cdc9d9-ddb5-4fa4-a97d-d965ccfc6d4b" outcome="Passed" testListId="8c84fa94-04c1-424b-9868-57a2d4851a1d" relativeResultsDirectory="f742ab3e-2709-4772-bdb0-c07acb700a7b" />
    <UnitTestResult executionId="3fd26f32-cf55-46cc-b789-6ef389509f52" testId="01f591e8-bfef-4db4-6396-e2b332b1dd49" testName="Gaode.Communication.Tests.SiteOperationHandshakeTests.SafeZeroToleranceIsIndependentOfMotionTolerance(y: -0.20000000000000001, accepted: True)" computerName="DEMO" duration="00:00:00.2746312" startTime="2026-10-09T07:26:28.0468822+08:00" endTime="2026-10-09T07:26:28.3215324+08:00" testType="13cdc9d9-ddb5-4fa4-a97d-d965ccfc6d4b" outcome="Passed" testListId="8c84fa94-04c1-424b-9868-57a2d4851a1d" relativeResultsDirectory="3fd26f32-cf55-46cc-b789-6ef389509f52" />
    <UnitTestResult executionId="cbc20e6a-3bd1-45af-b7d9-c0578f598255" testId="397f9326-8e3d-ef4d-151d-58b9264b2405" testName="Gaode.Communication.Tests.SiteOperationHandshakeTests.ManualResetDoesNotPermitStart" computerName="DEMO" duration="00:00:00.0309846" startTime="2026-10-09T07:26:34.8216909+08:00" endTime="2026-10-09T07:26:34.8527635+08:00" testType="13cdc9d9-ddb5-4fa4-a97d-d965ccfc6d4b" outcome="Passed" testListId="8c84fa94-04c1-424b-9868-57a2d4851a1d" relativeResultsDirectory="cbc20e6a-3bd1-45af-b7d9-c0578f598255" />
    <UnitTestResult executionId="82a7a55d-1f52-45c5-bed3-78642c2ddf20" testId="49b6e124-2234-40b1-0e04-750b8eb65929" testName="Gaode.Communication.Tests.SiteOperationHandshakeTests.ScanAndGrabAxesRetainArrivalAcrossChangedAndSameTargets" computerName="DEMO" duration="00:00:01.3352350" startTime="2026-10-09T07:26:32.4062358+08:00" endTime="2026-10-09T07:26:33.7415791+08:00" testType="13cdc9d9-ddb5-4fa4-a97d-d965ccfc6d4b" outcome="Passed" testListId="8c84fa94-04c1-424b-9868-57a2d4851a1d" relativeResultsDirectory="82a7a55d-1f52-45c5-bed3-78642c2ddf20" />
  </Results>
  <TestDefinitions>
    <UnitTest name="Gaode.Communication.Tests.CommissioningRecoveryTests.InterruptedResetRecordsCancellationObservationAndKeepsOldRunHeld(cancelRequest: True)" storage="c:\temp\g11\backend\tests\gaode.communication.tests\bin\debug\net10.0\gaode.communication.tests.dll" id="8daa2e1d-7a9e-5009-9b5b-e8f6829c8986">
      <Execution id="9f045286-2c40-4dc8-be5b-aae85dc96d86" />
      <TestMethod codeBase="C:\Temp\g11\backend\tests\Gaode.Communication.Tests\bin\Debug\net10.0\Gaode.Communication.Tests.dll" adapterTypeName="executor://xunit/VsTestRunner3/netcore/" className="Gaode.Communication.Tests.CommissioningRecoveryTests" name="InterruptedResetRecordsCancellationObservationAndKeepsOldRunHeld" />
    </UnitTest>
    <UnitTest name="Gaode.Communication.Tests.SiteOperationHandshakeTests.ConfirmedPolicyDoesNotOverrideCurtainDoorOrUnknownAlarm(alarm: 1)" storage="c:\temp\g11\backend\tests\gaode.communication.tests\bin\debug\net10.0\gaode.communication.tests.dll" id="fcd0ec70-f888-1a1b-7547-fbfa04f6d47c">
      <Execution id="f742ab3e-2709-4772-bdb0-c07acb700a7b" />
      <TestMethod codeBase="C:\Temp\g11\backend\tests\Gaode.Communication.Tests\bin\Debug\net10.0\Gaode.Communication.Tests.dll" adapterTypeName="executor://xunit/VsTestRunner3/netcore/" className="Gaode.Communication.Tests.SiteOperationHandshakeTests" name="ConfirmedPolicyDoesNotOverrideCurtainDoorOrUnknownAlarm" />
    </UnitTest>
    <UnitTest name="Gaode.Communication.Tests.SiteOperationHandshakeTests.PreviousResetRequestIsNotClearedOrReplayed" storage="c:\temp\g11\backend\tests\gaode.communication.tests\bin\debug\net10.0\gaode.communication.tests.dll" id="3d76f878-7baa-4040-fa0a-0d83a02becd7">
      <Execution id="a89528a2-cc94-4f8d-8adf-0b26dbd801c1" />
      <TestMethod codeBase="C:\Temp\g11\backend\tests\Gaode.Communication.Tests\bin\Debug\net10.0\Gaode.Communication.Tests.dll" adapterTypeName="executor://xunit/VsTestRunner3/netcore/" className="Gaode.Communication.Tests.SiteOperationHandshakeTests" name="PreviousResetRequestIsNotClearedOrReplayed" />
    </UnitTest>
    <UnitTest name="Gaode.Communication.Tests.CommissioningRecoveryTests.ManualResetWithRetainedAxisArrivalsClosesOldRunButCannotStartMotion" storage="c:\temp\g11\backend\tests\gaode.communication.tests\bin\debug\net10.0\gaode.communication.tests.dll" id="e7e43bb6-0456-eb4c-5f54-a4cf028bd3d7">
      <Execution id="6fc42be6-3dc7-45e5-b1b6-6747ca21c4a7" />
      <TestMethod codeBase="C:\Temp\g11\backend\tests\Gaode.Communication.Tests\bin\Debug\net10.0\Gaode.Communication.Tests.dll" adapterTypeName="executor://xunit/VsTestRunner3/netcore/" className="Gaode.Communication.Tests.CommissioningRecoveryTests" name="ManualResetWithRetainedAxisArrivalsClosesOldRunButCannotStartMotion" />
    </UnitTest>
    <UnitTest name="Gaode.Communication.Tests.CommissioningRecoveryTests.ActiveExecutionOrResourcesBlockBeforeAnyReset(activeExecution: True)" storage="c:\temp\g11\backend\tests\gaode.communication.tests\bin\debug\net10.0\gaode.communication.tests.dll" id="3a6e5a79-d0a4-3967-2b0c-a49906c11f1c">
      <Execution id="0b3e38be-944d-4fb3-983f-85f007fe6250" />
      <TestMethod codeBase="C:\Temp\g11\backend\tests\Gaode.Communication.Tests\bin\Debug\net10.0\Gaode.Communication.Tests.dll" adapterTypeName="executor://xunit/VsTestRunner3/netcore/" className="Gaode.Communication.Tests.CommissioningRecoveryTests" name="ActiveExecutionOrResourcesBlockBeforeAnyReset" />
    </UnitTest>
    <UnitTest name="Gaode.Communication.Tests.SiteOperationHandshakeTests.SafeZeroToleranceIsIndependentOfMotionTolerance(y: 0.20999999999999999, accepted: False)" storage="c:\temp\g11\backend\tests\gaode.communication.tests\bin\debug\net10.0\gaode.communication.tests.dll" id="7d8fab4e-2be3-4574-4866-6437364c573c">
      <Execution id="1180e57e-c643-4e9d-aaaf-1ff083d1d569" />
      <TestMethod codeBase="C:\Temp\g11\backend\tests\Gaode.Communication.Tests\bin\Debug\net10.0\Gaode.Communication.Tests.dll" adapterTypeName="executor://xunit/VsTestRunner3/netcore/" className="Gaode.Communication.Tests.SiteOperationHandshakeTests" name="SafeZeroToleranceIsIndependentOfMotionTolerance" />
    </UnitTest>
    <UnitTest name="Gaode.Communication.Tests.SiteOperationHandshakeTests.ResetArrivalCannotSubstituteForCompletedSameCoordinateAction" storage="c:\temp\g11\backend\tests\gaode.communication.tests\bin\debug\net10.0\gaode.communication.tests.dll" id="7bba27fa-4a13-705e-4c88-e7f92383fff6">
      <Execution id="643a2d6a-e655-4154-b894-39c684670882" />
      <TestMethod codeBase="C:\Temp\g11\backend\tests\Gaode.Communication.Tests\bin\Debug\net10.0\Gaode.Communication.Tests.dll" adapterTypeName="executor://xunit/VsTestRunner3/netcore/" className="Gaode.Communication.Tests.SiteOperationHandshakeTests" name="ResetArrivalCannotSubstituteForCompletedSameCoordinateAction" />
    </UnitTest>
    <UnitTest name="Gaode.Communication.Tests.SiteOperationHandshakeTests.RetainedArrivalAllowsChangedXThenSameYAndDetectionZAndFullReuse" storage="c:\temp\g11\backend\tests\gaode.communication.tests\bin\debug\net10.0\gaode.communication.tests.dll" id="57c27512-9bd0-c9ad-28dc-990a62f69c2b">
      <Execution id="ed1a289e-c46c-4b17-847a-c3d9857392ff" />
      <TestMethod codeBase="C:\Temp\g11\backend\tests\Gaode.Communication.Tests\bin\Debug\net10.0\Gaode.Communication.Tests.dll" adapterTypeName="executor://xunit/VsTestRunner3/netcore/" className="Gaode.Communication.Tests.SiteOperationHandshakeTests" name="RetainedArrivalAllowsChangedXThenSameYAndDetectionZAndFullReuse" />
    </UnitTest>
    <UnitTest name="Gaode.Communication.Tests.SiteOperationHandshakeTests.SafeZeroToleranceIsIndependentOfMotionTolerance(y: 0.15085936, accepted: True)" storage="c:\temp\g11\backend\tests\gaode.communication.tests\bin\debug\net10.0\gaode.communication.tests.dll" id="d44f45c9-d6df-fab5-342f-e722dd330791">
      <Execution id="9b95861e-18f7-4212-b6e5-f9b83d1d11e5" />
      <TestMethod codeBase="C:\Temp\g11\backend\tests\Gaode.Communication.Tests\bin\Debug\net10.0\Gaode.Communication.Tests.dll" adapterTypeName="executor://xunit/VsTestRunner3/netcore/" className="Gaode.Communication.Tests.SiteOperationHandshakeTests" name="SafeZeroToleranceIsIndependentOfMotionTolerance" />
    </UnitTest>
    <UnitTest name="Gaode.Communication.Tests.CommissioningRecoveryTests.StaleFlipFeedbackBlocksRecoveryAndNewRun" storage="c:\temp\g11\backend\tests\gaode.communication.tests\bin\debug\net10.0\gaode.communication.tests.dll" id="291e94f5-c76d-7dd9-71d7-1a02a7e4c5a2">
      <Execution id="1b855cca-a7ce-4600-a0c3-dd2c5f001e28" />
      <TestMethod codeBase="C:\Temp\g11\backend\tests\Gaode.Communication.Tests\bin\Debug\net10.0\Gaode.Communication.Tests.dll" adapterTypeName="executor://xunit/VsTestRunner3/netcore/" className="Gaode.Communication.Tests.CommissioningRecoveryTests" name="StaleFlipFeedbackBlocksRecoveryAndNewRun" />
    </UnitTest>
    <UnitTest name="Gaode.Communication.Tests.SiteOperationHandshakeTests.ScanAndGrabAxesRetainArrivalAcrossChangedAndSameTargets" storage="c:\temp\g11\backend\tests\gaode.communication.tests\bin\debug\net10.0\gaode.communication.tests.dll" id="49b6e124-2234-40b1-0e04-750b8eb65929">
      <Execution id="82a7a55d-1f52-45c5-bed3-78642c2ddf20" />
      <TestMethod codeBase="C:\Temp\g11\backend\tests\Gaode.Communication.Tests\bin\Debug\net10.0\Gaode.Communication.Tests.dll" adapterTypeName="executor://xunit/VsTestRunner3/netcore/" className="Gaode.Communication.Tests.SiteOperationHandshakeTests" name="ScanAndGrabAxesRetainArrivalAcrossChangedAndSameTargets" />
    </UnitTest>
    <UnitTest name="Gaode.Communication.Tests.SiteOperationHandshakeTests.ResidualPcRequestsAreClearedAndReadBeforeSystemResetEdge" storage="c:\temp\g11\backend\tests\gaode.communication.tests\bin\debug\net10.0\gaode.communication.tests.dll" id="fed900f4-32f1-3be8-2cf9-8f9725ae779d">
      <Execution id="5d2e2826-96d3-45b6-8d86-4bc0e8ddb748" />
      <TestMethod codeBase="C:\Temp\g11\backend\tests\Gaode.Communication.Tests\bin\Debug\net10.0\Gaode.Communication.Tests.dll" adapterTypeName="executor://xunit/VsTestRunner3/netcore/" className="Gaode.Communication.Tests.SiteOperationHandshakeTests" name="ResidualPcRequestsAreClearedAndReadBeforeSystemResetEdge" />
    </UnitTest>
    <UnitTest name="Gaode.Communication.Tests.CommissioningRecoveryTests.ReadyOneWithoutThisResetOrWithoutRestorationPolicyNeverPassesRecovery" storage="c:\temp\g11\backend\tests\gaode.communication.tests\bin\debug\net10.0\gaode.communication.tests.dll" id="f147e2af-2764-eca4-da02-eb4385f7c1e9">
      <Execution id="2ce2964a-ca1a-45a6-8360-93978e329d8e" />
      <TestMethod codeBase="C:\Temp\g11\backend\tests\Gaode.Communication.Tests\bin\Debug\net10.0\Gaode.Communication.Tests.dll" adapterTypeName="executor://xunit/VsTestRunner3/netcore/" className="Gaode.Communication.Tests.CommissioningRecoveryTests" name="ReadyOneWithoutThisResetOrWithoutRestorationPolicyNeverPassesRecovery" />
    </UnitTest>
    <UnitTest name="Gaode.Communication.Tests.SiteOperationHandshakeTests.ResetCompletesFromFreshReadyOneWithoutObservingZero" storage="c:\temp\g11\backend\tests\gaode.communication.tests\bin\debug\net10.0\gaode.communication.tests.dll" id="ee8e5b9e-478f-6714-16d9-22fd8350e3e8">
      <Execution id="d08765b6-f92a-4993-a4cd-692d60f6831c" />
      <TestMethod codeBase="C:\Temp\g11\backend\tests\Gaode.Communication.Tests\bin\Debug\net10.0\Gaode.Communication.Tests.dll" adapterTypeName="executor://xunit/VsTestRunner3/netcore/" className="Gaode.Communication.Tests.SiteOperationHandshakeTests" name="ResetCompletesFromFreshReadyOneWithoutObservingZero" />
    </UnitTest>
    <UnitTest name="Gaode.Communication.Tests.SiteOperationHandshakeTests.ManualResetDoesNotPermitStart" storage="c:\temp\g11\backend\tests\gaode.communication.tests\bin\debug\net10.0\gaode.communication.tests.dll" id="397f9326-8e3d-ef4d-151d-58b9264b2405">
      <Execution id="cbc20e6a-3bd1-45af-b7d9-c0578f598255" />
      <TestMethod codeBase="C:\Temp\g11\backend\tests\Gaode.Communication.Tests\bin\Debug\net10.0\Gaode.Communication.Tests.dll" adapterTypeName="executor://xunit/VsTestRunner3/netcore/" className="Gaode.Communication.Tests.SiteOperationHandshakeTests" name="ManualResetDoesNotPermitStart" />
    </UnitTest>
    <UnitTest name="Gaode.Communication.Tests.CommissioningRecoveryTests.FullResetDurablyClosesLiveOrRehydratedOldRunAndAllowsExplicitNewRun(rehydrated: True)" storage="c:\temp\g11\backend\tests\gaode.communication.tests\bin\debug\net10.0\gaode.communication.tests.dll" id="8fcce42f-dab4-8e5d-0e8b-7561614390f2">
      <Execution id="4efd6a05-805b-4cb8-8d49-06e3ab7569a2" />
      <TestMethod codeBase="C:\Temp\g11\backend\tests\Gaode.Communication.Tests\bin\Debug\net10.0\Gaode.Communication.Tests.dll" adapterTypeName="executor://xunit/VsTestRunner3/netcore/" className="Gaode.Communication.Tests.CommissioningRecoveryTests" name="FullResetDurablyClosesLiveOrRehydratedOldRunAndAllowsExplicitNewRun" />
    </UnitTest>
    <UnitTest name="Gaode.Communication.Tests.SiteOperationHandshakeTests.StartupAwayFromSafeZeroDoesNotSendStartOrMotion" storage="c:\temp\g11\backend\tests\gaode.communication.tests\bin\debug\net10.0\gaode.communication.tests.dll" id="e4f4f7b4-68aa-c002-c837-3c41c4632dda">
      <Execution id="d18e1a25-c3a2-49a4-a3cc-c2d830861e82" />
      <TestMethod codeBase="C:\Temp\g11\backend\tests\Gaode.Communication.Tests\bin\Debug\net10.0\Gaode.Communication.Tests.dll" adapterTypeName="executor://xunit/VsTestRunner3/netcore/" className="Gaode.Communication.Tests.SiteOperationHandshakeTests" name="StartupAwayFromSafeZeroDoesNotSendStartOrMotion" />
    </UnitTest>
    <UnitTest name="Gaode.Communication.Tests.CommissioningRecoveryTests.InvalidResetAxisStateReportsSpecificCheckInsteadOfResetTimeout(wrongPosition: False)" storage="c:\temp\g11\backend\tests\gaode.communication.tests\bin\debug\net10.0\gaode.communication.tests.dll" id="92095213-527a-e0ed-0792-33272a39dc1b">
      <Execution id="e9b5a73d-3656-4aaa-8304-6ca3b552daa5" />
      <TestMethod codeBase="C:\Temp\g11\backend\tests\Gaode.Communication.Tests\bin\Debug\net10.0\Gaode.Communication.Tests.dll" adapterTypeName="executor://xunit/VsTestRunner3/netcore/" className="Gaode.Communication.Tests.CommissioningRecoveryTests" name="InvalidResetAxisStateReportsSpecificCheckInsteadOfResetTimeout" />
    </UnitTest>
    <UnitTest name="Gaode.Communication.Tests.CommissioningRecoveryTests.RetainedPutBackCompletionStillBlocksRecovery" storage="c:\temp\g11\backend\tests\gaode.communication.tests\bin\debug\net10.0\gaode.communication.tests.dll" id="d9c76221-2763-0c1b-cfac-804a83848ff7">
      <Execution id="53a5d6cd-87fc-4599-9df3-b2b33c877ca6" />
      <TestMethod codeBase="C:\Temp\g11\backend\tests\Gaode.Communication.Tests\bin\Debug\net10.0\Gaode.Communication.Tests.dll" adapterTypeName="executor://xunit/VsTestRunner3/netcore/" className="Gaode.Communication.Tests.CommissioningRecoveryTests" name="RetainedPutBackCompletionStillBlocksRecovery" />
    </UnitTest>
    <UnitTest name="Gaode.Communication.Tests.SiteOperationHandshakeTests.ResetPreconditionReadbackFailureNeverSendsResetOrStart" storage="c:\temp\g11\backend\tests\gaode.communication.tests\bin\debug\net10.0\gaode.communication.tests.dll" id="e730403b-8bb1-41f6-4747-17709ef24717">
      <Execution id="df62aa89-3521-4d7a-9e87-21322944c541" />
      <TestMethod codeBase="C:\Temp\g11\backend\tests\Gaode.Communication.Tests\bin\Debug\net10.0\Gaode.Communication.Tests.dll" adapterTypeName="executor://xunit/VsTestRunner3/netcore/" className="Gaode.Communication.Tests.SiteOperationHandshakeTests" name="ResetPreconditionReadbackFailureNeverSendsResetOrStart" />
    </UnitTest>
    <UnitTest name="Gaode.Communication.Tests.SiteOperationHandshakeTests.SafeZeroToleranceIsIndependentOfMotionTolerance(y: -0.20000000000000001, accepted: True)" storage="c:\temp\g11\backend\tests\gaode.communication.tests\bin\debug\net10.0\gaode.communication.tests.dll" id="01f591e8-bfef-4db4-6396-e2b332b1dd49">
      <Execution id="3fd26f32-cf55-46cc-b789-6ef389509f52" />
      <TestMethod codeBase="C:\Temp\g11\backend\tests\Gaode.Communication.Tests\bin\Debug\net10.0\Gaode.Communication.Tests.dll" adapterTypeName="executor://xunit/VsTestRunner3/netcore/" className="Gaode.Communication.Tests.SiteOperationHandshakeTests" name="SafeZeroToleranceIsIndependentOfMotionTolerance" />
    </UnitTest>
    <UnitTest name="Gaode.Communication.Tests.CommissioningRecoveryTests.FullResetDurablyClosesLiveOrRehydratedOldRunAndAllowsExplicitNewRun(rehydrated: False)" storage="c:\temp\g11\backend\tests\gaode.communication.tests\bin\debug\net10.0\gaode.communication.tests.dll" id="9605d621-3176-d3f4-bb5d-feb97ce91d03">
      <Execution id="8c766df0-7005-4d0c-84b9-b0b7e501bfad" />
      <TestMethod codeBase="C:\Temp\g11\backend\tests\Gaode.Communication.Tests\bin\Debug\net10.0\Gaode.Communication.Tests.dll" adapterTypeName="executor://xunit/VsTestRunner3/netcore/" className="Gaode.Communication.Tests.CommissioningRecoveryTests" name="FullResetDurablyClosesLiveOrRehydratedOldRunAndAllowsExplicitNewRun" />
    </UnitTest>
    <UnitTest name="Gaode.Communication.Tests.CommissioningRecoveryTests.FormalHostPersistenceRestartRestoresHeldRunThenDoesNotRestoreVerifiedCancelledRun" storage="c:\temp\g11\backend\tests\gaode.communication.tests\bin\debug\net10.0\gaode.communication.tests.dll" id="48717e0b-1127-c9e0-8a98-2a9413e85aac">
      <Execution id="481ff567-a4e3-48f9-8790-a8a4b888e9c7" />
      <TestMethod codeBase="C:\Temp\g11\backend\tests\Gaode.Communication.Tests\bin\Debug\net10.0\Gaode.Communication.Tests.dll" adapterTypeName="executor://xunit/VsTestRunner3/netcore/" className="Gaode.Communication.Tests.CommissioningRecoveryTests" name="FormalHostPersistenceRestartRestoresHeldRunThenDoesNotRestoreVerifiedCancelledRun" />
    </UnitTest>
    <UnitTest name="Gaode.Communication.Tests.CommissioningRecoveryTests.ResidualActionRequestsClearBeforeResetAndOldRunClosesDurably" storage="c:\temp\g11\backend\tests\gaode.communication.tests\bin\debug\net10.0\gaode.communication.tests.dll" id="b0e03232-5caa-c257-a760-302fb218275f">
      <Execution id="9bcd0668-70de-4b7e-8a46-36776a7069f8" />
      <TestMethod codeBase="C:\Temp\g11\backend\tests\Gaode.Communication.Tests\bin\Debug\net10.0\Gaode.Communication.Tests.dll" adapterTypeName="executor://xunit/VsTestRunner3/netcore/" className="Gaode.Communication.Tests.CommissioningRecoveryTests" name="ResidualActionRequestsClearBeforeResetAndOldRunClosesDurably" />
    </UnitTest>
    <UnitTest name="Gaode.Communication.Tests.SiteOperationHandshakeTests.ResetReadyZeroTimesOutWithoutClearingOrReplaying" storage="c:\temp\g11\backend\tests\gaode.communication.tests\bin\debug\net10.0\gaode.communication.tests.dll" id="526a317b-795d-79f6-4d03-143111bf3a74">
      <Execution id="44bfe537-b83f-4f36-a185-f5e12fd34a60" />
      <TestMethod codeBase="C:\Temp\g11\backend\tests\Gaode.Communication.Tests\bin\Debug\net10.0\Gaode.Communication.Tests.dll" adapterTypeName="executor://xunit/VsTestRunner3/netcore/" className="Gaode.Communication.Tests.SiteOperationHandshakeTests" name="ResetReadyZeroTimesOutWithoutClearingOrReplaying" />
    </UnitTest>
    <UnitTest name="Gaode.Communication.Tests.CommissioningRecoveryTests.FaultedNeverOpenedCameraCanCloseOldRunWithoutBecomingCaptureReady" storage="c:\temp\g11\backend\tests\gaode.communication.tests\bin\debug\net10.0\gaode.communication.tests.dll" id="36b15e3f-9105-97a5-1ad3-2e834fd51ef9">
      <Execution id="78ab5df0-8dd8-41b1-b799-89c1decec2ad" />
      <TestMethod codeBase="C:\Temp\g11\backend\tests\Gaode.Communication.Tests\bin\Debug\net10.0\Gaode.Communication.Tests.dll" adapterTypeName="executor://xunit/VsTestRunner3/netcore/" className="Gaode.Communication.Tests.CommissioningRecoveryTests" name="FaultedNeverOpenedCameraCanCloseOldRunWithoutBecomingCaptureReady" />
    </UnitTest>
    <UnitTest name="Gaode.Communication.Tests.CommissioningRecoveryTests.InvalidResetAxisStateReportsSpecificCheckInsteadOfResetTimeout(wrongPosition: True)" storage="c:\temp\g11\backend\tests\gaode.communication.tests\bin\debug\net10.0\gaode.communication.tests.dll" id="e491ca38-ae3f-e138-9542-4b9eec64ae2a">
      <Execution id="1c3bb64c-eb2c-4ff0-8885-f0e68657cbe8" />
      <TestMethod codeBase="C:\Temp\g11\backend\tests\Gaode.Communication.Tests\bin\Debug\net10.0\Gaode.Communication.Tests.dll" adapterTypeName="executor://xunit/VsTestRunner3/netcore/" className="Gaode.Communication.Tests.CommissioningRecoveryTests" name="InvalidResetAxisStateReportsSpecificCheckInsteadOfResetTimeout" />
    </UnitTest>
    <UnitTest name="Gaode.Communication.Tests.CommissioningRecoveryTests.InterruptedResetRecordsCancellationObservationAndKeepsOldRunHeld(cancelRequest: False)" storage="c:\temp\g11\backend\tests\gaode.communication.tests\bin\debug\net10.0\gaode.communication.tests.dll" id="c01ccc49-5ba1-cf23-2582-17887df5c9ff">
      <Execution id="ab3d0fe8-887a-46cb-bf48-329069c6086c" />
      <TestMethod codeBase="C:\Temp\g11\backend\tests\Gaode.Communication.Tests\bin\Debug\net10.0\Gaode.Communication.Tests.dll" adapterTypeName="executor://xunit/VsTestRunner3/netcore/" className="Gaode.Communication.Tests.CommissioningRecoveryTests" name="InterruptedResetRecordsCancellationObservationAndKeepsOldRunHeld" />
    </UnitTest>
    <UnitTest name="Gaode.Communication.Tests.SiteOperationHandshakeTests.RotationRetainsArrivalAcrossTwoChangedAngles" storage="c:\temp\g11\backend\tests\gaode.communication.tests\bin\debug\net10.0\gaode.communication.tests.dll" id="33c0e5ad-1a2e-e3a9-2777-50fb737c01b3">
      <Execution id="d85f323c-dc1f-411a-8a6a-ccaf20150e18" />
      <TestMethod codeBase="C:\Temp\g11\backend\tests\Gaode.Communication.Tests\bin\Debug\net10.0\Gaode.Communication.Tests.dll" adapterTypeName="executor://xunit/VsTestRunner3/netcore/" className="Gaode.Communication.Tests.SiteOperationHandshakeTests" name="RotationRetainsArrivalAcrossTwoChangedAngles" />
    </UnitTest>
    <UnitTest name="Gaode.Communication.Tests.SiteOperationHandshakeTests.ConfirmedPolicyDoesNotOverrideCurtainDoorOrUnknownAlarm(alarm: 256)" storage="c:\temp\g11\backend\tests\gaode.communication.tests\bin\debug\net10.0\gaode.communication.tests.dll" id="8ac32f01-0d83-8960-344e-b9929f512f87">
      <Execution id="4a47699c-b525-4630-bef0-dc034319d170" />
      <TestMethod codeBase="C:\Temp\g11\backend\tests\Gaode.Communication.Tests\bin\Debug\net10.0\Gaode.Communication.Tests.dll" adapterTypeName="executor://xunit/VsTestRunner3/netcore/" className="Gaode.Communication.Tests.SiteOperationHandshakeTests" name="ConfirmedPolicyDoesNotOverrideCurtainDoorOrUnknownAlarm" />
    </UnitTest>
    <UnitTest name="Gaode.Communication.Tests.SiteOperationHandshakeTests.SafeZeroToleranceIsIndependentOfMotionTolerance(y: 0.20000000000000001, accepted: True)" storage="c:\temp\g11\backend\tests\gaode.communication.tests\bin\debug\net10.0\gaode.communication.tests.dll" id="8b7e137c-d4aa-faeb-529e-5cdfa59afedd">
      <Execution id="5d2064dc-ccb4-4af1-871f-f0bc2a6e0d9b" />
      <TestMethod codeBase="C:\Temp\g11\backend\tests\Gaode.Communication.Tests\bin\Debug\net10.0\Gaode.Communication.Tests.dll" adapterTypeName="executor://xunit/VsTestRunner3/netcore/" className="Gaode.Communication.Tests.SiteOperationHandshakeTests" name="SafeZeroToleranceIsIndependentOfMotionTolerance" />
    </UnitTest>
    <UnitTest name="Gaode.Communication.Tests.SiteOperationHandshakeTests.ReleasedRequestWithMovingFeedbackIsNotReportedIdle" storage="c:\temp\g11\backend\tests\gaode.communication.tests\bin\debug\net10.0\gaode.communication.tests.dll" id="bbbce9e2-9759-5694-bad1-4ea4929382cb">
      <Execution id="9f4fa8d9-a220-4a82-bdeb-ce2da855915e" />
      <TestMethod codeBase="C:\Temp\g11\backend\tests\Gaode.Communication.Tests\bin\Debug\net10.0\Gaode.Communication.Tests.dll" adapterTypeName="executor://xunit/VsTestRunner3/netcore/" className="Gaode.Communication.Tests.SiteOperationHandshakeTests" name="ReleasedRequestWithMovingFeedbackIsNotReportedIdle" />
    </UnitTest>
    <UnitTest name="Gaode.Communication.Tests.SiteOperationHandshakeTests.AcknowledgedClearWithoutZeroReadbackBlocksSystemReset" storage="c:\temp\g11\backend\tests\gaode.communication.tests\bin\debug\net10.0\gaode.communication.tests.dll" id="6a459d7e-6ebe-8f31-2f01-0073751cbfd5">
      <Execution id="b1379030-39fb-486e-b235-f88ca14f1b40" />
      <TestMethod codeBase="C:\Temp\g11\backend\tests\Gaode.Communication.Tests\bin\Debug\net10.0\Gaode.Communication.Tests.dll" adapterTypeName="executor://xunit/VsTestRunner3/netcore/" className="Gaode.Communication.Tests.SiteOperationHandshakeTests" name="AcknowledgedClearWithoutZeroReadbackBlocksSystemReset" />
    </UnitTest>
    <UnitTest name="Gaode.Communication.Tests.SiteOperationHandshakeTests.ResetWaitsForFreshReadyAfterRequestInsteadOfUsingEarlierReady(initiallySoftStopped: False)" storage="c:\temp\g11\backend\tests\gaode.communication.tests\bin\debug\net10.0\gaode.communication.tests.dll" id="3112a5fc-4dd2-bd10-033c-8c81cab69ba0">
      <Execution id="b4808b95-2a54-4303-8aee-f9e2ea80cd03" />
      <TestMethod codeBase="C:\Temp\g11\backend\tests\Gaode.Communication.Tests\bin\Debug\net10.0\Gaode.Communication.Tests.dll" adapterTypeName="executor://xunit/VsTestRunner3/netcore/" className="Gaode.Communication.Tests.SiteOperationHandshakeTests" name="ResetWaitsForFreshReadyAfterRequestInsteadOfUsingEarlierReady" />
    </UnitTest>
    <UnitTest name="Gaode.Communication.Tests.SiteOperationHandshakeTests.PcRequestNotClearedStillBlocksEvenWhenArrivalIsCorrect" storage="c:\temp\g11\backend\tests\gaode.communication.tests\bin\debug\net10.0\gaode.communication.tests.dll" id="58e77447-a046-2cd7-c0e9-99ce39f312d6">
      <Execution id="e38c6e52-805d-4fed-bd36-360648d657f3" />
      <TestMethod codeBase="C:\Temp\g11\backend\tests\Gaode.Communication.Tests\bin\Debug\net10.0\Gaode.Communication.Tests.dll" adapterTypeName="executor://xunit/VsTestRunner3/netcore/" className="Gaode.Communication.Tests.SiteOperationHandshakeTests" name="PcRequestNotClearedStillBlocksEvenWhenArrivalIsCorrect" />
    </UnitTest>
    <UnitTest name="Gaode.Communication.Tests.SiteOperationHandshakeTests.ReadyCompletionClearsResetRequestEvenWhenPositionVerificationBlocks" storage="c:\temp\g11\backend\tests\gaode.communication.tests\bin\debug\net10.0\gaode.communication.tests.dll" id="8fd6cf83-0ad4-f5d2-cd50-e4fe372ea361">
      <Execution id="e289d8b0-22fe-4ff2-8021-6d16801b4be3" />
      <TestMethod codeBase="C:\Temp\g11\backend\tests\Gaode.Communication.Tests\bin\Debug\net10.0\Gaode.Communication.Tests.dll" adapterTypeName="executor://xunit/VsTestRunner3/netcore/" className="Gaode.Communication.Tests.SiteOperationHandshakeTests" name="ReadyCompletionClearsResetRequestEvenWhenPositionVerificationBlocks" />
    </UnitTest>
    <UnitTest name="Gaode.Communication.Tests.SiteOperationHandshakeTests.StartClearsAfterFullActualXYAndZClosureAndSameCoordinateReuseStillWorks" storage="c:\temp\g11\backend\tests\gaode.communication.tests\bin\debug\net10.0\gaode.communication.tests.dll" id="a5ace3c4-9a69-d270-377a-91a5c934e8eb">
      <Execution id="3a747f7f-e26b-4718-ab11-ab613d4f2229" />
      <TestMethod codeBase="C:\Temp\g11\backend\tests\Gaode.Communication.Tests\bin\Debug\net10.0\Gaode.Communication.Tests.dll" adapterTypeName="executor://xunit/VsTestRunner3/netcore/" className="Gaode.Communication.Tests.SiteOperationHandshakeTests" name="StartClearsAfterFullActualXYAndZClosureAndSameCoordinateReuseStillWorks" />
    </UnitTest>
    <UnitTest name="Gaode.Communication.Tests.SiteOperationHandshakeTests.OldArrivalAndEvenTargetCoordinatesCannotCompleteWithoutNewMoving" storage="c:\temp\g11\backend\tests\gaode.communication.tests\bin\debug\net10.0\gaode.communication.tests.dll" id="0a6d705d-d06f-fd58-1d10-5e4b2c57af51">
      <Execution id="e3460df9-172d-4e5a-9544-4ccb52bbffc6" />
      <TestMethod codeBase="C:\Temp\g11\backend\tests\Gaode.Communication.Tests\bin\Debug\net10.0\Gaode.Communication.Tests.dll" adapterTypeName="executor://xunit/VsTestRunner3/netcore/" className="Gaode.Communication.Tests.SiteOperationHandshakeTests" name="OldArrivalAndEvenTargetCoordinatesCannotCompleteWithoutNewMoving" />
    </UnitTest>
    <UnitTest name="Gaode.Communication.Tests.CommissioningRecoveryTests.FailedCancellationSaveKeepsOldRunAndOwnersHeldDespitePhysicalReset" storage="c:\temp\g11\backend\tests\gaode.communication.tests\bin\debug\net10.0\gaode.communication.tests.dll" id="94033269-5cc7-f2d7-fe3f-9c2770d966ea">
      <Execution id="8edd81cd-e994-4ddd-bc89-df176317ee83" />
      <TestMethod codeBase="C:\Temp\g11\backend\tests\Gaode.Communication.Tests\bin\Debug\net10.0\Gaode.Communication.Tests.dll" adapterTypeName="executor://xunit/VsTestRunner3/netcore/" className="Gaode.Communication.Tests.CommissioningRecoveryTests" name="FailedCancellationSaveKeepsOldRunAndOwnersHeldDespitePhysicalReset" />
    </UnitTest>
    <UnitTest name="Gaode.Communication.Tests.SiteOperationHandshakeTests.SoftStopRequestsStopWithoutResetOrHomingAndHoldsUnknown" storage="c:\temp\g11\backend\tests\gaode.communication.tests\bin\debug\net10.0\gaode.communication.tests.dll" id="f8539f2b-aa75-b463-1039-7e501d211002">
      <Execution id="d23732c3-0d95-4dcb-a142-6914bacf1d12" />
      <TestMethod codeBase="C:\Temp\g11\backend\tests\Gaode.Communication.Tests\bin\Debug\net10.0\Gaode.Communication.Tests.dll" adapterTypeName="executor://xunit/VsTestRunner3/netcore/" className="Gaode.Communication.Tests.SiteOperationHandshakeTests" name="SoftStopRequestsStopWithoutResetOrHomingAndHoldsUnknown" />
    </UnitTest>
    <UnitTest name="Gaode.Communication.Tests.SiteOperationHandshakeTests.ConfirmedPolicyDoesNotOverrideCurtainDoorOrUnknownAlarm(alarm: 4)" storage="c:\temp\g11\backend\tests\gaode.communication.tests\bin\debug\net10.0\gaode.communication.tests.dll" id="09787cc1-0164-870e-fb0b-2366eac47b7c">
      <Execution id="bad99f18-efd7-4068-8ebe-f1793a14b0f9" />
      <TestMethod codeBase="C:\Temp\g11\backend\tests\Gaode.Communication.Tests\bin\Debug\net10.0\Gaode.Communication.Tests.dll" adapterTypeName="executor://xunit/VsTestRunner3/netcore/" className="Gaode.Communication.Tests.SiteOperationHandshakeTests" name="ConfirmedPolicyDoesNotOverrideCurtainDoorOrUnknownAlarm" />
    </UnitTest>
    <UnitTest name="Gaode.Communication.Tests.SiteOperationHandshakeTests.ResetWaitsForFreshReadyAfterRequestInsteadOfUsingEarlierReady(initiallySoftStopped: True)" storage="c:\temp\g11\backend\tests\gaode.communication.tests\bin\debug\net10.0\gaode.communication.tests.dll" id="98ca9731-6a72-1517-3af9-07280117e1e5">
      <Execution id="81aa3aa2-7f02-4eae-af7b-b9aa57b54695" />
      <TestMethod codeBase="C:\Temp\g11\backend\tests\Gaode.Communication.Tests\bin\Debug\net10.0\Gaode.Communication.Tests.dll" adapterTypeName="executor://xunit/VsTestRunner3/netcore/" className="Gaode.Communication.Tests.SiteOperationHandshakeTests" name="ResetWaitsForFreshReadyAfterRequestInsteadOfUsingEarlierReady" />
    </UnitTest>
    <UnitTest name="Gaode.Communication.Tests.CommissioningRecoveryTests.ActiveExecutionOrResourcesBlockBeforeAnyReset(activeExecution: False)" storage="c:\temp\g11\backend\tests\gaode.communication.tests\bin\debug\net10.0\gaode.communication.tests.dll" id="55bf6208-a608-e197-8149-ffa07e3a8e47">
      <Execution id="2b500534-52ff-4818-aa91-e4648d526b6e" />
      <TestMethod codeBase="C:\Temp\g11\backend\tests\Gaode.Communication.Tests\bin\Debug\net10.0\Gaode.Communication.Tests.dll" adapterTypeName="executor://xunit/VsTestRunner3/netcore/" className="Gaode.Communication.Tests.CommissioningRecoveryTests" name="ActiveExecutionOrResourcesBlockBeforeAnyReset" />
    </UnitTest>
  </TestDefinitions>
  <TestEntries>
    <TestEntry testId="8b7e137c-d4aa-faeb-529e-5cdfa59afedd" executionId="5d2064dc-ccb4-4af1-871f-f0bc2a6e0d9b" testListId="8c84fa94-04c1-424b-9868-57a2d4851a1d" />
    <TestEntry testId="fed900f4-32f1-3be8-2cf9-8f9725ae779d" executionId="5d2e2826-96d3-45b6-8d86-4bc0e8ddb748" testListId="8c84fa94-04c1-424b-9868-57a2d4851a1d" />
    <TestEntry testId="33c0e5ad-1a2e-e3a9-2777-50fb737c01b3" executionId="d85f323c-dc1f-411a-8a6a-ccaf20150e18" testListId="8c84fa94-04c1-424b-9868-57a2d4851a1d" />
    <TestEntry testId="8fd6cf83-0ad4-f5d2-cd50-e4fe372ea361" executionId="e289d8b0-22fe-4ff2-8021-6d16801b4be3" testListId="8c84fa94-04c1-424b-9868-57a2d4851a1d" />
    <TestEntry testId="7bba27fa-4a13-705e-4c88-e7f92383fff6" executionId="643a2d6a-e655-4154-b894-39c684670882" testListId="8c84fa94-04c1-424b-9868-57a2d4851a1d" />
    <TestEntry testId="3112a5fc-4dd2-bd10-033c-8c81cab69ba0" executionId="b4808b95-2a54-4303-8aee-f9e2ea80cd03" testListId="8c84fa94-04c1-424b-9868-57a2d4851a1d" />
    <TestEntry testId="6a459d7e-6ebe-8f31-2f01-0073751cbfd5" executionId="b1379030-39fb-486e-b235-f88ca14f1b40" testListId="8c84fa94-04c1-424b-9868-57a2d4851a1d" />
    <TestEntry testId="98ca9731-6a72-1517-3af9-07280117e1e5" executionId="81aa3aa2-7f02-4eae-af7b-b9aa57b54695" testListId="8c84fa94-04c1-424b-9868-57a2d4851a1d" />
    <TestEntry testId="ee8e5b9e-478f-6714-16d9-22fd8350e3e8" executionId="d08765b6-f92a-4993-a4cd-692d60f6831c" testListId="8c84fa94-04c1-424b-9868-57a2d4851a1d" />
    <TestEntry testId="0a6d705d-d06f-fd58-1d10-5e4b2c57af51" executionId="e3460df9-172d-4e5a-9544-4ccb52bbffc6" testListId="8c84fa94-04c1-424b-9868-57a2d4851a1d" />
    <TestEntry testId="92095213-527a-e0ed-0792-33272a39dc1b" executionId="e9b5a73d-3656-4aaa-8304-6ca3b552daa5" testListId="8c84fa94-04c1-424b-9868-57a2d4851a1d" />
    <TestEntry testId="9605d621-3176-d3f4-bb5d-feb97ce91d03" executionId="8c766df0-7005-4d0c-84b9-b0b7e501bfad" testListId="8c84fa94-04c1-424b-9868-57a2d4851a1d" />
    <TestEntry testId="36b15e3f-9105-97a5-1ad3-2e834fd51ef9" executionId="78ab5df0-8dd8-41b1-b799-89c1decec2ad" testListId="8c84fa94-04c1-424b-9868-57a2d4851a1d" />
    <TestEntry testId="e4f4f7b4-68aa-c002-c837-3c41c4632dda" executionId="d18e1a25-c3a2-49a4-a3cc-c2d830861e82" testListId="8c84fa94-04c1-424b-9868-57a2d4851a1d" />
    <TestEntry testId="b0e03232-5caa-c257-a760-302fb218275f" executionId="9bcd0668-70de-4b7e-8a46-36776a7069f8" testListId="8c84fa94-04c1-424b-9868-57a2d4851a1d" />
    <TestEntry testId="f8539f2b-aa75-b463-1039-7e501d211002" executionId="d23732c3-0d95-4dcb-a142-6914bacf1d12" testListId="8c84fa94-04c1-424b-9868-57a2d4851a1d" />
    <TestEntry testId="291e94f5-c76d-7dd9-71d7-1a02a7e4c5a2" executionId="1b855cca-a7ce-4600-a0c3-dd2c5f001e28" testListId="8c84fa94-04c1-424b-9868-57a2d4851a1d" />
    <TestEntry testId="bbbce9e2-9759-5694-bad1-4ea4929382cb" executionId="9f4fa8d9-a220-4a82-bdeb-ce2da855915e" testListId="8c84fa94-04c1-424b-9868-57a2d4851a1d" />
    <TestEntry testId="8daa2e1d-7a9e-5009-9b5b-e8f6829c8986" executionId="9f045286-2c40-4dc8-be5b-aae85dc96d86" testListId="8c84fa94-04c1-424b-9868-57a2d4851a1d" />
    <TestEntry testId="48717e0b-1127-c9e0-8a98-2a9413e85aac" executionId="481ff567-a4e3-48f9-8790-a8a4b888e9c7" testListId="8c84fa94-04c1-424b-9868-57a2d4851a1d" />
    <TestEntry testId="e730403b-8bb1-41f6-4747-17709ef24717" executionId="df62aa89-3521-4d7a-9e87-21322944c541" testListId="8c84fa94-04c1-424b-9868-57a2d4851a1d" />
    <TestEntry testId="7d8fab4e-2be3-4574-4866-6437364c573c" executionId="1180e57e-c643-4e9d-aaaf-1ff083d1d569" testListId="8c84fa94-04c1-424b-9868-57a2d4851a1d" />
    <TestEntry testId="8fcce42f-dab4-8e5d-0e8b-7561614390f2" executionId="4efd6a05-805b-4cb8-8d49-06e3ab7569a2" testListId="8c84fa94-04c1-424b-9868-57a2d4851a1d" />
    <TestEntry testId="94033269-5cc7-f2d7-fe3f-9c2770d966ea" executionId="8edd81cd-e994-4ddd-bc89-df176317ee83" testListId="8c84fa94-04c1-424b-9868-57a2d4851a1d" />
    <TestEntry testId="d9c76221-2763-0c1b-cfac-804a83848ff7" executionId="53a5d6cd-87fc-4599-9df3-b2b33c877ca6" testListId="8c84fa94-04c1-424b-9868-57a2d4851a1d" />
    <TestEntry testId="3d76f878-7baa-4040-fa0a-0d83a02becd7" executionId="a89528a2-cc94-4f8d-8adf-0b26dbd801c1" testListId="8c84fa94-04c1-424b-9868-57a2d4851a1d" />
    <TestEntry testId="8ac32f01-0d83-8960-344e-b9929f512f87" executionId="4a47699c-b525-4630-bef0-dc034319d170" testListId="8c84fa94-04c1-424b-9868-57a2d4851a1d" />
    <TestEntry testId="57c27512-9bd0-c9ad-28dc-990a62f69c2b" executionId="ed1a289e-c46c-4b17-847a-c3d9857392ff" testListId="8c84fa94-04c1-424b-9868-57a2d4851a1d" />
    <TestEntry testId="526a317b-795d-79f6-4d03-143111bf3a74" executionId="44bfe537-b83f-4f36-a185-f5e12fd34a60" testListId="8c84fa94-04c1-424b-9868-57a2d4851a1d" />
    <TestEntry testId="3a6e5a79-d0a4-3967-2b0c-a49906c11f1c" executionId="0b3e38be-944d-4fb3-983f-85f007fe6250" testListId="8c84fa94-04c1-424b-9868-57a2d4851a1d" />
    <TestEntry testId="09787cc1-0164-870e-fb0b-2366eac47b7c" executionId="bad99f18-efd7-4068-8ebe-f1793a14b0f9" testListId="8c84fa94-04c1-424b-9868-57a2d4851a1d" />
    <TestEntry testId="a5ace3c4-9a69-d270-377a-91a5c934e8eb" executionId="3a747f7f-e26b-4718-ab11-ab613d4f2229" testListId="8c84fa94-04c1-424b-9868-57a2d4851a1d" />
    <TestEntry testId="e491ca38-ae3f-e138-9542-4b9eec64ae2a" executionId="1c3bb64c-eb2c-4ff0-8885-f0e68657cbe8" testListId="8c84fa94-04c1-424b-9868-57a2d4851a1d" />
    <TestEntry testId="d44f45c9-d6df-fab5-342f-e722dd330791" executionId="9b95861e-18f7-4212-b6e5-f9b83d1d11e5" testListId="8c84fa94-04c1-424b-9868-57a2d4851a1d" />
    <TestEntry testId="c01ccc49-5ba1-cf23-2582-17887df5c9ff" executionId="ab3d0fe8-887a-46cb-bf48-329069c6086c" testListId="8c84fa94-04c1-424b-9868-57a2d4851a1d" />
    <TestEntry testId="55bf6208-a608-e197-8149-ffa07e3a8e47" executionId="2b500534-52ff-4818-aa91-e4648d526b6e" testListId="8c84fa94-04c1-424b-9868-57a2d4851a1d" />
    <TestEntry testId="e7e43bb6-0456-eb4c-5f54-a4cf028bd3d7" executionId="6fc42be6-3dc7-45e5-b1b6-6747ca21c4a7" testListId="8c84fa94-04c1-424b-9868-57a2d4851a1d" />
    <TestEntry testId="58e77447-a046-2cd7-c0e9-99ce39f312d6" executionId="e38c6e52-805d-4fed-bd36-360648d657f3" testListId="8c84fa94-04c1-424b-9868-57a2d4851a1d" />
    <TestEntry testId="f147e2af-2764-eca4-da02-eb4385f7c1e9" executionId="2ce2964a-ca1a-45a6-8360-93978e329d8e" testListId="8c84fa94-04c1-424b-9868-57a2d4851a1d" />
    <TestEntry testId="fcd0ec70-f888-1a1b-7547-fbfa04f6d47c" executionId="f742ab3e-2709-4772-bdb0-c07acb700a7b" testListId="8c84fa94-04c1-424b-9868-57a2d4851a1d" />
    <TestEntry testId="01f591e8-bfef-4db4-6396-e2b332b1dd49" executionId="3fd26f32-cf55-46cc-b789-6ef389509f52" testListId="8c84fa94-04c1-424b-9868-57a2d4851a1d" />
    <TestEntry testId="397f9326-8e3d-ef4d-151d-58b9264b2405" executionId="cbc20e6a-3bd1-45af-b7d9-c0578f598255" testListId="8c84fa94-04c1-424b-9868-57a2d4851a1d" />
    <TestEntry testId="49b6e124-2234-40b1-0e04-750b8eb65929" executionId="82a7a55d-1f52-45c5-bed3-78642c2ddf20" testListId="8c84fa94-04c1-424b-9868-57a2d4851a1d" />
  </TestEntries>
  <TestLists>
    <TestList name="列表中未列出的结果" id="8c84fa94-04c1-424b-9868-57a2d4851a1d" />
    <TestList name="所有已加载的结果" id="19431567-8539-422a-85d7-44ee4e166bda" />
  </TestLists>
  <ResultSummary outcome="Completed">
    <Counters total="43" executed="43" passed="43" failed="0" error="0" timeout="0" aborted="0" inconclusive="0" passedButRunAborted="0" notRunnable="0" notExecuted="0" disconnected="0" warning="0" completed="0" inProgress="0" pending="0" />
    <Output>
      <StdOut>[xUnit.net 00:00:00.00] xUnit.net VSTest Adapter v3.1.5+1b188a7b0a (64-bit .NET 10.0.12)&#xD;
[xUnit.net 00:00:00.11]   Discovering: Gaode.Communication.Tests&#xD;
[xUnit.net 00:00:00.15]   Discovered:  Gaode.Communication.Tests&#xD;
[xUnit.net 00:00:00.17]   Starting:    Gaode.Communication.Tests&#xD;
[xUnit.net 00:00:19.74]   Finished:    Gaode.Communication.Tests&#xD;
</StdOut>
    </Output>
  </ResultSummary>
</TestRun>