<?xml version="1.0" encoding="utf-8"?>
<TestRun id="351fb6a0-5594-4541-8e19-34b777ef885d" name="codexsandboxonline@10_3_0_13 2026-10-09 02:39:58" runUser="10_3_0_13\CodexSandboxOnline" xmlns="http://microsoft.com/schemas/VisualStudio/TeamTest/2010">
  <Times creation="2026-10-09T02:39:58.4331382+08:00" queuing="2026-10-09T02:39:58.4331385+08:00" start="2026-10-09T02:39:43.4238432+08:00" finish="2026-10-09T02:40:34.1606839+08:00" />
  <TestSettings name="default" id="9079a32b-07ce-4a91-ae7f-d370334878fa">
    <Deployment runDeploymentRoot="codexsandboxonline_10_3_0_13_2026-10-09_02_39_58" />
  </TestSettings>
  <Results>
    <UnitTestResult executionId="d52411b7-6358-4736-aeee-f081a6576301" testId="09787cc1-0164-870e-fb0b-2366eac47b7c" testName="Gaode.Communication.Tests.SiteOperationHandshakeTests.ConfirmedPolicyDoesNotOverrideCurtainDoorOrUnknownAlarm(alarm: 4)" computerName="10_3_0_13" duration="00:00:02.4075947" startTime="2026-10-09T02:40:04.9166124+08:00" endTime="2026-10-09T02:40:07.3868062+08:00" testType="13cdc9d9-ddb5-4fa4-a97d-d965ccfc6d4b" outcome="Passed" testListId="8c84fa94-04c1-424b-9868-57a2d4851a1d" relativeResultsDirectory="d52411b7-6358-4736-aeee-f081a6576301" />
    <UnitTestResult executionId="1b671215-b986-4ec7-af52-22459f95b3c1" testId="3a6e5a79-d0a4-3967-2b0c-a49906c11f1c" testName="Gaode.Communication.Tests.CommissioningRecoveryTests.ActiveExecutionOrResourcesBlockBeforeAnyReset(activeExecution: True)" computerName="10_3_0_13" duration="00:00:00.8481000" startTime="2026-10-09T02:40:28.0650104+08:00" endTime="2026-10-09T02:40:28.9151521+08:00" testType="13cdc9d9-ddb5-4fa4-a97d-d965ccfc6d4b" outcome="Passed" testListId="8c84fa94-04c1-424b-9868-57a2d4851a1d" relativeResultsDirectory="1b671215-b986-4ec7-af52-22459f95b3c1" />
    <UnitTestResult executionId="58d92c23-5cff-4904-94d4-489bd9f198a6" testId="e4f4f7b4-68aa-c002-c837-3c41c4632dda" testName="Gaode.Communication.Tests.SiteOperationHandshakeTests.StartupAwayFromSafeZeroDoesNotSendStartOrMotion" computerName="10_3_0_13" duration="00:00:01.2569859" startTime="2026-10-09T02:40:13.3226136+08:00" endTime="2026-10-09T02:40:14.5910784+08:00" testType="13cdc9d9-ddb5-4fa4-a97d-d965ccfc6d4b" outcome="Passed" testListId="8c84fa94-04c1-424b-9868-57a2d4851a1d" relativeResultsDirectory="58d92c23-5cff-4904-94d4-489bd9f198a6" />
    <UnitTestResult executionId="d782d4c5-1e37-48f9-8b66-b895f14a9c31" testId="8fd6cf83-0ad4-f5d2-cd50-e4fe372ea361" testName="Gaode.Communication.Tests.SiteOperationHandshakeTests.ReadyCompletionClearsResetRequestEvenWhenPositionVerificationBlocks" computerName="10_3_0_13" duration="00:00:07.2752662" startTime="2026-10-09T02:39:50.6825109+08:00" endTime="2026-10-09T02:39:58.1157591+08:00" testType="13cdc9d9-ddb5-4fa4-a97d-d965ccfc6d4b" outcome="Passed" testListId="8c84fa94-04c1-424b-9868-57a2d4851a1d" relativeResultsDirectory="d782d4c5-1e37-48f9-8b66-b895f14a9c31" />
    <UnitTestResult executionId="3f9ed257-9e11-4d33-a908-c4018605db55" testId="f147e2af-2764-eca4-da02-eb4385f7c1e9" testName="Gaode.Communication.Tests.CommissioningRecoveryTests.ReadyOneWithoutThisResetOrWithoutRestorationPolicyNeverPassesRecovery" computerName="10_3_0_13" duration="00:00:01.0960633" startTime="2026-10-09T02:40:23.7331415+08:00" endTime="2026-10-09T02:40:24.8306522+08:00" testType="13cdc9d9-ddb5-4fa4-a97d-d965ccfc6d4b" outcome="Passed" testListId="8c84fa94-04c1-424b-9868-57a2d4851a1d" relativeResultsDirectory="3f9ed257-9e11-4d33-a908-c4018605db55" />
    <UnitTestResult executionId="458185ca-cbd2-47af-a683-55d03ed8c3d4" testId="94033269-5cc7-f2d7-fe3f-9c2770d966ea" testName="Gaode.Communication.Tests.CommissioningRecoveryTests.FailedCancellationSaveKeepsOldRunAndOwnersHeldDespitePhysicalReset" computerName="10_3_0_13" duration="00:00:01.2172497" startTime="2026-10-09T02:40:22.5118583+08:00" endTime="2026-10-09T02:40:23.7316912+08:00" testType="13cdc9d9-ddb5-4fa4-a97d-d965ccfc6d4b" outcome="Passed" testListId="8c84fa94-04c1-424b-9868-57a2d4851a1d" relativeResultsDirectory="458185ca-cbd2-47af-a683-55d03ed8c3d4" />
    <UnitTestResult executionId="13c72c2e-9fbb-4151-a168-70fb93b51684" testId="8ac32f01-0d83-8960-344e-b9929f512f87" testName="Gaode.Communication.Tests.SiteOperationHandshakeTests.ConfirmedPolicyDoesNotOverrideCurtainDoorOrUnknownAlarm(alarm: 256)" computerName="10_3_0_13" duration="00:00:01.7827548" startTime="2026-10-09T02:40:02.7774389+08:00" endTime="2026-10-09T02:40:04.9151184+08:00" testType="13cdc9d9-ddb5-4fa4-a97d-d965ccfc6d4b" outcome="Passed" testListId="8c84fa94-04c1-424b-9868-57a2d4851a1d" relativeResultsDirectory="13c72c2e-9fbb-4151-a168-70fb93b51684" />
    <UnitTestResult executionId="5bd122a1-5211-44bd-8c1a-75eb5461290e" testId="f8539f2b-aa75-b463-1039-7e501d211002" testName="Gaode.Communication.Tests.SiteOperationHandshakeTests.SoftStopRequestsStopWithoutResetOrHomingAndHoldsUnknown" computerName="10_3_0_13" duration="00:00:00.5700395" startTime="2026-10-09T02:40:19.5781040+08:00" endTime="2026-10-09T02:40:20.1502321+08:00" testType="13cdc9d9-ddb5-4fa4-a97d-d965ccfc6d4b" outcome="Passed" testListId="8c84fa94-04c1-424b-9868-57a2d4851a1d" relativeResultsDirectory="5bd122a1-5211-44bd-8c1a-75eb5461290e" />
    <UnitTestResult executionId="af24b0f4-c659-4a19-9c9a-c90f2d5e224c" testId="55bf6208-a608-e197-8149-ffa07e3a8e47" testName="Gaode.Communication.Tests.CommissioningRecoveryTests.ActiveExecutionOrResourcesBlockBeforeAnyReset(activeExecution: False)" computerName="10_3_0_13" duration="00:00:00.4623635" startTime="2026-10-09T02:40:28.9159584+08:00" endTime="2026-10-09T02:40:29.3799859+08:00" testType="13cdc9d9-ddb5-4fa4-a97d-d965ccfc6d4b" outcome="Passed" testListId="8c84fa94-04c1-424b-9868-57a2d4851a1d" relativeResultsDirectory="af24b0f4-c659-4a19-9c9a-c90f2d5e224c" />
    <UnitTestResult executionId="696d37f6-6575-4684-af7c-5f31743fe969" testId="526a317b-795d-79f6-4d03-143111bf3a74" testName="Gaode.Communication.Tests.SiteOperationHandshakeTests.ResetReadyZeroTimesOutWithoutClearingOrReplaying" computerName="10_3_0_13" duration="00:00:02.3813170" startTime="2026-10-09T02:40:14.5925740+08:00" endTime="2026-10-09T02:40:16.9879763+08:00" testType="13cdc9d9-ddb5-4fa4-a97d-d965ccfc6d4b" outcome="Passed" testListId="8c84fa94-04c1-424b-9868-57a2d4851a1d" relativeResultsDirectory="696d37f6-6575-4684-af7c-5f31743fe969" />
    <UnitTestResult executionId="913c1e61-314e-4d20-b35f-e3e13a8a4767" testId="8fcce42f-dab4-8e5d-0e8b-7561614390f2" testName="Gaode.Communication.Tests.CommissioningRecoveryTests.FullResetDurablyClosesLiveOrRehydratedOldRunAndAllowsExplicitNewRun(rehydrated: True)" computerName="10_3_0_13" duration="00:00:01.5945598" startTime="2026-10-09T02:40:20.1577167+08:00" endTime="2026-10-09T02:40:21.8311350+08:00" testType="13cdc9d9-ddb5-4fa4-a97d-d965ccfc6d4b" outcome="Passed" testListId="8c84fa94-04c1-424b-9868-57a2d4851a1d" relativeResultsDirectory="913c1e61-314e-4d20-b35f-e3e13a8a4767" />
    <UnitTestResult executionId="ee658fe9-aa24-46cf-b139-eb9db2e6f6b2" testId="ee8e5b9e-478f-6714-16d9-22fd8350e3e8" testName="Gaode.Communication.Tests.SiteOperationHandshakeTests.ResetCompletesFromFreshReadyOneWithoutObservingZero" computerName="10_3_0_13" duration="00:00:01.9065338" startTime="2026-10-09T02:39:58.6334575+08:00" endTime="2026-10-09T02:40:00.4037943+08:00" testType="13cdc9d9-ddb5-4fa4-a97d-d965ccfc6d4b" outcome="Passed" testListId="8c84fa94-04c1-424b-9868-57a2d4851a1d" relativeResultsDirectory="ee658fe9-aa24-46cf-b139-eb9db2e6f6b2" />
    <UnitTestResult executionId="451d02f6-4189-44a1-9937-ea9f3709f5f2" testId="fcd0ec70-f888-1a1b-7547-fbfa04f6d47c" testName="Gaode.Communication.Tests.SiteOperationHandshakeTests.ConfirmedPolicyDoesNotOverrideCurtainDoorOrUnknownAlarm(alarm: 1)" computerName="10_3_0_13" duration="00:00:02.1240301" startTime="2026-10-09T02:40:00.4124346+08:00" endTime="2026-10-09T02:40:02.7754209+08:00" testType="13cdc9d9-ddb5-4fa4-a97d-d965ccfc6d4b" outcome="Passed" testListId="8c84fa94-04c1-424b-9868-57a2d4851a1d" relativeResultsDirectory="451d02f6-4189-44a1-9937-ea9f3709f5f2" />
    <UnitTestResult executionId="924c6c64-4776-41cc-afac-acf44b1a56cb" testId="291e94f5-c76d-7dd9-71d7-1a02a7e4c5a2" testName="Gaode.Communication.Tests.CommissioningRecoveryTests.StaleFlipFeedbackBlocksRecoveryAndNewRun" computerName="10_3_0_13" duration="00:00:02.4704910" startTime="2026-10-09T02:40:29.3809843+08:00" endTime="2026-10-09T02:40:31.8539138+08:00" testType="13cdc9d9-ddb5-4fa4-a97d-d965ccfc6d4b" outcome="Passed" testListId="8c84fa94-04c1-424b-9868-57a2d4851a1d" relativeResultsDirectory="924c6c64-4776-41cc-afac-acf44b1a56cb" />
    <UnitTestResult executionId="314c3e79-647a-4024-b954-76004d0aae57" testId="48717e0b-1127-c9e0-8a98-2a9413e85aac" testName="Gaode.Communication.Tests.CommissioningRecoveryTests.FormalHostPersistenceRestartRestoresHeldRunThenDoesNotRestoreVerifiedCancelledRun" computerName="10_3_0_13" duration="00:00:01.5424501" startTime="2026-10-09T02:40:31.8548823+08:00" endTime="2026-10-09T02:40:33.5503157+08:00" testType="13cdc9d9-ddb5-4fa4-a97d-d965ccfc6d4b" outcome="Passed" testListId="8c84fa94-04c1-424b-9868-57a2d4851a1d" relativeResultsDirectory="314c3e79-647a-4024-b954-76004d0aae57" />
    <UnitTestResult executionId="a1acb40b-e7b0-4952-b3b0-104b294b89cb" testId="a5ace3c4-9a69-d270-377a-91a5c934e8eb" testName="Gaode.Communication.Tests.SiteOperationHandshakeTests.StartClearsAfterFullActualXYAndZClosureAndSameCoordinateReuseStillWorks" computerName="10_3_0_13" duration="00:00:01.8449409" startTime="2026-10-09T02:40:17.7299230+08:00" endTime="2026-10-09T02:40:19.5770083+08:00" testType="13cdc9d9-ddb5-4fa4-a97d-d965ccfc6d4b" outcome="Passed" testListId="8c84fa94-04c1-424b-9868-57a2d4851a1d" relativeResultsDirectory="a1acb40b-e7b0-4952-b3b0-104b294b89cb" />
    <UnitTestResult executionId="424a8eea-b816-49fa-8106-d96e31fd2ca0" testId="3d76f878-7baa-4040-fa0a-0d83a02becd7" testName="Gaode.Communication.Tests.SiteOperationHandshakeTests.PreviousResetRequestIsNotClearedOrReplayed" computerName="10_3_0_13" duration="00:00:00.7358691" startTime="2026-10-09T02:40:16.9910536+08:00" endTime="2026-10-09T02:40:17.7288955+08:00" testType="13cdc9d9-ddb5-4fa4-a97d-d965ccfc6d4b" outcome="Passed" testListId="8c84fa94-04c1-424b-9868-57a2d4851a1d" relativeResultsDirectory="424a8eea-b816-49fa-8106-d96e31fd2ca0" />
    <UnitTestResult executionId="305e8425-272e-4eb9-a28a-0115063914f7" testId="e730403b-8bb1-41f6-4747-17709ef24717" testName="Gaode.Communication.Tests.SiteOperationHandshakeTests.ResetPreconditionReadbackFailureNeverSendsResetOrStart" computerName="10_3_0_13" duration="00:00:01.2701651" startTime="2026-10-09T02:40:11.6851815+08:00" endTime="2026-10-09T02:40:13.3195592+08:00" testType="13cdc9d9-ddb5-4fa4-a97d-d965ccfc6d4b" outcome="Passed" testListId="8c84fa94-04c1-424b-9868-57a2d4851a1d" relativeResultsDirectory="305e8425-272e-4eb9-a28a-0115063914f7" />
    <UnitTestResult executionId="3f50579d-a120-474a-a3c6-95f5e410d1c1" testId="3112a5fc-4dd2-bd10-033c-8c81cab69ba0" testName="Gaode.Communication.Tests.SiteOperationHandshakeTests.ResetWaitsForFreshReadyAfterRequestInsteadOfUsingEarlierReady(initiallySoftStopped: False)" computerName="10_3_0_13" duration="00:00:02.0107098" startTime="2026-10-09T02:40:07.3926693+08:00" endTime="2026-10-09T02:40:09.5739153+08:00" testType="13cdc9d9-ddb5-4fa4-a97d-d965ccfc6d4b" outcome="Passed" testListId="8c84fa94-04c1-424b-9868-57a2d4851a1d" relativeResultsDirectory="3f50579d-a120-474a-a3c6-95f5e410d1c1" />
    <UnitTestResult executionId="bd353f5b-940b-4781-873b-bceaf2ead371" testId="8daa2e1d-7a9e-5009-9b5b-e8f6829c8986" testName="Gaode.Communication.Tests.CommissioningRecoveryTests.InterruptedResetRecordsCancellationObservationAndKeepsOldRunHeld(cancelRequest: True)" computerName="10_3_0_13" duration="00:00:01.0624447" startTime="2026-10-09T02:40:26.9704305+08:00" endTime="2026-10-09T02:40:28.0640096+08:00" testType="13cdc9d9-ddb5-4fa4-a97d-d965ccfc6d4b" outcome="Passed" testListId="8c84fa94-04c1-424b-9868-57a2d4851a1d" relativeResultsDirectory="bd353f5b-940b-4781-873b-bceaf2ead371" />
    <UnitTestResult executionId="c86a6298-5698-4364-97c5-1c5880b70425" testId="c01ccc49-5ba1-cf23-2582-17887df5c9ff" testName="Gaode.Communication.Tests.CommissioningRecoveryTests.InterruptedResetRecordsCancellationObservationAndKeepsOldRunHeld(cancelRequest: False)" computerName="10_3_0_13" duration="00:00:02.1241853" startTime="2026-10-09T02:40:24.8317249+08:00" endTime="2026-10-09T02:40:26.9699335+08:00" testType="13cdc9d9-ddb5-4fa4-a97d-d965ccfc6d4b" outcome="Passed" testListId="8c84fa94-04c1-424b-9868-57a2d4851a1d" relativeResultsDirectory="c86a6298-5698-4364-97c5-1c5880b70425" />
    <UnitTestResult executionId="ca4566cb-7245-40e8-adbe-cbe578ecf8eb" testId="98ca9731-6a72-1517-3af9-07280117e1e5" testName="Gaode.Communication.Tests.SiteOperationHandshakeTests.ResetWaitsForFreshReadyAfterRequestInsteadOfUsingEarlierReady(initiallySoftStopped: True)" computerName="10_3_0_13" duration="00:00:01.9574106" startTime="2026-10-09T02:40:09.5774135+08:00" endTime="2026-10-09T02:40:11.6837708+08:00" testType="13cdc9d9-ddb5-4fa4-a97d-d965ccfc6d4b" outcome="Passed" testListId="8c84fa94-04c1-424b-9868-57a2d4851a1d" relativeResultsDirectory="ca4566cb-7245-40e8-adbe-cbe578ecf8eb" />
    <UnitTestResult executionId="ea992406-f6d8-4eb5-b333-9a01ff59c236" testId="9605d621-3176-d3f4-bb5d-feb97ce91d03" testName="Gaode.Communication.Tests.CommissioningRecoveryTests.FullResetDurablyClosesLiveOrRehydratedOldRunAndAllowsExplicitNewRun(rehydrated: False)" computerName="10_3_0_13" duration="00:00:00.6766091" startTime="2026-10-09T02:40:21.8319614+08:00" endTime="2026-10-09T02:40:22.5105887+08:00" testType="13cdc9d9-ddb5-4fa4-a97d-d965ccfc6d4b" outcome="Passed" testListId="8c84fa94-04c1-424b-9868-57a2d4851a1d" relativeResultsDirectory="ea992406-f6d8-4eb5-b333-9a01ff59c236" />
  </Results>
  <TestDefinitions>
    <UnitTest name="Gaode.Communication.Tests.SiteOperationHandshakeTests.ConfirmedPolicyDoesNotOverrideCurtainDoorOrUnknownAlarm(alarm: 256)" storage="e:\dzk\gaode-1\backend\tests\gaode.communication.tests\bin\release\net10.0\gaode.communication.tests.dll" id="8ac32f01-0d83-8960-344e-b9929f512f87">
      <Execution id="13c72c2e-9fbb-4151-a168-70fb93b51684" />
      <TestMethod codeBase="E:\dzk\gaode-1\backend\tests\Gaode.Communication.Tests\bin\Release\net10.0\Gaode.Communication.Tests.dll" adapterTypeName="executor://xunit/VsTestRunner3/netcore/" className="Gaode.Communication.Tests.SiteOperationHandshakeTests" name="ConfirmedPolicyDoesNotOverrideCurtainDoorOrUnknownAlarm" />
    </UnitTest>
    <UnitTest name="Gaode.Communication.Tests.CommissioningRecoveryTests.FormalHostPersistenceRestartRestoresHeldRunThenDoesNotRestoreVerifiedCancelledRun" storage="e:\dzk\gaode-1\backend\tests\gaode.communication.tests\bin\release\net10.0\gaode.communication.tests.dll" id="48717e0b-1127-c9e0-8a98-2a9413e85aac">
      <Execution id="314c3e79-647a-4024-b954-76004d0aae57" />
      <TestMethod codeBase="E:\dzk\gaode-1\backend\tests\Gaode.Communication.Tests\bin\Release\net10.0\Gaode.Communication.Tests.dll" adapterTypeName="executor://xunit/VsTestRunner3/netcore/" className="Gaode.Communication.Tests.CommissioningRecoveryTests" name="FormalHostPersistenceRestartRestoresHeldRunThenDoesNotRestoreVerifiedCancelledRun" />
    </UnitTest>
    <UnitTest name="Gaode.Communication.Tests.CommissioningRecoveryTests.StaleFlipFeedbackBlocksRecoveryAndNewRun" storage="e:\dzk\gaode-1\backend\tests\gaode.communication.tests\bin\release\net10.0\gaode.communication.tests.dll" id="291e94f5-c76d-7dd9-71d7-1a02a7e4c5a2">
      <Execution id="924c6c64-4776-41cc-afac-acf44b1a56cb" />
      <TestMethod codeBase="E:\dzk\gaode-1\backend\tests\Gaode.Communication.Tests\bin\Release\net10.0\Gaode.Communication.Tests.dll" adapterTypeName="executor://xunit/VsTestRunner3/netcore/" className="Gaode.Communication.Tests.CommissioningRecoveryTests" name="StaleFlipFeedbackBlocksRecoveryAndNewRun" />
    </UnitTest>
    <UnitTest name="Gaode.Communication.Tests.CommissioningRecoveryTests.ActiveExecutionOrResourcesBlockBeforeAnyReset(activeExecution: False)" storage="e:\dzk\gaode-1\backend\tests\gaode.communication.tests\bin\release\net10.0\gaode.communication.tests.dll" id="55bf6208-a608-e197-8149-ffa07e3a8e47">
      <Execution id="af24b0f4-c659-4a19-9c9a-c90f2d5e224c" />
      <TestMethod codeBase="E:\dzk\gaode-1\backend\tests\Gaode.Communication.Tests\bin\Release\net10.0\Gaode.Communication.Tests.dll" adapterTypeName="executor://xunit/VsTestRunner3/netcore/" className="Gaode.Communication.Tests.CommissioningRecoveryTests" name="ActiveExecutionOrResourcesBlockBeforeAnyReset" />
    </UnitTest>
    <UnitTest name="Gaode.Communication.Tests.SiteOperationHandshakeTests.ResetWaitsForFreshReadyAfterRequestInsteadOfUsingEarlierReady(initiallySoftStopped: False)" storage="e:\dzk\gaode-1\backend\tests\gaode.communication.tests\bin\release\net10.0\gaode.communication.tests.dll" id="3112a5fc-4dd2-bd10-033c-8c81cab69ba0">
      <Execution id="3f50579d-a120-474a-a3c6-95f5e410d1c1" />
      <TestMethod codeBase="E:\dzk\gaode-1\backend\tests\Gaode.Communication.Tests\bin\Release\net10.0\Gaode.Communication.Tests.dll" adapterTypeName="executor://xunit/VsTestRunner3/netcore/" className="Gaode.Communication.Tests.SiteOperationHandshakeTests" name="ResetWaitsForFreshReadyAfterRequestInsteadOfUsingEarlierReady" />
    </UnitTest>
    <UnitTest name="Gaode.Communication.Tests.CommissioningRecoveryTests.InterruptedResetRecordsCancellationObservationAndKeepsOldRunHeld(cancelRequest: True)" storage="e:\dzk\gaode-1\backend\tests\gaode.communication.tests\bin\release\net10.0\gaode.communication.tests.dll" id="8daa2e1d-7a9e-5009-9b5b-e8f6829c8986">
      <Execution id="bd353f5b-940b-4781-873b-bceaf2ead371" />
      <TestMethod codeBase="E:\dzk\gaode-1\backend\tests\Gaode.Communication.Tests\bin\Release\net10.0\Gaode.Communication.Tests.dll" adapterTypeName="executor://xunit/VsTestRunner3/netcore/" className="Gaode.Communication.Tests.CommissioningRecoveryTests" name="InterruptedResetRecordsCancellationObservationAndKeepsOldRunHeld" />
    </UnitTest>
    <UnitTest name="Gaode.Communication.Tests.CommissioningRecoveryTests.ActiveExecutionOrResourcesBlockBeforeAnyReset(activeExecution: True)" storage="e:\dzk\gaode-1\backend\tests\gaode.communication.tests\bin\release\net10.0\gaode.communication.tests.dll" id="3a6e5a79-d0a4-3967-2b0c-a49906c11f1c">
      <Execution id="1b671215-b986-4ec7-af52-22459f95b3c1" />
      <TestMethod codeBase="E:\dzk\gaode-1\backend\tests\Gaode.Communication.Tests\bin\Release\net10.0\Gaode.Communication.Tests.dll" adapterTypeName="executor://xunit/VsTestRunner3/netcore/" className="Gaode.Communication.Tests.CommissioningRecoveryTests" name="ActiveExecutionOrResourcesBlockBeforeAnyReset" />
    </UnitTest>
    <UnitTest name="Gaode.Communication.Tests.CommissioningRecoveryTests.FailedCancellationSaveKeepsOldRunAndOwnersHeldDespitePhysicalReset" storage="e:\dzk\gaode-1\backend\tests\gaode.communication.tests\bin\release\net10.0\gaode.communication.tests.dll" id="94033269-5cc7-f2d7-fe3f-9c2770d966ea">
      <Execution id="458185ca-cbd2-47af-a683-55d03ed8c3d4" />
      <TestMethod codeBase="E:\dzk\gaode-1\backend\tests\Gaode.Communication.Tests\bin\Release\net10.0\Gaode.Communication.Tests.dll" adapterTypeName="executor://xunit/VsTestRunner3/netcore/" className="Gaode.Communication.Tests.CommissioningRecoveryTests" name="FailedCancellationSaveKeepsOldRunAndOwnersHeldDespitePhysicalReset" />
    </UnitTest>
    <UnitTest name="Gaode.Communication.Tests.CommissioningRecoveryTests.FullResetDurablyClosesLiveOrRehydratedOldRunAndAllowsExplicitNewRun(rehydrated: True)" storage="e:\dzk\gaode-1\backend\tests\gaode.communication.tests\bin\release\net10.0\gaode.communication.tests.dll" id="8fcce42f-dab4-8e5d-0e8b-7561614390f2">
      <Execution id="913c1e61-314e-4d20-b35f-e3e13a8a4767" />
      <TestMethod codeBase="E:\dzk\gaode-1\backend\tests\Gaode.Communication.Tests\bin\Release\net10.0\Gaode.Communication.Tests.dll" adapterTypeName="executor://xunit/VsTestRunner3/netcore/" className="Gaode.Communication.Tests.CommissioningRecoveryTests" name="FullResetDurablyClosesLiveOrRehydratedOldRunAndAllowsExplicitNewRun" />
    </UnitTest>
    <UnitTest name="Gaode.Communication.Tests.SiteOperationHandshakeTests.StartClearsAfterFullActualXYAndZClosureAndSameCoordinateReuseStillWorks" storage="e:\dzk\gaode-1\backend\tests\gaode.communication.tests\bin\release\net10.0\gaode.communication.tests.dll" id="a5ace3c4-9a69-d270-377a-91a5c934e8eb">
      <Execution id="a1acb40b-e7b0-4952-b3b0-104b294b89cb" />
      <TestMethod codeBase="E:\dzk\gaode-1\backend\tests\Gaode.Communication.Tests\bin\Release\net10.0\Gaode.Communication.Tests.dll" adapterTypeName="executor://xunit/VsTestRunner3/netcore/" className="Gaode.Communication.Tests.SiteOperationHandshakeTests" name="StartClearsAfterFullActualXYAndZClosureAndSameCoordinateReuseStillWorks" />
    </UnitTest>
    <UnitTest name="Gaode.Communication.Tests.SiteOperationHandshakeTests.ResetWaitsForFreshReadyAfterRequestInsteadOfUsingEarlierReady(initiallySoftStopped: True)" storage="e:\dzk\gaode-1\backend\tests\gaode.communication.tests\bin\release\net10.0\gaode.communication.tests.dll" id="98ca9731-6a72-1517-3af9-07280117e1e5">
      <Execution id="ca4566cb-7245-40e8-adbe-cbe578ecf8eb" />
      <TestMethod codeBase="E:\dzk\gaode-1\backend\tests\Gaode.Communication.Tests\bin\Release\net10.0\Gaode.Communication.Tests.dll" adapterTypeName="executor://xunit/VsTestRunner3/netcore/" className="Gaode.Communication.Tests.SiteOperationHandshakeTests" name="ResetWaitsForFreshReadyAfterRequestInsteadOfUsingEarlierReady" />
    </UnitTest>
    <UnitTest name="Gaode.Communication.Tests.CommissioningRecoveryTests.ReadyOneWithoutThisResetOrWithoutRestorationPolicyNeverPassesRecovery" storage="e:\dzk\gaode-1\backend\tests\gaode.communication.tests\bin\release\net10.0\gaode.communication.tests.dll" id="f147e2af-2764-eca4-da02-eb4385f7c1e9">
      <Execution id="3f9ed257-9e11-4d33-a908-c4018605db55" />
      <TestMethod codeBase="E:\dzk\gaode-1\backend\tests\Gaode.Communication.Tests\bin\Release\net10.0\Gaode.Communication.Tests.dll" adapterTypeName="executor://xunit/VsTestRunner3/netcore/" className="Gaode.Communication.Tests.CommissioningRecoveryTests" name="ReadyOneWithoutThisResetOrWithoutRestorationPolicyNeverPassesRecovery" />
    </UnitTest>
    <UnitTest name="Gaode.Communication.Tests.CommissioningRecoveryTests.FullResetDurablyClosesLiveOrRehydratedOldRunAndAllowsExplicitNewRun(rehydrated: False)" storage="e:\dzk\gaode-1\backend\tests\gaode.communication.tests\bin\release\net10.0\gaode.communication.tests.dll" id="9605d621-3176-d3f4-bb5d-feb97ce91d03">
      <Execution id="ea992406-f6d8-4eb5-b333-9a01ff59c236" />
      <TestMethod codeBase="E:\dzk\gaode-1\backend\tests\Gaode.Communication.Tests\bin\Release\net10.0\Gaode.Communication.Tests.dll" adapterTypeName="executor://xunit/VsTestRunner3/netcore/" className="Gaode.Communication.Tests.CommissioningRecoveryTests" name="FullResetDurablyClosesLiveOrRehydratedOldRunAndAllowsExplicitNewRun" />
    </UnitTest>
    <UnitTest name="Gaode.Communication.Tests.SiteOperationHandshakeTests.ResetReadyZeroTimesOutWithoutClearingOrReplaying" storage="e:\dzk\gaode-1\backend\tests\gaode.communication.tests\bin\release\net10.0\gaode.communication.tests.dll" id="526a317b-795d-79f6-4d03-143111bf3a74">
      <Execution id="696d37f6-6575-4684-af7c-5f31743fe969" />
      <TestMethod codeBase="E:\dzk\gaode-1\backend\tests\Gaode.Communication.Tests\bin\Release\net10.0\Gaode.Communication.Tests.dll" adapterTypeName="executor://xunit/VsTestRunner3/netcore/" className="Gaode.Communication.Tests.SiteOperationHandshakeTests" name="ResetReadyZeroTimesOutWithoutClearingOrReplaying" />
    </UnitTest>
    <UnitTest name="Gaode.Communication.Tests.SiteOperationHandshakeTests.SoftStopRequestsStopWithoutResetOrHomingAndHoldsUnknown" storage="e:\dzk\gaode-1\backend\tests\gaode.communication.tests\bin\release\net10.0\gaode.communication.tests.dll" id="f8539f2b-aa75-b463-1039-7e501d211002">
      <Execution id="5bd122a1-5211-44bd-8c1a-75eb5461290e" />
      <TestMethod codeBase="E:\dzk\gaode-1\backend\tests\Gaode.Communication.Tests\bin\Release\net10.0\Gaode.Communication.Tests.dll" adapterTypeName="executor://xunit/VsTestRunner3/netcore/" className="Gaode.Communication.Tests.SiteOperationHandshakeTests" name="SoftStopRequestsStopWithoutResetOrHomingAndHoldsUnknown" />
    </UnitTest>
    <UnitTest name="Gaode.Communication.Tests.SiteOperationHandshakeTests.ConfirmedPolicyDoesNotOverrideCurtainDoorOrUnknownAlarm(alarm: 4)" storage="e:\dzk\gaode-1\backend\tests\gaode.communication.tests\bin\release\net10.0\gaode.communication.tests.dll" id="09787cc1-0164-870e-fb0b-2366eac47b7c">
      <Execution id="d52411b7-6358-4736-aeee-f081a6576301" />
      <TestMethod codeBase="E:\dzk\gaode-1\backend\tests\Gaode.Communication.Tests\bin\Release\net10.0\Gaode.Communication.Tests.dll" adapterTypeName="executor://xunit/VsTestRunner3/netcore/" className="Gaode.Communication.Tests.SiteOperationHandshakeTests" name="ConfirmedPolicyDoesNotOverrideCurtainDoorOrUnknownAlarm" />
    </UnitTest>
    <UnitTest name="Gaode.Communication.Tests.SiteOperationHandshakeTests.ResetPreconditionReadbackFailureNeverSendsResetOrStart" storage="e:\dzk\gaode-1\backend\tests\gaode.communication.tests\bin\release\net10.0\gaode.communication.tests.dll" id="e730403b-8bb1-41f6-4747-17709ef24717">
      <Execution id="305e8425-272e-4eb9-a28a-0115063914f7" />
      <TestMethod codeBase="E:\dzk\gaode-1\backend\tests\Gaode.Communication.Tests\bin\Release\net10.0\Gaode.Communication.Tests.dll" adapterTypeName="executor://xunit/VsTestRunner3/netcore/" className="Gaode.Communication.Tests.SiteOperationHandshakeTests" name="ResetPreconditionReadbackFailureNeverSendsResetOrStart" />
    </UnitTest>
    <UnitTest name="Gaode.Communication.Tests.SiteOperationHandshakeTests.ReadyCompletionClearsResetRequestEvenWhenPositionVerificationBlocks" storage="e:\dzk\gaode-1\backend\tests\gaode.communication.tests\bin\release\net10.0\gaode.communication.tests.dll" id="8fd6cf83-0ad4-f5d2-cd50-e4fe372ea361">
      <Execution id="d782d4c5-1e37-48f9-8b66-b895f14a9c31" />
      <TestMethod codeBase="E:\dzk\gaode-1\backend\tests\Gaode.Communication.Tests\bin\Release\net10.0\Gaode.Communication.Tests.dll" adapterTypeName="executor://xunit/VsTestRunner3/netcore/" className="Gaode.Communication.Tests.SiteOperationHandshakeTests" name="ReadyCompletionClearsResetRequestEvenWhenPositionVerificationBlocks" />
    </UnitTest>
    <UnitTest name="Gaode.Communication.Tests.SiteOperationHandshakeTests.ConfirmedPolicyDoesNotOverrideCurtainDoorOrUnknownAlarm(alarm: 1)" storage="e:\dzk\gaode-1\backend\tests\gaode.communication.tests\bin\release\net10.0\gaode.communication.tests.dll" id="fcd0ec70-f888-1a1b-7547-fbfa04f6d47c">
      <Execution id="451d02f6-4189-44a1-9937-ea9f3709f5f2" />
      <TestMethod codeBase="E:\dzk\gaode-1\backend\tests\Gaode.Communication.Tests\bin\Release\net10.0\Gaode.Communication.Tests.dll" adapterTypeName="executor://xunit/VsTestRunner3/netcore/" className="Gaode.Communication.Tests.SiteOperationHandshakeTests" name="ConfirmedPolicyDoesNotOverrideCurtainDoorOrUnknownAlarm" />
    </UnitTest>
    <UnitTest name="Gaode.Communication.Tests.CommissioningRecoveryTests.InterruptedResetRecordsCancellationObservationAndKeepsOldRunHeld(cancelRequest: False)" storage="e:\dzk\gaode-1\backend\tests\gaode.communication.tests\bin\release\net10.0\gaode.communication.tests.dll" id="c01ccc49-5ba1-cf23-2582-17887df5c9ff">
      <Execution id="c86a6298-5698-4364-97c5-1c5880b70425" />
      <TestMethod codeBase="E:\dzk\gaode-1\backend\tests\Gaode.Communication.Tests\bin\Release\net10.0\Gaode.Communication.Tests.dll" adapterTypeName="executor://xunit/VsTestRunner3/netcore/" className="Gaode.Communication.Tests.CommissioningRecoveryTests" name="InterruptedResetRecordsCancellationObservationAndKeepsOldRunHeld" />
    </UnitTest>
    <UnitTest name="Gaode.Communication.Tests.SiteOperationHandshakeTests.ResetCompletesFromFreshReadyOneWithoutObservingZero" storage="e:\dzk\gaode-1\backend\tests\gaode.communication.tests\bin\release\net10.0\gaode.communication.tests.dll" id="ee8e5b9e-478f-6714-16d9-22fd8350e3e8">
      <Execution id="ee658fe9-aa24-46cf-b139-eb9db2e6f6b2" />
      <TestMethod codeBase="E:\dzk\gaode-1\backend\tests\Gaode.Communication.Tests\bin\Release\net10.0\Gaode.Communication.Tests.dll" adapterTypeName="executor://xunit/VsTestRunner3/netcore/" className="Gaode.Communication.Tests.SiteOperationHandshakeTests" name="ResetCompletesFromFreshReadyOneWithoutObservingZero" />
    </UnitTest>
    <UnitTest name="Gaode.Communication.Tests.SiteOperationHandshakeTests.StartupAwayFromSafeZeroDoesNotSendStartOrMotion" storage="e:\dzk\gaode-1\backend\tests\gaode.communication.tests\bin\release\net10.0\gaode.communication.tests.dll" id="e4f4f7b4-68aa-c002-c837-3c41c4632dda">
      <Execution id="58d92c23-5cff-4904-94d4-489bd9f198a6" />
      <TestMethod codeBase="E:\dzk\gaode-1\backend\tests\Gaode.Communication.Tests\bin\Release\net10.0\Gaode.Communication.Tests.dll" adapterTypeName="executor://xunit/VsTestRunner3/netcore/" className="Gaode.Communication.Tests.SiteOperationHandshakeTests" name="StartupAwayFromSafeZeroDoesNotSendStartOrMotion" />
    </UnitTest>
    <UnitTest name="Gaode.Communication.Tests.SiteOperationHandshakeTests.PreviousResetRequestIsNotClearedOrReplayed" storage="e:\dzk\gaode-1\backend\tests\gaode.communication.tests\bin\release\net10.0\gaode.communication.tests.dll" id="3d76f878-7baa-4040-fa0a-0d83a02becd7">
      <Execution id="424a8eea-b816-49fa-8106-d96e31fd2ca0" />
      <TestMethod codeBase="E:\dzk\gaode-1\backend\tests\Gaode.Communication.Tests\bin\Release\net10.0\Gaode.Communication.Tests.dll" adapterTypeName="executor://xunit/VsTestRunner3/netcore/" className="Gaode.Communication.Tests.SiteOperationHandshakeTests" name="PreviousResetRequestIsNotClearedOrReplayed" />
    </UnitTest>
  </TestDefinitions>
  <TestEntries>
    <TestEntry testId="09787cc1-0164-870e-fb0b-2366eac47b7c" executionId="d52411b7-6358-4736-aeee-f081a6576301" testListId="8c84fa94-04c1-424b-9868-57a2d4851a1d" />
    <TestEntry testId="3a6e5a79-d0a4-3967-2b0c-a49906c11f1c" executionId="1b671215-b986-4ec7-af52-22459f95b3c1" testListId="8c84fa94-04c1-424b-9868-57a2d4851a1d" />
    <TestEntry testId="e4f4f7b4-68aa-c002-c837-3c41c4632dda" executionId="58d92c23-5cff-4904-94d4-489bd9f198a6" testListId="8c84fa94-04c1-424b-9868-57a2d4851a1d" />
    <TestEntry testId="8fd6cf83-0ad4-f5d2-cd50-e4fe372ea361" executionId="d782d4c5-1e37-48f9-8b66-b895f14a9c31" testListId="8c84fa94-04c1-424b-9868-57a2d4851a1d" />
    <TestEntry testId="f147e2af-2764-eca4-da02-eb4385f7c1e9" executionId="3f9ed257-9e11-4d33-a908-c4018605db55" testListId="8c84fa94-04c1-424b-9868-57a2d4851a1d" />
    <TestEntry testId="94033269-5cc7-f2d7-fe3f-9c2770d966ea" executionId="458185ca-cbd2-47af-a683-55d03ed8c3d4" testListId="8c84fa94-04c1-424b-9868-57a2d4851a1d" />
    <TestEntry testId="8ac32f01-0d83-8960-344e-b9929f512f87" executionId="13c72c2e-9fbb-4151-a168-70fb93b51684" testListId="8c84fa94-04c1-424b-9868-57a2d4851a1d" />
    <TestEntry testId="f8539f2b-aa75-b463-1039-7e501d211002" executionId="5bd122a1-5211-44bd-8c1a-75eb5461290e" testListId="8c84fa94-04c1-424b-9868-57a2d4851a1d" />
    <TestEntry testId="55bf6208-a608-e197-8149-ffa07e3a8e47" executionId="af24b0f4-c659-4a19-9c9a-c90f2d5e224c" testListId="8c84fa94-04c1-424b-9868-57a2d4851a1d" />
    <TestEntry testId="526a317b-795d-79f6-4d03-143111bf3a74" executionId="696d37f6-6575-4684-af7c-5f31743fe969" testListId="8c84fa94-04c1-424b-9868-57a2d4851a1d" />
    <TestEntry testId="8fcce42f-dab4-8e5d-0e8b-7561614390f2" executionId="913c1e61-314e-4d20-b35f-e3e13a8a4767" testListId="8c84fa94-04c1-424b-9868-57a2d4851a1d" />
    <TestEntry testId="ee8e5b9e-478f-6714-16d9-22fd8350e3e8" executionId="ee658fe9-aa24-46cf-b139-eb9db2e6f6b2" testListId="8c84fa94-04c1-424b-9868-57a2d4851a1d" />
    <TestEntry testId="fcd0ec70-f888-1a1b-7547-fbfa04f6d47c" executionId="451d02f6-4189-44a1-9937-ea9f3709f5f2" testListId="8c84fa94-04c1-424b-9868-57a2d4851a1d" />
    <TestEntry testId="291e94f5-c76d-7dd9-71d7-1a02a7e4c5a2" executionId="924c6c64-4776-41cc-afac-acf44b1a56cb" testListId="8c84fa94-04c1-424b-9868-57a2d4851a1d" />
    <TestEntry testId="48717e0b-1127-c9e0-8a98-2a9413e85aac" executionId="314c3e79-647a-4024-b954-76004d0aae57" testListId="8c84fa94-04c1-424b-9868-57a2d4851a1d" />
    <TestEntry testId="a5ace3c4-9a69-d270-377a-91a5c934e8eb" executionId="a1acb40b-e7b0-4952-b3b0-104b294b89cb" testListId="8c84fa94-04c1-424b-9868-57a2d4851a1d" />
    <TestEntry testId="3d76f878-7baa-4040-fa0a-0d83a02becd7" executionId="424a8eea-b816-49fa-8106-d96e31fd2ca0" testListId="8c84fa94-04c1-424b-9868-57a2d4851a1d" />
    <TestEntry testId="e730403b-8bb1-41f6-4747-17709ef24717" executionId="305e8425-272e-4eb9-a28a-0115063914f7" testListId="8c84fa94-04c1-424b-9868-57a2d4851a1d" />
    <TestEntry testId="3112a5fc-4dd2-bd10-033c-8c81cab69ba0" executionId="3f50579d-a120-474a-a3c6-95f5e410d1c1" testListId="8c84fa94-04c1-424b-9868-57a2d4851a1d" />
    <TestEntry testId="8daa2e1d-7a9e-5009-9b5b-e8f6829c8986" executionId="bd353f5b-940b-4781-873b-bceaf2ead371" testListId="8c84fa94-04c1-424b-9868-57a2d4851a1d" />
    <TestEntry testId="c01ccc49-5ba1-cf23-2582-17887df5c9ff" executionId="c86a6298-5698-4364-97c5-1c5880b70425" testListId="8c84fa94-04c1-424b-9868-57a2d4851a1d" />
    <TestEntry testId="98ca9731-6a72-1517-3af9-07280117e1e5" executionId="ca4566cb-7245-40e8-adbe-cbe578ecf8eb" testListId="8c84fa94-04c1-424b-9868-57a2d4851a1d" />
    <TestEntry testId="9605d621-3176-d3f4-bb5d-feb97ce91d03" executionId="ea992406-f6d8-4eb5-b333-9a01ff59c236" testListId="8c84fa94-04c1-424b-9868-57a2d4851a1d" />
  </TestEntries>
  <TestLists>
    <TestList name="列表中未列出的结果" id="8c84fa94-04c1-424b-9868-57a2d4851a1d" />
    <TestList name="所有已加载的结果" id="19431567-8539-422a-85d7-44ee4e166bda" />
  </TestLists>
  <ResultSummary outcome="Completed">
    <Counters total="23" executed="23" passed="23" failed="0" error="0" timeout="0" aborted="0" inconclusive="0" passedButRunAborted="0" notRunnable="0" notExecuted="0" disconnected="0" warning="0" completed="0" inProgress="0" pending="0" />
    <Output>
      <StdOut>[xUnit.net 00:00:00.00] xUnit.net VSTest Adapter v3.1.5+1b188a7b0a (64-bit .NET 10.0.12)&#xD;
[xUnit.net 00:00:00.40]   Discovering: Gaode.Communication.Tests&#xD;
[xUnit.net 00:00:03.08]   Discovered:  Gaode.Communication.Tests&#xD;
[xUnit.net 00:00:03.26]   Starting:    Gaode.Communication.Tests&#xD;
[xUnit.net 00:00:46.26]   Finished:    Gaode.Communication.Tests&#xD;
</StdOut>
    </Output>
  </ResultSummary>
</TestRun>