<?xml version="1.0" encoding="utf-8"?>
<TestRun id="900cbb62-0ed5-4450-9b3e-4bc4f98030b0" name="Administrator@DEMO 2026-10-07 15:51:27" runUser="demo\Administrator" xmlns="http://microsoft.com/schemas/VisualStudio/TeamTest/2010">
  <Times creation="2026-10-07T15:51:27.1824540+08:00" queuing="2026-10-07T15:51:27.1824542+08:00" start="2026-10-07T15:51:26.0256526+08:00" finish="2026-10-07T15:51:31.6202027+08:00" />
  <TestSettings name="default" id="5f994cc3-4a9e-4f99-9940-21fab1ea95a7">
    <Deployment runDeploymentRoot="Administrator_DEMO_2026-10-07_15_51_27" />
  </TestSettings>
  <Results>
    <UnitTestResult executionId="2fa0d080-053c-4601-8814-631658cb3057" testId="47675aff-3a4d-eeb6-cf81-89be75b16f06" testName="Gaode.Communication.Tests.Devices.SamePositionTests.RepeatedTargetsReuseOnlySatisfiedAxes(x: 12, y: 22, z: 33, expected: &quot;X&quot;)" computerName="DEMO" duration="00:00:01.3189422" startTime="2026-10-07T15:51:30.2463613+08:00" endTime="2026-10-07T15:51:31.5653746+08:00" testType="13cdc9d9-ddb5-4fa4-a97d-d965ccfc6d4b" outcome="Passed" testListId="8c84fa94-04c1-424b-9868-57a2d4851a1d" relativeResultsDirectory="2fa0d080-053c-4601-8814-631658cb3057" />
    <UnitTestResult executionId="78031105-3ee8-41fc-b607-0f9fb18da7b5" testId="9f5e65b6-4446-b2ea-0d62-5b482a74e4fd" testName="Gaode.Communication.Tests.MediaCommitTests.FileWriteFailureCannotProduceReadyMedia" computerName="DEMO" duration="00:00:00.0614899" startTime="2026-10-07T15:51:27.2501941+08:00" endTime="2026-10-07T15:51:27.3115823+08:00" testType="13cdc9d9-ddb5-4fa4-a97d-d965ccfc6d4b" outcome="Passed" testListId="8c84fa94-04c1-424b-9868-57a2d4851a1d" relativeResultsDirectory="78031105-3ee8-41fc-b607-0f9fb18da7b5" />
    <UnitTestResult executionId="b272a390-2f48-4fb0-958d-52c3d0e8cc9f" testId="3c5d4162-ff76-8c58-c986-e3f55b02d763" testName="Gaode.Communication.Tests.Devices.SamePositionTests.RepeatedTargetsReuseOnlySatisfiedAxes(x: 11, y: 22, z: 33, expected: &quot;&quot;)" computerName="DEMO" duration="00:00:01.7903291" startTime="2026-10-07T15:51:26.3628936+08:00" endTime="2026-10-07T15:51:28.1562117+08:00" testType="13cdc9d9-ddb5-4fa4-a97d-d965ccfc6d4b" outcome="Passed" testListId="8c84fa94-04c1-424b-9868-57a2d4851a1d" relativeResultsDirectory="b272a390-2f48-4fb0-958d-52c3d0e8cc9f" />
    <UnitTestResult executionId="5d9fb7eb-c720-4c77-89dc-0c85591363d2" testId="f2144bcb-9c62-f0fd-8d8a-fa5d5d6c0b2c" testName="Gaode.Communication.Tests.CameraBusinessRegressionTests.CoordinatorPreservesIntentMediaIndexAndRunScopedFConstraint" computerName="DEMO" duration="00:00:00.0997889" startTime="2026-10-07T15:51:27.8557696+08:00" endTime="2026-10-07T15:51:27.9555872+08:00" testType="13cdc9d9-ddb5-4fa4-a97d-d965ccfc6d4b" outcome="Passed" testListId="8c84fa94-04c1-424b-9868-57a2d4851a1d" relativeResultsDirectory="5d9fb7eb-c720-4c77-89dc-0c85591363d2" />
    <UnitTestResult executionId="65074fd4-39dd-4834-bb00-2edfaa7b69be" testId="db43c1fa-3220-c2b6-30e1-e0108d28d6a3" testName="Gaode.Communication.Tests.CameraWorkerLifecycleTests.FormalServiceIndexFailureRetainsChargedPayloadWithoutPublishingMedia" computerName="DEMO" duration="00:00:00.1735597" startTime="2026-10-07T15:51:29.5635333+08:00" endTime="2026-10-07T15:51:29.7371713+08:00" testType="13cdc9d9-ddb5-4fa4-a97d-d965ccfc6d4b" outcome="Passed" testListId="8c84fa94-04c1-424b-9868-57a2d4851a1d" relativeResultsDirectory="65074fd4-39dd-4834-bb00-2edfaa7b69be" />
    <UnitTestResult executionId="1fbbfd5a-d982-41e4-ad99-001aec417832" testId="acc1b58a-c152-4882-bf80-bec9be8cf327" testName="Gaode.Communication.Tests.Devices.MemberGripperTests.SaveReloadFreezeAndResolveMembersWithoutChangingSinglePart" computerName="DEMO" duration="00:00:00.1125975" startTime="2026-10-07T15:51:27.1650352+08:00" endTime="2026-10-07T15:51:27.2716106+08:00" testType="13cdc9d9-ddb5-4fa4-a97d-d965ccfc6d4b" outcome="Passed" testListId="8c84fa94-04c1-424b-9868-57a2d4851a1d" relativeResultsDirectory="1fbbfd5a-d982-41e4-ad99-001aec417832" />
    <UnitTestResult executionId="bf39b359-818a-49b2-8b72-dc247caba4a4" testId="f6644778-3524-87fe-2441-d1f863f1a4ad" testName="Gaode.Communication.Tests.CameraWorkerLifecycleTests.InvalidFrameThroughActualProcessAndFormalServiceCannotCommit(role: &quot;3D&quot;, mode: &quot;missing-ir&quot;)" computerName="DEMO" duration="00:00:00.8700971" startTime="2026-10-07T15:51:26.3629054+08:00" endTime="2026-10-07T15:51:27.2359507+08:00" testType="13cdc9d9-ddb5-4fa4-a97d-d965ccfc6d4b" outcome="Passed" testListId="8c84fa94-04c1-424b-9868-57a2d4851a1d" relativeResultsDirectory="bf39b359-818a-49b2-8b72-dc247caba4a4" />
    <UnitTestResult executionId="f79954e0-02db-4085-82b5-47241a7ef4a0" testId="62b00df7-5f7a-0e85-336c-65ec892c8bf7" testName="Gaode.Communication.Tests.CameraBusinessRegressionTests.TwoFacesDetectionPlacementObservationAndCancellation(cancelled: True)" computerName="DEMO" duration="00:00:00.1216924" startTime="2026-10-07T15:51:27.7338213+08:00" endTime="2026-10-07T15:51:27.8556677+08:00" testType="13cdc9d9-ddb5-4fa4-a97d-d965ccfc6d4b" outcome="Passed" testListId="8c84fa94-04c1-424b-9868-57a2d4851a1d" relativeResultsDirectory="f79954e0-02db-4085-82b5-47241a7ef4a0" />
    <UnitTestResult executionId="0b40daa1-afd0-488f-ac6c-bda90d67bb8d" testId="1c4b9ec4-0ab4-2e40-1081-06d4bf82c5ea" testName="Gaode.Communication.Tests.Devices.SamePositionTests.RepeatedTargetsReuseOnlySatisfiedAxes(x: 11, y: 23, z: 34, expected: &quot;Y,DetectionZ&quot;)" computerName="DEMO" duration="00:00:02.0898634" startTime="2026-10-07T15:51:28.1563262+08:00" endTime="2026-10-07T15:51:30.2462506+08:00" testType="13cdc9d9-ddb5-4fa4-a97d-d965ccfc6d4b" outcome="Passed" testListId="8c84fa94-04c1-424b-9868-57a2d4851a1d" relativeResultsDirectory="0b40daa1-afd0-488f-ac6c-bda90d67bb8d" />
    <UnitTestResult executionId="a1ce9c2b-3e57-4546-aa07-8b99475e7aae" testId="11ffcb30-a5be-deba-542a-033405ae1bf2" testName="Gaode.Communication.Tests.CameraWorkerLifecycleTests.InvalidFrameThroughActualProcessAndFormalServiceCannotCommit(role: &quot;A&quot;, mode: &quot;bad-role&quot;)" computerName="DEMO" duration="00:00:00.1641339" startTime="2026-10-07T15:51:27.4264393+08:00" endTime="2026-10-07T15:51:27.5906701+08:00" testType="13cdc9d9-ddb5-4fa4-a97d-d965ccfc6d4b" outcome="Passed" testListId="8c84fa94-04c1-424b-9868-57a2d4851a1d" relativeResultsDirectory="a1ce9c2b-3e57-4546-aa07-8b99475e7aae" />
    <UnitTestResult executionId="a67f9448-992f-4c81-a2b3-310f1bbad390" testId="bf219c63-fc96-0d65-5fac-fa7753b73e5b" testName="Gaode.Communication.Tests.MediaCommitTests.SidecarFailureAndPartialOrphanPayloadRemainChargedButNeverPublished" computerName="DEMO" duration="00:00:00.0592860" startTime="2026-10-07T15:51:27.4755006+08:00" endTime="2026-10-07T15:51:27.5341896+08:00" testType="13cdc9d9-ddb5-4fa4-a97d-d965ccfc6d4b" outcome="Passed" testListId="8c84fa94-04c1-424b-9868-57a2d4851a1d" relativeResultsDirectory="a67f9448-992f-4c81-a2b3-310f1bbad390" />
    <UnitTestResult executionId="1a071ac1-3d6f-435f-aa57-325b542d63c9" testId="98ca9c73-5985-d763-20be-d1f61c44c00b" testName="Gaode.Communication.Tests.Devices.MemberGripperTests.ExistingCommunicationHandshakeSwitchesOneTwoAndReusesTwo" computerName="DEMO" duration="00:00:00.7912802" startTime="2026-10-07T15:51:26.3634091+08:00" endTime="2026-10-07T15:51:27.1583983+08:00" testType="13cdc9d9-ddb5-4fa4-a97d-d965ccfc6d4b" outcome="Passed" testListId="8c84fa94-04c1-424b-9868-57a2d4851a1d" relativeResultsDirectory="1a071ac1-3d6f-435f-aa57-325b542d63c9" />
    <UnitTestResult executionId="83dcd2eb-2e03-42f4-9c96-46585d72617c" testId="1eb9480a-d78e-244e-b782-acd237a91fa0" testName="Gaode.Communication.Tests.MediaCommitTests.IndexCommitFailureDoesNotPublishOrRestoreOrphanFile" computerName="DEMO" duration="00:00:00.8842211" startTime="2026-10-07T15:51:26.3620784+08:00" endTime="2026-10-07T15:51:27.2500980+08:00" testType="13cdc9d9-ddb5-4fa4-a97d-d965ccfc6d4b" outcome="Passed" testListId="8c84fa94-04c1-424b-9868-57a2d4851a1d" relativeResultsDirectory="83dcd2eb-2e03-42f4-9c96-46585d72617c" />
    <UnitTestResult executionId="4dd75a86-445c-4d76-92bf-d2203ad05d28" testId="c6b41ddb-436c-5a51-e6a2-4c330a339763" testName="Gaode.Communication.Tests.CameraBusinessRegressionTests.TwoFacesDetectionPlacementObservationAndCancellation(cancelled: False)" computerName="DEMO" duration="00:00:01.3679377" startTime="2026-10-07T15:51:26.3628699+08:00" endTime="2026-10-07T15:51:27.7337445+08:00" testType="13cdc9d9-ddb5-4fa4-a97d-d965ccfc6d4b" outcome="Passed" testListId="8c84fa94-04c1-424b-9868-57a2d4851a1d" relativeResultsDirectory="4dd75a86-445c-4d76-92bf-d2203ad05d28" />
    <UnitTestResult executionId="23f05fc1-ea7b-47c1-a7c0-4e794effe3a3" testId="29541768-4852-5730-9ece-c2a86d398daa" testName="Gaode.Communication.Tests.CameraServiceSimulationTests.FixedImageUsesFormalReceiptAndDurableMediaWithoutRealFrameMetadata" computerName="DEMO" duration="00:00:03.9075322" startTime="2026-10-07T15:51:26.3629280+08:00" endTime="2026-10-07T15:51:30.2733829+08:00" testType="13cdc9d9-ddb5-4fa4-a97d-d965ccfc6d4b" outcome="Passed" testListId="8c84fa94-04c1-424b-9868-57a2d4851a1d" relativeResultsDirectory="23f05fc1-ea7b-47c1-a7c0-4e794effe3a3" />
    <UnitTestResult executionId="ebc225d7-8003-446a-9dd1-6ad203a5b4f1" testId="3e8d2de8-4852-3d7f-32d4-94163d960312" testName="Gaode.Communication.Tests.CameraWorkerLifecycleTests.ActualWorkerExitRevokesReadyAndRecoveryRequiresFaultAndNewSession" computerName="DEMO" duration="00:00:00.3491682" startTime="2026-10-07T15:51:29.2145293+08:00" endTime="2026-10-07T15:51:29.5633851+08:00" testType="13cdc9d9-ddb5-4fa4-a97d-d965ccfc6d4b" outcome="Passed" testListId="8c84fa94-04c1-424b-9868-57a2d4851a1d" relativeResultsDirectory="ebc225d7-8003-446a-9dd1-6ad203a5b4f1" />
    <UnitTestResult executionId="74da127b-7e2a-466c-b318-6e0fd8b1bf6a" testId="d74647f5-3e1b-5e7a-b3b2-b4eb8494419a" testName="Gaode.Communication.Tests.CameraWorkerLifecycleTests.RecoveryDuringCaptureIsRejectedAndNormalShutdownIsNotUnexpectedExit" computerName="DEMO" duration="00:00:01.6230776" startTime="2026-10-07T15:51:27.5907653+08:00" endTime="2026-10-07T15:51:29.2139615+08:00" testType="13cdc9d9-ddb5-4fa4-a97d-d965ccfc6d4b" outcome="Passed" testListId="8c84fa94-04c1-424b-9868-57a2d4851a1d" relativeResultsDirectory="74da127b-7e2a-466c-b318-6e0fd8b1bf6a" />
    <UnitTestResult executionId="ebdbda39-5560-4f81-8b76-32e9a0a67117" testId="38e640a5-9743-854c-fc90-9726601830e0" testName="Gaode.Communication.Tests.CameraWorkerLifecycleTests.InvalidFrameThroughActualProcessAndFormalServiceCannotCommit(role: &quot;A&quot;, mode: &quot;bad-size&quot;)" computerName="DEMO" duration="00:00:00.1901171" startTime="2026-10-07T15:51:27.2361604+08:00" endTime="2026-10-07T15:51:27.4263573+08:00" testType="13cdc9d9-ddb5-4fa4-a97d-d965ccfc6d4b" outcome="Passed" testListId="8c84fa94-04c1-424b-9868-57a2d4851a1d" relativeResultsDirectory="ebdbda39-5560-4f81-8b76-32e9a0a67117" />
    <UnitTestResult executionId="7167a2a3-3483-43a0-87b8-81fb2cee57a6" testId="ab3afd0d-2808-2ad4-cd36-f144b83f6b92" testName="Gaode.Communication.Tests.MediaCommitTests.FullPayloadQuotaSurvivesRestartAndRepeatedIndexRestoreWithoutMemoryReservation" computerName="DEMO" duration="00:00:00.0701340" startTime="2026-10-07T15:51:27.4045459+08:00" endTime="2026-10-07T15:51:27.4746203+08:00" testType="13cdc9d9-ddb5-4fa4-a97d-d965ccfc6d4b" outcome="Passed" testListId="8c84fa94-04c1-424b-9868-57a2d4851a1d" relativeResultsDirectory="7167a2a3-3483-43a0-87b8-81fb2cee57a6" />
    <UnitTestResult executionId="85755cb2-97b9-44ea-8c64-8ccd169a3976" testId="ba6c7508-d975-37ef-4407-54b865ae3c0a" testName="Gaode.Communication.Tests.Devices.MemberGripperTests.OldGroupCanBeReadButCannotSaveOrStartWithMissingMemberGripper" computerName="DEMO" duration="00:00:00.0034875" startTime="2026-10-07T15:51:27.2717076+08:00" endTime="2026-10-07T15:51:27.2751542+08:00" testType="13cdc9d9-ddb5-4fa4-a97d-d965ccfc6d4b" outcome="Passed" testListId="8c84fa94-04c1-424b-9868-57a2d4851a1d" relativeResultsDirectory="85755cb2-97b9-44ea-8c64-8ccd169a3976" />
    <UnitTestResult executionId="0109efb1-c578-4b2c-9fa7-88163fea7648" testId="85c95fb7-6adf-d007-3601-ce27f48ec091" testName="Gaode.Communication.Tests.MediaCommitTests.DurableCommitPublishesRawDataAndRestoresMetadataAfterRestart" computerName="DEMO" duration="00:00:00.0924777" startTime="2026-10-07T15:51:27.3116866+08:00" endTime="2026-10-07T15:51:27.4043208+08:00" testType="13cdc9d9-ddb5-4fa4-a97d-d965ccfc6d4b" outcome="Passed" testListId="8c84fa94-04c1-424b-9868-57a2d4851a1d" relativeResultsDirectory="0109efb1-c578-4b2c-9fa7-88163fea7648" />
    <UnitTestResult executionId="cdade053-ccf5-4b1f-81db-a2d2e86153e2" testId="965de380-168d-6a30-b293-64164d1a7bf7" testName="Gaode.Communication.Tests.CameraServiceSimulationTests.FixedImageDeadlineCancelsOnceWithoutAutomaticReplay" computerName="DEMO" duration="00:00:00.1206652" startTime="2026-10-07T15:51:30.2735178+08:00" endTime="2026-10-07T15:51:30.3942903+08:00" testType="13cdc9d9-ddb5-4fa4-a97d-d965ccfc6d4b" outcome="Passed" testListId="8c84fa94-04c1-424b-9868-57a2d4851a1d" relativeResultsDirectory="cdade053-ccf5-4b1f-81db-a2d2e86153e2" />
    <UnitTestResult executionId="2bf77c73-396f-42e4-b3a6-4f5c33328ced" testId="cca1d089-36bd-436f-fe4d-16b83a4f6652" testName="Gaode.Communication.Tests.CameraProtocolTests.OldSessionOrOldRequestCannotSatisfyCurrentCapture" computerName="DEMO" duration="00:00:00.0025585" startTime="2026-10-07T15:51:26.3629187+08:00" endTime="2026-10-07T15:51:26.3696133+08:00" testType="13cdc9d9-ddb5-4fa4-a97d-d965ccfc6d4b" outcome="Passed" testListId="8c84fa94-04c1-424b-9868-57a2d4851a1d" relativeResultsDirectory="2bf77c73-396f-42e4-b3a6-4f5c33328ced" />
    <UnitTestResult executionId="4e99d388-347e-4d10-b7a6-0b747a556621" testId="8a5b5a5b-4b83-5374-db30-4131b53f2708" testName="Gaode.Communication.Tests.CameraProtocolTests.PersistentStreamDeliversConsecutiveBinaryFramesWithoutBase64" computerName="DEMO" duration="00:00:00.0607282" startTime="2026-10-07T15:51:26.3749082+08:00" endTime="2026-10-07T15:51:26.4304008+08:00" testType="13cdc9d9-ddb5-4fa4-a97d-d965ccfc6d4b" outcome="Passed" testListId="8c84fa94-04c1-424b-9868-57a2d4851a1d" relativeResultsDirectory="4e99d388-347e-4d10-b7a6-0b747a556621" />
    <UnitTestResult executionId="2aab7ab9-3cb2-4821-a2da-5b8b84eee78f" testId="c3728530-6ff8-2bed-619a-3a16a72ea4b2" testName="Gaode.Communication.Tests.CameraProtocolTests.OversizedOrTruncatedTransferCannotProduceAFrame" computerName="DEMO" duration="00:00:00.0017258" startTime="2026-10-07T15:51:26.4307744+08:00" endTime="2026-10-07T15:51:26.4321399+08:00" testType="13cdc9d9-ddb5-4fa4-a97d-d965ccfc6d4b" outcome="Passed" testListId="8c84fa94-04c1-424b-9868-57a2d4851a1d" relativeResultsDirectory="2aab7ab9-3cb2-4821-a2da-5b8b84eee78f" />
  </Results>
  <TestDefinitions>
    <UnitTest name="Gaode.Communication.Tests.CameraWorkerLifecycleTests.ActualWorkerExitRevokesReadyAndRecoveryRequiresFaultAndNewSession" storage="d:\gaode\backend\tests\gaode.communication.tests\bin\debug\net10.0\gaode.communication.tests.dll" id="3e8d2de8-4852-3d7f-32d4-94163d960312">
      <Execution id="ebc225d7-8003-446a-9dd1-6ad203a5b4f1" />
      <TestMethod codeBase="D:\gaode\backend\tests\Gaode.Communication.Tests\bin\Debug\net10.0\Gaode.Communication.Tests.dll" adapterTypeName="executor://xunit/VsTestRunner3/netcore/" className="Gaode.Communication.Tests.CameraWorkerLifecycleTests" name="ActualWorkerExitRevokesReadyAndRecoveryRequiresFaultAndNewSession" />
    </UnitTest>
    <UnitTest name="Gaode.Communication.Tests.Devices.MemberGripperTests.OldGroupCanBeReadButCannotSaveOrStartWithMissingMemberGripper" storage="d:\gaode\backend\tests\gaode.communication.tests\bin\debug\net10.0\gaode.communication.tests.dll" id="ba6c7508-d975-37ef-4407-54b865ae3c0a">
      <Execution id="85755cb2-97b9-44ea-8c64-8ccd169a3976" />
      <TestMethod codeBase="D:\gaode\backend\tests\Gaode.Communication.Tests\bin\Debug\net10.0\Gaode.Communication.Tests.dll" adapterTypeName="executor://xunit/VsTestRunner3/netcore/" className="Gaode.Communication.Tests.Devices.MemberGripperTests" name="OldGroupCanBeReadButCannotSaveOrStartWithMissingMemberGripper" />
    </UnitTest>
    <UnitTest name="Gaode.Communication.Tests.Devices.MemberGripperTests.ExistingCommunicationHandshakeSwitchesOneTwoAndReusesTwo" storage="d:\gaode\backend\tests\gaode.communication.tests\bin\debug\net10.0\gaode.communication.tests.dll" id="98ca9c73-5985-d763-20be-d1f61c44c00b">
      <Execution id="1a071ac1-3d6f-435f-aa57-325b542d63c9" />
      <TestMethod codeBase="D:\gaode\backend\tests\Gaode.Communication.Tests\bin\Debug\net10.0\Gaode.Communication.Tests.dll" adapterTypeName="executor://xunit/VsTestRunner3/netcore/" className="Gaode.Communication.Tests.Devices.MemberGripperTests" name="ExistingCommunicationHandshakeSwitchesOneTwoAndReusesTwo" />
    </UnitTest>
    <UnitTest name="Gaode.Communication.Tests.MediaCommitTests.SidecarFailureAndPartialOrphanPayloadRemainChargedButNeverPublished" storage="d:\gaode\backend\tests\gaode.communication.tests\bin\debug\net10.0\gaode.communication.tests.dll" id="bf219c63-fc96-0d65-5fac-fa7753b73e5b">
      <Execution id="a67f9448-992f-4c81-a2b3-310f1bbad390" />
      <TestMethod codeBase="D:\gaode\backend\tests\Gaode.Communication.Tests\bin\Debug\net10.0\Gaode.Communication.Tests.dll" adapterTypeName="executor://xunit/VsTestRunner3/netcore/" className="Gaode.Communication.Tests.MediaCommitTests" name="SidecarFailureAndPartialOrphanPayloadRemainChargedButNeverPublished" />
    </UnitTest>
    <UnitTest name="Gaode.Communication.Tests.Devices.SamePositionTests.RepeatedTargetsReuseOnlySatisfiedAxes(x: 11, y: 22, z: 33, expected: &quot;&quot;)" storage="d:\gaode\backend\tests\gaode.communication.tests\bin\debug\net10.0\gaode.communication.tests.dll" id="3c5d4162-ff76-8c58-c986-e3f55b02d763">
      <Execution id="b272a390-2f48-4fb0-958d-52c3d0e8cc9f" />
      <TestMethod codeBase="D:\gaode\backend\tests\Gaode.Communication.Tests\bin\Debug\net10.0\Gaode.Communication.Tests.dll" adapterTypeName="executor://xunit/VsTestRunner3/netcore/" className="Gaode.Communication.Tests.Devices.SamePositionTests" name="RepeatedTargetsReuseOnlySatisfiedAxes" />
    </UnitTest>
    <UnitTest name="Gaode.Communication.Tests.CameraWorkerLifecycleTests.FormalServiceIndexFailureRetainsChargedPayloadWithoutPublishingMedia" storage="d:\gaode\backend\tests\gaode.communication.tests\bin\debug\net10.0\gaode.communication.tests.dll" id="db43c1fa-3220-c2b6-30e1-e0108d28d6a3">
      <Execution id="65074fd4-39dd-4834-bb00-2edfaa7b69be" />
      <TestMethod codeBase="D:\gaode\backend\tests\Gaode.Communication.Tests\bin\Debug\net10.0\Gaode.Communication.Tests.dll" adapterTypeName="executor://xunit/VsTestRunner3/netcore/" className="Gaode.Communication.Tests.CameraWorkerLifecycleTests" name="FormalServiceIndexFailureRetainsChargedPayloadWithoutPublishingMedia" />
    </UnitTest>
    <UnitTest name="Gaode.Communication.Tests.CameraServiceSimulationTests.FixedImageDeadlineCancelsOnceWithoutAutomaticReplay" storage="d:\gaode\backend\tests\gaode.communication.tests\bin\debug\net10.0\gaode.communication.tests.dll" id="965de380-168d-6a30-b293-64164d1a7bf7">
      <Execution id="cdade053-ccf5-4b1f-81db-a2d2e86153e2" />
      <TestMethod codeBase="D:\gaode\backend\tests\Gaode.Communication.Tests\bin\Debug\net10.0\Gaode.Communication.Tests.dll" adapterTypeName="executor://xunit/VsTestRunner3/netcore/" className="Gaode.Communication.Tests.CameraServiceSimulationTests" name="FixedImageDeadlineCancelsOnceWithoutAutomaticReplay" />
    </UnitTest>
    <UnitTest name="Gaode.Communication.Tests.MediaCommitTests.DurableCommitPublishesRawDataAndRestoresMetadataAfterRestart" storage="d:\gaode\backend\tests\gaode.communication.tests\bin\debug\net10.0\gaode.communication.tests.dll" id="85c95fb7-6adf-d007-3601-ce27f48ec091">
      <Execution id="0109efb1-c578-4b2c-9fa7-88163fea7648" />
      <TestMethod codeBase="D:\gaode\backend\tests\Gaode.Communication.Tests\bin\Debug\net10.0\Gaode.Communication.Tests.dll" adapterTypeName="executor://xunit/VsTestRunner3/netcore/" className="Gaode.Communication.Tests.MediaCommitTests" name="DurableCommitPublishesRawDataAndRestoresMetadataAfterRestart" />
    </UnitTest>
    <UnitTest name="Gaode.Communication.Tests.CameraProtocolTests.PersistentStreamDeliversConsecutiveBinaryFramesWithoutBase64" storage="d:\gaode\backend\tests\gaode.communication.tests\bin\debug\net10.0\gaode.communication.tests.dll" id="8a5b5a5b-4b83-5374-db30-4131b53f2708">
      <Execution id="4e99d388-347e-4d10-b7a6-0b747a556621" />
      <TestMethod codeBase="D:\gaode\backend\tests\Gaode.Communication.Tests\bin\Debug\net10.0\Gaode.Communication.Tests.dll" adapterTypeName="executor://xunit/VsTestRunner3/netcore/" className="Gaode.Communication.Tests.CameraProtocolTests" name="PersistentStreamDeliversConsecutiveBinaryFramesWithoutBase64" />
    </UnitTest>
    <UnitTest name="Gaode.Communication.Tests.CameraServiceSimulationTests.FixedImageUsesFormalReceiptAndDurableMediaWithoutRealFrameMetadata" storage="d:\gaode\backend\tests\gaode.communication.tests\bin\debug\net10.0\gaode.communication.tests.dll" id="29541768-4852-5730-9ece-c2a86d398daa">
      <Execution id="23f05fc1-ea7b-47c1-a7c0-4e794effe3a3" />
      <TestMethod codeBase="D:\gaode\backend\tests\Gaode.Communication.Tests\bin\Debug\net10.0\Gaode.Communication.Tests.dll" adapterTypeName="executor://xunit/VsTestRunner3/netcore/" className="Gaode.Communication.Tests.CameraServiceSimulationTests" name="FixedImageUsesFormalReceiptAndDurableMediaWithoutRealFrameMetadata" />
    </UnitTest>
    <UnitTest name="Gaode.Communication.Tests.CameraWorkerLifecycleTests.InvalidFrameThroughActualProcessAndFormalServiceCannotCommit(role: &quot;A&quot;, mode: &quot;bad-role&quot;)" storage="d:\gaode\backend\tests\gaode.communication.tests\bin\debug\net10.0\gaode.communication.tests.dll" id="11ffcb30-a5be-deba-542a-033405ae1bf2">
      <Execution id="a1ce9c2b-3e57-4546-aa07-8b99475e7aae" />
      <TestMethod codeBase="D:\gaode\backend\tests\Gaode.Communication.Tests\bin\Debug\net10.0\Gaode.Communication.Tests.dll" adapterTypeName="executor://xunit/VsTestRunner3/netcore/" className="Gaode.Communication.Tests.CameraWorkerLifecycleTests" name="InvalidFrameThroughActualProcessAndFormalServiceCannotCommit" />
    </UnitTest>
    <UnitTest name="Gaode.Communication.Tests.CameraWorkerLifecycleTests.InvalidFrameThroughActualProcessAndFormalServiceCannotCommit(role: &quot;A&quot;, mode: &quot;bad-size&quot;)" storage="d:\gaode\backend\tests\gaode.communication.tests\bin\debug\net10.0\gaode.communication.tests.dll" id="38e640a5-9743-854c-fc90-9726601830e0">
      <Execution id="ebdbda39-5560-4f81-8b76-32e9a0a67117" />
      <TestMethod codeBase="D:\gaode\backend\tests\Gaode.Communication.Tests\bin\Debug\net10.0\Gaode.Communication.Tests.dll" adapterTypeName="executor://xunit/VsTestRunner3/netcore/" className="Gaode.Communication.Tests.CameraWorkerLifecycleTests" name="InvalidFrameThroughActualProcessAndFormalServiceCannotCommit" />
    </UnitTest>
    <UnitTest name="Gaode.Communication.Tests.CameraProtocolTests.OversizedOrTruncatedTransferCannotProduceAFrame" storage="d:\gaode\backend\tests\gaode.communication.tests\bin\debug\net10.0\gaode.communication.tests.dll" id="c3728530-6ff8-2bed-619a-3a16a72ea4b2">
      <Execution id="2aab7ab9-3cb2-4821-a2da-5b8b84eee78f" />
      <TestMethod codeBase="D:\gaode\backend\tests\Gaode.Communication.Tests\bin\Debug\net10.0\Gaode.Communication.Tests.dll" adapterTypeName="executor://xunit/VsTestRunner3/netcore/" className="Gaode.Communication.Tests.CameraProtocolTests" name="OversizedOrTruncatedTransferCannotProduceAFrame" />
    </UnitTest>
    <UnitTest name="Gaode.Communication.Tests.CameraWorkerLifecycleTests.RecoveryDuringCaptureIsRejectedAndNormalShutdownIsNotUnexpectedExit" storage="d:\gaode\backend\tests\gaode.communication.tests\bin\debug\net10.0\gaode.communication.tests.dll" id="d74647f5-3e1b-5e7a-b3b2-b4eb8494419a">
      <Execution id="74da127b-7e2a-466c-b318-6e0fd8b1bf6a" />
      <TestMethod codeBase="D:\gaode\backend\tests\Gaode.Communication.Tests\bin\Debug\net10.0\Gaode.Communication.Tests.dll" adapterTypeName="executor://xunit/VsTestRunner3/netcore/" className="Gaode.Communication.Tests.CameraWorkerLifecycleTests" name="RecoveryDuringCaptureIsRejectedAndNormalShutdownIsNotUnexpectedExit" />
    </UnitTest>
    <UnitTest name="Gaode.Communication.Tests.MediaCommitTests.FullPayloadQuotaSurvivesRestartAndRepeatedIndexRestoreWithoutMemoryReservation" storage="d:\gaode\backend\tests\gaode.communication.tests\bin\debug\net10.0\gaode.communication.tests.dll" id="ab3afd0d-2808-2ad4-cd36-f144b83f6b92">
      <Execution id="7167a2a3-3483-43a0-87b8-81fb2cee57a6" />
      <TestMethod codeBase="D:\gaode\backend\tests\Gaode.Communication.Tests\bin\Debug\net10.0\Gaode.Communication.Tests.dll" adapterTypeName="executor://xunit/VsTestRunner3/netcore/" className="Gaode.Communication.Tests.MediaCommitTests" name="FullPayloadQuotaSurvivesRestartAndRepeatedIndexRestoreWithoutMemoryReservation" />
    </UnitTest>
    <UnitTest name="Gaode.Communication.Tests.CameraWorkerLifecycleTests.InvalidFrameThroughActualProcessAndFormalServiceCannotCommit(role: &quot;3D&quot;, mode: &quot;missing-ir&quot;)" storage="d:\gaode\backend\tests\gaode.communication.tests\bin\debug\net10.0\gaode.communication.tests.dll" id="f6644778-3524-87fe-2441-d1f863f1a4ad">
      <Execution id="bf39b359-818a-49b2-8b72-dc247caba4a4" />
      <TestMethod codeBase="D:\gaode\backend\tests\Gaode.Communication.Tests\bin\Debug\net10.0\Gaode.Communication.Tests.dll" adapterTypeName="executor://xunit/VsTestRunner3/netcore/" className="Gaode.Communication.Tests.CameraWorkerLifecycleTests" name="InvalidFrameThroughActualProcessAndFormalServiceCannotCommit" />
    </UnitTest>
    <UnitTest name="Gaode.Communication.Tests.CameraProtocolTests.OldSessionOrOldRequestCannotSatisfyCurrentCapture" storage="d:\gaode\backend\tests\gaode.communication.tests\bin\debug\net10.0\gaode.communication.tests.dll" id="cca1d089-36bd-436f-fe4d-16b83a4f6652">
      <Execution id="2bf77c73-396f-42e4-b3a6-4f5c33328ced" />
      <TestMethod codeBase="D:\gaode\backend\tests\Gaode.Communication.Tests\bin\Debug\net10.0\Gaode.Communication.Tests.dll" adapterTypeName="executor://xunit/VsTestRunner3/netcore/" className="Gaode.Communication.Tests.CameraProtocolTests" name="OldSessionOrOldRequestCannotSatisfyCurrentCapture" />
    </UnitTest>
    <UnitTest name="Gaode.Communication.Tests.CameraBusinessRegressionTests.CoordinatorPreservesIntentMediaIndexAndRunScopedFConstraint" storage="d:\gaode\backend\tests\gaode.communication.tests\bin\debug\net10.0\gaode.communication.tests.dll" id="f2144bcb-9c62-f0fd-8d8a-fa5d5d6c0b2c">
      <Execution id="5d9fb7eb-c720-4c77-89dc-0c85591363d2" />
      <TestMethod codeBase="D:\gaode\backend\tests\Gaode.Communication.Tests\bin\Debug\net10.0\Gaode.Communication.Tests.dll" adapterTypeName="executor://xunit/VsTestRunner3/netcore/" className="Gaode.Communication.Tests.CameraBusinessRegressionTests" name="CoordinatorPreservesIntentMediaIndexAndRunScopedFConstraint" />
    </UnitTest>
    <UnitTest name="Gaode.Communication.Tests.CameraBusinessRegressionTests.TwoFacesDetectionPlacementObservationAndCancellation(cancelled: False)" storage="d:\gaode\backend\tests\gaode.communication.tests\bin\debug\net10.0\gaode.communication.tests.dll" id="c6b41ddb-436c-5a51-e6a2-4c330a339763">
      <Execution id="4dd75a86-445c-4d76-92bf-d2203ad05d28" />
      <TestMethod codeBase="D:\gaode\backend\tests\Gaode.Communication.Tests\bin\Debug\net10.0\Gaode.Communication.Tests.dll" adapterTypeName="executor://xunit/VsTestRunner3/netcore/" className="Gaode.Communication.Tests.CameraBusinessRegressionTests" name="TwoFacesDetectionPlacementObservationAndCancellation" />
    </UnitTest>
    <UnitTest name="Gaode.Communication.Tests.Devices.MemberGripperTests.SaveReloadFreezeAndResolveMembersWithoutChangingSinglePart" storage="d:\gaode\backend\tests\gaode.communication.tests\bin\debug\net10.0\gaode.communication.tests.dll" id="acc1b58a-c152-4882-bf80-bec9be8cf327">
      <Execution id="1fbbfd5a-d982-41e4-ad99-001aec417832" />
      <TestMethod codeBase="D:\gaode\backend\tests\Gaode.Communication.Tests\bin\Debug\net10.0\Gaode.Communication.Tests.dll" adapterTypeName="executor://xunit/VsTestRunner3/netcore/" className="Gaode.Communication.Tests.Devices.MemberGripperTests" name="SaveReloadFreezeAndResolveMembersWithoutChangingSinglePart" />
    </UnitTest>
    <UnitTest name="Gaode.Communication.Tests.Devices.SamePositionTests.RepeatedTargetsReuseOnlySatisfiedAxes(x: 11, y: 23, z: 34, expected: &quot;Y,DetectionZ&quot;)" storage="d:\gaode\backend\tests\gaode.communication.tests\bin\debug\net10.0\gaode.communication.tests.dll" id="1c4b9ec4-0ab4-2e40-1081-06d4bf82c5ea">
      <Execution id="0b40daa1-afd0-488f-ac6c-bda90d67bb8d" />
      <TestMethod codeBase="D:\gaode\backend\tests\Gaode.Communication.Tests\bin\Debug\net10.0\Gaode.Communication.Tests.dll" adapterTypeName="executor://xunit/VsTestRunner3/netcore/" className="Gaode.Communication.Tests.Devices.SamePositionTests" name="RepeatedTargetsReuseOnlySatisfiedAxes" />
    </UnitTest>
    <UnitTest name="Gaode.Communication.Tests.CameraBusinessRegressionTests.TwoFacesDetectionPlacementObservationAndCancellation(cancelled: True)" storage="d:\gaode\backend\tests\gaode.communication.tests\bin\debug\net10.0\gaode.communication.tests.dll" id="62b00df7-5f7a-0e85-336c-65ec892c8bf7">
      <Execution id="f79954e0-02db-4085-82b5-47241a7ef4a0" />
      <TestMethod codeBase="D:\gaode\backend\tests\Gaode.Communication.Tests\bin\Debug\net10.0\Gaode.Communication.Tests.dll" adapterTypeName="executor://xunit/VsTestRunner3/netcore/" className="Gaode.Communication.Tests.CameraBusinessRegressionTests" name="TwoFacesDetectionPlacementObservationAndCancellation" />
    </UnitTest>
    <UnitTest name="Gaode.Communication.Tests.MediaCommitTests.IndexCommitFailureDoesNotPublishOrRestoreOrphanFile" storage="d:\gaode\backend\tests\gaode.communication.tests\bin\debug\net10.0\gaode.communication.tests.dll" id="1eb9480a-d78e-244e-b782-acd237a91fa0">
      <Execution id="83dcd2eb-2e03-42f4-9c96-46585d72617c" />
      <TestMethod codeBase="D:\gaode\backend\tests\Gaode.Communication.Tests\bin\Debug\net10.0\Gaode.Communication.Tests.dll" adapterTypeName="executor://xunit/VsTestRunner3/netcore/" className="Gaode.Communication.Tests.MediaCommitTests" name="IndexCommitFailureDoesNotPublishOrRestoreOrphanFile" />
    </UnitTest>
    <UnitTest name="Gaode.Communication.Tests.Devices.SamePositionTests.RepeatedTargetsReuseOnlySatisfiedAxes(x: 12, y: 22, z: 33, expected: &quot;X&quot;)" storage="d:\gaode\backend\tests\gaode.communication.tests\bin\debug\net10.0\gaode.communication.tests.dll" id="47675aff-3a4d-eeb6-cf81-89be75b16f06">
      <Execution id="2fa0d080-053c-4601-8814-631658cb3057" />
      <TestMethod codeBase="D:\gaode\backend\tests\Gaode.Communication.Tests\bin\Debug\net10.0\Gaode.Communication.Tests.dll" adapterTypeName="executor://xunit/VsTestRunner3/netcore/" className="Gaode.Communication.Tests.Devices.SamePositionTests" name="RepeatedTargetsReuseOnlySatisfiedAxes" />
    </UnitTest>
    <UnitTest name="Gaode.Communication.Tests.MediaCommitTests.FileWriteFailureCannotProduceReadyMedia" storage="d:\gaode\backend\tests\gaode.communication.tests\bin\debug\net10.0\gaode.communication.tests.dll" id="9f5e65b6-4446-b2ea-0d62-5b482a74e4fd">
      <Execution id="78031105-3ee8-41fc-b607-0f9fb18da7b5" />
      <TestMethod codeBase="D:\gaode\backend\tests\Gaode.Communication.Tests\bin\Debug\net10.0\Gaode.Communication.Tests.dll" adapterTypeName="executor://xunit/VsTestRunner3/netcore/" className="Gaode.Communication.Tests.MediaCommitTests" name="FileWriteFailureCannotProduceReadyMedia" />
    </UnitTest>
  </TestDefinitions>
  <TestEntries>
    <TestEntry testId="47675aff-3a4d-eeb6-cf81-89be75b16f06" executionId="2fa0d080-053c-4601-8814-631658cb3057" testListId="8c84fa94-04c1-424b-9868-57a2d4851a1d" />
    <TestEntry testId="9f5e65b6-4446-b2ea-0d62-5b482a74e4fd" executionId="78031105-3ee8-41fc-b607-0f9fb18da7b5" testListId="8c84fa94-04c1-424b-9868-57a2d4851a1d" />
    <TestEntry testId="3c5d4162-ff76-8c58-c986-e3f55b02d763" executionId="b272a390-2f48-4fb0-958d-52c3d0e8cc9f" testListId="8c84fa94-04c1-424b-9868-57a2d4851a1d" />
    <TestEntry testId="f2144bcb-9c62-f0fd-8d8a-fa5d5d6c0b2c" executionId="5d9fb7eb-c720-4c77-89dc-0c85591363d2" testListId="8c84fa94-04c1-424b-9868-57a2d4851a1d" />
    <TestEntry testId="db43c1fa-3220-c2b6-30e1-e0108d28d6a3" executionId="65074fd4-39dd-4834-bb00-2edfaa7b69be" testListId="8c84fa94-04c1-424b-9868-57a2d4851a1d" />
    <TestEntry testId="acc1b58a-c152-4882-bf80-bec9be8cf327" executionId="1fbbfd5a-d982-41e4-ad99-001aec417832" testListId="8c84fa94-04c1-424b-9868-57a2d4851a1d" />
    <TestEntry testId="f6644778-3524-87fe-2441-d1f863f1a4ad" executionId="bf39b359-818a-49b2-8b72-dc247caba4a4" testListId="8c84fa94-04c1-424b-9868-57a2d4851a1d" />
    <TestEntry testId="62b00df7-5f7a-0e85-336c-65ec892c8bf7" executionId="f79954e0-02db-4085-82b5-47241a7ef4a0" testListId="8c84fa94-04c1-424b-9868-57a2d4851a1d" />
    <TestEntry testId="1c4b9ec4-0ab4-2e40-1081-06d4bf82c5ea" executionId="0b40daa1-afd0-488f-ac6c-bda90d67bb8d" testListId="8c84fa94-04c1-424b-9868-57a2d4851a1d" />
    <TestEntry testId="11ffcb30-a5be-deba-542a-033405ae1bf2" executionId="a1ce9c2b-3e57-4546-aa07-8b99475e7aae" testListId="8c84fa94-04c1-424b-9868-57a2d4851a1d" />
    <TestEntry testId="bf219c63-fc96-0d65-5fac-fa7753b73e5b" executionId="a67f9448-992f-4c81-a2b3-310f1bbad390" testListId="8c84fa94-04c1-424b-9868-57a2d4851a1d" />
    <TestEntry testId="98ca9c73-5985-d763-20be-d1f61c44c00b" executionId="1a071ac1-3d6f-435f-aa57-325b542d63c9" testListId="8c84fa94-04c1-424b-9868-57a2d4851a1d" />
    <TestEntry testId="1eb9480a-d78e-244e-b782-acd237a91fa0" executionId="83dcd2eb-2e03-42f4-9c96-46585d72617c" testListId="8c84fa94-04c1-424b-9868-57a2d4851a1d" />
    <TestEntry testId="c6b41ddb-436c-5a51-e6a2-4c330a339763" executionId="4dd75a86-445c-4d76-92bf-d2203ad05d28" testListId="8c84fa94-04c1-424b-9868-57a2d4851a1d" />
    <TestEntry testId="29541768-4852-5730-9ece-c2a86d398daa" executionId="23f05fc1-ea7b-47c1-a7c0-4e794effe3a3" testListId="8c84fa94-04c1-424b-9868-57a2d4851a1d" />
    <TestEntry testId="3e8d2de8-4852-3d7f-32d4-94163d960312" executionId="ebc225d7-8003-446a-9dd1-6ad203a5b4f1" testListId="8c84fa94-04c1-424b-9868-57a2d4851a1d" />
    <TestEntry testId="d74647f5-3e1b-5e7a-b3b2-b4eb8494419a" executionId="74da127b-7e2a-466c-b318-6e0fd8b1bf6a" testListId="8c84fa94-04c1-424b-9868-57a2d4851a1d" />
    <TestEntry testId="38e640a5-9743-854c-fc90-9726601830e0" executionId="ebdbda39-5560-4f81-8b76-32e9a0a67117" testListId="8c84fa94-04c1-424b-9868-57a2d4851a1d" />
    <TestEntry testId="ab3afd0d-2808-2ad4-cd36-f144b83f6b92" executionId="7167a2a3-3483-43a0-87b8-81fb2cee57a6" testListId="8c84fa94-04c1-424b-9868-57a2d4851a1d" />
    <TestEntry testId="ba6c7508-d975-37ef-4407-54b865ae3c0a" executionId="85755cb2-97b9-44ea-8c64-8ccd169a3976" testListId="8c84fa94-04c1-424b-9868-57a2d4851a1d" />
    <TestEntry testId="85c95fb7-6adf-d007-3601-ce27f48ec091" executionId="0109efb1-c578-4b2c-9fa7-88163fea7648" testListId="8c84fa94-04c1-424b-9868-57a2d4851a1d" />
    <TestEntry testId="965de380-168d-6a30-b293-64164d1a7bf7" executionId="cdade053-ccf5-4b1f-81db-a2d2e86153e2" testListId="8c84fa94-04c1-424b-9868-57a2d4851a1d" />
    <TestEntry testId="cca1d089-36bd-436f-fe4d-16b83a4f6652" executionId="2bf77c73-396f-42e4-b3a6-4f5c33328ced" testListId="8c84fa94-04c1-424b-9868-57a2d4851a1d" />
    <TestEntry testId="8a5b5a5b-4b83-5374-db30-4131b53f2708" executionId="4e99d388-347e-4d10-b7a6-0b747a556621" testListId="8c84fa94-04c1-424b-9868-57a2d4851a1d" />
    <TestEntry testId="c3728530-6ff8-2bed-619a-3a16a72ea4b2" executionId="2aab7ab9-3cb2-4821-a2da-5b8b84eee78f" testListId="8c84fa94-04c1-424b-9868-57a2d4851a1d" />
  </TestEntries>
  <TestLists>
    <TestList name="列表中未列出的结果" id="8c84fa94-04c1-424b-9868-57a2d4851a1d" />
    <TestList name="所有已加载的结果" id="19431567-8539-422a-85d7-44ee4e166bda" />
  </TestLists>
  <ResultSummary outcome="Completed">
    <Counters total="25" executed="25" passed="25" failed="0" error="0" timeout="0" aborted="0" inconclusive="0" passedButRunAborted="0" notRunnable="0" notExecuted="0" disconnected="0" warning="0" completed="0" inProgress="0" pending="0" />
    <Output>
      <StdOut>[xUnit.net 00:00:00.00] xUnit.net VSTest Adapter v3.1.5+1b188a7b0a (64-bit .NET 10.0.12)&#xD;
[xUnit.net 00:00:00.06]   Discovering: Gaode.Communication.Tests&#xD;
[xUnit.net 00:00:00.08]   Discovered:  Gaode.Communication.Tests&#xD;
[xUnit.net 00:00:00.10]   Starting:    Gaode.Communication.Tests&#xD;
[xUnit.net 00:00:05.32]   Finished:    Gaode.Communication.Tests&#xD;
</StdOut>
    </Output>
  </ResultSummary>
</TestRun>