<?xml version="1.0" encoding="utf-8"?>
<TestRun id="68db5483-67de-46c3-91ac-fdf679e3e8da" name="codexsandboxonline@10_3_0_13 2026-10-09 23:17:43" runUser="10_3_0_13\CodexSandboxOnline" xmlns="http://microsoft.com/schemas/VisualStudio/TeamTest/2010">
  <Times creation="2026-10-09T23:17:43.5025436+08:00" queuing="2026-10-09T23:17:43.5025442+08:00" start="2026-10-09T23:17:01.7641168+08:00" finish="2026-10-09T23:19:41.0685752+08:00" />
  <TestSettings name="default" id="26e4c88c-d6b6-4d70-b2c2-7af6e3a4251b">
    <Deployment runDeploymentRoot="codexsandboxonline_10_3_0_13_2026-10-09_23_17_43" />
  </TestSettings>
  <Results>
    <UnitTestResult executionId="e41036a5-cd1d-4ee9-81a8-d54f6e50d364" testId="d0e5c9fa-7437-aaca-c386-dcb190785cd8" testName="Gaode.Communication.Tests.CommissioningWorkflowTests.LegacyTestHostRunsPublicPreparationBindingFlipAndDurableWholeTrayWorkflow(png: False, special: False, probe: &quot;None&quot;)" computerName="10_3_0_13" duration="00:00:20.8148502" startTime="2026-10-09T23:17:50.2265701+08:00" endTime="2026-10-09T23:18:11.1733334+08:00" testType="13cdc9d9-ddb5-4fa4-a97d-d965ccfc6d4b" outcome="Passed" testListId="8c84fa94-04c1-424b-9868-57a2d4851a1d" relativeResultsDirectory="e41036a5-cd1d-4ee9-81a8-d54f6e50d364" />
    <UnitTestResult executionId="ac32e24b-b3df-4b27-ac73-bab710b2a9fb" testId="2517fc11-629b-1d41-02c1-e4883ce386cf" testName="Gaode.Communication.Tests.CommissioningWorkflowTests.LegacyTestHostRunsPublicPreparationBindingFlipAndDurableWholeTrayWorkflow(png: False, special: False, probe: &quot;CloseBeforeEntry&quot;)" computerName="10_3_0_13" duration="00:00:03.2804119" startTime="2026-10-09T23:17:46.9401415+08:00" endTime="2026-10-09T23:17:50.2228675+08:00" testType="13cdc9d9-ddb5-4fa4-a97d-d965ccfc6d4b" outcome="Passed" testListId="8c84fa94-04c1-424b-9868-57a2d4851a1d" relativeResultsDirectory="ac32e24b-b3df-4b27-ac73-bab710b2a9fb" />
    <UnitTestResult executionId="c5852eba-1a53-46ed-b0d5-eff66032a207" testId="4d46b468-5899-2895-3720-555e91fe3f41" testName="Gaode.Communication.Tests.CommissioningWorkflowTests.LegacyTestHostRunsPublicPreparationBindingFlipAndDurableWholeTrayWorkflow(png: True, special: False, probe: &quot;None&quot;)" computerName="10_3_0_13" duration="00:00:16.1407428" startTime="2026-10-09T23:19:24.6987841+08:00" endTime="2026-10-09T23:19:40.8465843+08:00" testType="13cdc9d9-ddb5-4fa4-a97d-d965ccfc6d4b" outcome="Passed" testListId="8c84fa94-04c1-424b-9868-57a2d4851a1d" relativeResultsDirectory="c5852eba-1a53-46ed-b0d5-eff66032a207" />
    <UnitTestResult executionId="33228e27-8ab7-4bb0-9e00-68e5425ae0a0" testId="37f86b59-a1d7-d052-22d4-d42185c8ff03" testName="Gaode.Communication.Tests.CommissioningWorkflowTests.LegacyTestHostRunsPublicPreparationBindingFlipAndDurableWholeTrayWorkflow(png: False, special: False, probe: &quot;Release3D&quot;)" computerName="10_3_0_13" duration="00:00:21.0343465" startTime="2026-10-09T23:18:11.1760641+08:00" endTime="2026-10-09T23:18:32.2267162+08:00" testType="13cdc9d9-ddb5-4fa4-a97d-d965ccfc6d4b" outcome="Passed" testListId="8c84fa94-04c1-424b-9868-57a2d4851a1d" relativeResultsDirectory="33228e27-8ab7-4bb0-9e00-68e5425ae0a0" />
    <UnitTestResult executionId="d2588b9b-7942-4fb9-87d6-ee764ce33ec9" testId="385fca52-722b-6beb-2afd-7eea81df28cd" testName="Gaode.Communication.Tests.CommissioningWorkflowTests.LegacyTestHostRunsPublicPreparationBindingFlipAndDurableWholeTrayWorkflow(png: True, special: True, probe: &quot;None&quot;)" computerName="10_3_0_13" duration="00:00:52.4588053" startTime="2026-10-09T23:18:32.2277742+08:00" endTime="2026-10-09T23:19:24.6955204+08:00" testType="13cdc9d9-ddb5-4fa4-a97d-d965ccfc6d4b" outcome="Passed" testListId="8c84fa94-04c1-424b-9868-57a2d4851a1d" relativeResultsDirectory="d2588b9b-7942-4fb9-87d6-ee764ce33ec9" />
    <UnitTestResult executionId="502c9970-affe-4535-a7a7-36164d11be6b" testId="75d69a8d-cc8d-c0c3-e281-8d6083cdcacf" testName="Gaode.Communication.Tests.CommissioningWorkflowTests.LegacyTestHostRunsPublicPreparationBindingFlipAndDurableWholeTrayWorkflow(png: False, special: False, probe: &quot;Release3DTimeout&quot;)" computerName="10_3_0_13" duration="00:00:03.4934091" startTime="2026-10-09T23:17:43.4789728+08:00" endTime="2026-10-09T23:17:46.9316419+08:00" testType="13cdc9d9-ddb5-4fa4-a97d-d965ccfc6d4b" outcome="Passed" testListId="8c84fa94-04c1-424b-9868-57a2d4851a1d" relativeResultsDirectory="502c9970-affe-4535-a7a7-36164d11be6b" />
    <UnitTestResult executionId="218899d7-80d0-43be-946d-11b5c96d660e" testId="55084b9c-8efb-0961-e147-29c0d667340b" testName="Gaode.Communication.Tests.CommissioningWorkflowTests.LegacyTestHostRunsPublicPreparationBindingFlipAndDurableWholeTrayWorkflow(png: False, special: False, probe: &quot;ReleaseF&quot;)" computerName="10_3_0_13" duration="00:00:34.3152485" startTime="2026-10-09T23:17:09.0551622+08:00" endTime="2026-10-09T23:17:43.4289871+08:00" testType="13cdc9d9-ddb5-4fa4-a97d-d965ccfc6d4b" outcome="Passed" testListId="8c84fa94-04c1-424b-9868-57a2d4851a1d" relativeResultsDirectory="218899d7-80d0-43be-946d-11b5c96d660e" />
  </Results>
  <TestDefinitions>
    <UnitTest name="Gaode.Communication.Tests.CommissioningWorkflowTests.LegacyTestHostRunsPublicPreparationBindingFlipAndDurableWholeTrayWorkflow(png: True, special: False, probe: &quot;None&quot;)" storage="e:\dzk\gaode-022-t045\backend\tests\gaode.communication.tests\bin\debug\net10.0\gaode.communication.tests.dll" id="4d46b468-5899-2895-3720-555e91fe3f41">
      <Execution id="c5852eba-1a53-46ed-b0d5-eff66032a207" />
      <TestMethod codeBase="E:\dzk\gaode-022-t045\backend\tests\Gaode.Communication.Tests\bin\Debug\net10.0\Gaode.Communication.Tests.dll" adapterTypeName="executor://xunit/VsTestRunner3/netcore/" className="Gaode.Communication.Tests.CommissioningWorkflowTests" name="LegacyTestHostRunsPublicPreparationBindingFlipAndDurableWholeTrayWorkflow" />
    </UnitTest>
    <UnitTest name="Gaode.Communication.Tests.CommissioningWorkflowTests.LegacyTestHostRunsPublicPreparationBindingFlipAndDurableWholeTrayWorkflow(png: False, special: False, probe: &quot;Release3D&quot;)" storage="e:\dzk\gaode-022-t045\backend\tests\gaode.communication.tests\bin\debug\net10.0\gaode.communication.tests.dll" id="37f86b59-a1d7-d052-22d4-d42185c8ff03">
      <Execution id="33228e27-8ab7-4bb0-9e00-68e5425ae0a0" />
      <TestMethod codeBase="E:\dzk\gaode-022-t045\backend\tests\Gaode.Communication.Tests\bin\Debug\net10.0\Gaode.Communication.Tests.dll" adapterTypeName="executor://xunit/VsTestRunner3/netcore/" className="Gaode.Communication.Tests.CommissioningWorkflowTests" name="LegacyTestHostRunsPublicPreparationBindingFlipAndDurableWholeTrayWorkflow" />
    </UnitTest>
    <UnitTest name="Gaode.Communication.Tests.CommissioningWorkflowTests.LegacyTestHostRunsPublicPreparationBindingFlipAndDurableWholeTrayWorkflow(png: False, special: False, probe: &quot;Release3DTimeout&quot;)" storage="e:\dzk\gaode-022-t045\backend\tests\gaode.communication.tests\bin\debug\net10.0\gaode.communication.tests.dll" id="75d69a8d-cc8d-c0c3-e281-8d6083cdcacf">
      <Execution id="502c9970-affe-4535-a7a7-36164d11be6b" />
      <TestMethod codeBase="E:\dzk\gaode-022-t045\backend\tests\Gaode.Communication.Tests\bin\Debug\net10.0\Gaode.Communication.Tests.dll" adapterTypeName="executor://xunit/VsTestRunner3/netcore/" className="Gaode.Communication.Tests.CommissioningWorkflowTests" name="LegacyTestHostRunsPublicPreparationBindingFlipAndDurableWholeTrayWorkflow" />
    </UnitTest>
    <UnitTest name="Gaode.Communication.Tests.CommissioningWorkflowTests.LegacyTestHostRunsPublicPreparationBindingFlipAndDurableWholeTrayWorkflow(png: True, special: True, probe: &quot;None&quot;)" storage="e:\dzk\gaode-022-t045\backend\tests\gaode.communication.tests\bin\debug\net10.0\gaode.communication.tests.dll" id="385fca52-722b-6beb-2afd-7eea81df28cd">
      <Execution id="d2588b9b-7942-4fb9-87d6-ee764ce33ec9" />
      <TestMethod codeBase="E:\dzk\gaode-022-t045\backend\tests\Gaode.Communication.Tests\bin\Debug\net10.0\Gaode.Communication.Tests.dll" adapterTypeName="executor://xunit/VsTestRunner3/netcore/" className="Gaode.Communication.Tests.CommissioningWorkflowTests" name="LegacyTestHostRunsPublicPreparationBindingFlipAndDurableWholeTrayWorkflow" />
    </UnitTest>
    <UnitTest name="Gaode.Communication.Tests.CommissioningWorkflowTests.LegacyTestHostRunsPublicPreparationBindingFlipAndDurableWholeTrayWorkflow(png: False, special: False, probe: &quot;None&quot;)" storage="e:\dzk\gaode-022-t045\backend\tests\gaode.communication.tests\bin\debug\net10.0\gaode.communication.tests.dll" id="d0e5c9fa-7437-aaca-c386-dcb190785cd8">
      <Execution id="e41036a5-cd1d-4ee9-81a8-d54f6e50d364" />
      <TestMethod codeBase="E:\dzk\gaode-022-t045\backend\tests\Gaode.Communication.Tests\bin\Debug\net10.0\Gaode.Communication.Tests.dll" adapterTypeName="executor://xunit/VsTestRunner3/netcore/" className="Gaode.Communication.Tests.CommissioningWorkflowTests" name="LegacyTestHostRunsPublicPreparationBindingFlipAndDurableWholeTrayWorkflow" />
    </UnitTest>
    <UnitTest name="Gaode.Communication.Tests.CommissioningWorkflowTests.LegacyTestHostRunsPublicPreparationBindingFlipAndDurableWholeTrayWorkflow(png: False, special: False, probe: &quot;CloseBeforeEntry&quot;)" storage="e:\dzk\gaode-022-t045\backend\tests\gaode.communication.tests\bin\debug\net10.0\gaode.communication.tests.dll" id="2517fc11-629b-1d41-02c1-e4883ce386cf">
      <Execution id="ac32e24b-b3df-4b27-ac73-bab710b2a9fb" />
      <TestMethod codeBase="E:\dzk\gaode-022-t045\backend\tests\Gaode.Communication.Tests\bin\Debug\net10.0\Gaode.Communication.Tests.dll" adapterTypeName="executor://xunit/VsTestRunner3/netcore/" className="Gaode.Communication.Tests.CommissioningWorkflowTests" name="LegacyTestHostRunsPublicPreparationBindingFlipAndDurableWholeTrayWorkflow" />
    </UnitTest>
    <UnitTest name="Gaode.Communication.Tests.CommissioningWorkflowTests.LegacyTestHostRunsPublicPreparationBindingFlipAndDurableWholeTrayWorkflow(png: False, special: False, probe: &quot;ReleaseF&quot;)" storage="e:\dzk\gaode-022-t045\backend\tests\gaode.communication.tests\bin\debug\net10.0\gaode.communication.tests.dll" id="55084b9c-8efb-0961-e147-29c0d667340b">
      <Execution id="218899d7-80d0-43be-946d-11b5c96d660e" />
      <TestMethod codeBase="E:\dzk\gaode-022-t045\backend\tests\Gaode.Communication.Tests\bin\Debug\net10.0\Gaode.Communication.Tests.dll" adapterTypeName="executor://xunit/VsTestRunner3/netcore/" className="Gaode.Communication.Tests.CommissioningWorkflowTests" name="LegacyTestHostRunsPublicPreparationBindingFlipAndDurableWholeTrayWorkflow" />
    </UnitTest>
  </TestDefinitions>
  <TestEntries>
    <TestEntry testId="d0e5c9fa-7437-aaca-c386-dcb190785cd8" executionId="e41036a5-cd1d-4ee9-81a8-d54f6e50d364" testListId="8c84fa94-04c1-424b-9868-57a2d4851a1d" />
    <TestEntry testId="2517fc11-629b-1d41-02c1-e4883ce386cf" executionId="ac32e24b-b3df-4b27-ac73-bab710b2a9fb" testListId="8c84fa94-04c1-424b-9868-57a2d4851a1d" />
    <TestEntry testId="4d46b468-5899-2895-3720-555e91fe3f41" executionId="c5852eba-1a53-46ed-b0d5-eff66032a207" testListId="8c84fa94-04c1-424b-9868-57a2d4851a1d" />
    <TestEntry testId="37f86b59-a1d7-d052-22d4-d42185c8ff03" executionId="33228e27-8ab7-4bb0-9e00-68e5425ae0a0" testListId="8c84fa94-04c1-424b-9868-57a2d4851a1d" />
    <TestEntry testId="385fca52-722b-6beb-2afd-7eea81df28cd" executionId="d2588b9b-7942-4fb9-87d6-ee764ce33ec9" testListId="8c84fa94-04c1-424b-9868-57a2d4851a1d" />
    <TestEntry testId="75d69a8d-cc8d-c0c3-e281-8d6083cdcacf" executionId="502c9970-affe-4535-a7a7-36164d11be6b" testListId="8c84fa94-04c1-424b-9868-57a2d4851a1d" />
    <TestEntry testId="55084b9c-8efb-0961-e147-29c0d667340b" executionId="218899d7-80d0-43be-946d-11b5c96d660e" testListId="8c84fa94-04c1-424b-9868-57a2d4851a1d" />
  </TestEntries>
  <TestLists>
    <TestList name="列表中未列出的结果" id="8c84fa94-04c1-424b-9868-57a2d4851a1d" />
    <TestList name="所有已加载的结果" id="19431567-8539-422a-85d7-44ee4e166bda" />
  </TestLists>
  <ResultSummary outcome="Completed">
    <Counters total="7" executed="7" passed="7" failed="0" error="0" timeout="0" aborted="0" inconclusive="0" passedButRunAborted="0" notRunnable="0" notExecuted="0" disconnected="0" warning="0" completed="0" inProgress="0" pending="0" />
    <Output>
      <StdOut>[xUnit.net 00:00:00.00] xUnit.net VSTest Adapter v3.1.5+1b188a7b0a (64-bit .NET 10.0.12)&#xD;
[xUnit.net 00:00:00.50]   Discovering: Gaode.Communication.Tests&#xD;
[xUnit.net 00:00:03.31]   Discovered:  Gaode.Communication.Tests&#xD;
[xUnit.net 00:00:03.49]   Starting:    Gaode.Communication.Tests&#xD;
[xUnit.net 00:02:35.42]   Finished:    Gaode.Communication.Tests&#xD;
</StdOut>
    </Output>
  </ResultSummary>
</TestRun>