<?xml version="1.0" encoding="utf-8"?>
<TestRun id="c94b4378-e088-4149-b9be-abf017500612" name="codexsandboxonline@10_3_0_13 2026-10-09 04:57:14" runUser="10_3_0_13\CodexSandboxOnline" xmlns="http://microsoft.com/schemas/VisualStudio/TeamTest/2010">
  <Times creation="2026-10-09T04:57:14.9767118+08:00" queuing="2026-10-09T04:57:14.9767126+08:00" start="2026-10-09T04:56:57.0500498+08:00" finish="2026-10-09T04:58:47.1941839+08:00" />
  <TestSettings name="default" id="448b2386-d033-45ee-b812-ed3c98ee4bdb">
    <Deployment runDeploymentRoot="codexsandboxonline_10_3_0_13_2026-10-09_04_57_14" />
  </TestSettings>
  <Results>
    <UnitTestResult executionId="7983fac2-b69f-4aea-976b-829a9bf89d1e" testId="7923ee32-0c4b-d942-01cc-b423129530c3" testName="Gaode.Communication.Tests.Devices.HandshakeClosureTests.TransitionOwnsDeviceUntilRealSqliteSaveReceipt(failReceipt: False, puttingBack: False)" computerName="10_3_0_13" duration="00:00:02.1884416" startTime="2026-10-09T04:57:42.3111108+08:00" endTime="2026-10-09T04:57:44.5014576+08:00" testType="13cdc9d9-ddb5-4fa4-a97d-d965ccfc6d4b" outcome="Passed" testListId="8c84fa94-04c1-424b-9868-57a2d4851a1d" relativeResultsDirectory="7983fac2-b69f-4aea-976b-829a9bf89d1e" />
    <UnitTestResult executionId="ce0d727c-5052-4c49-9fca-c7a70569521b" testId="33b7965e-168e-f3cd-2ab0-1b9073b87661" testName="Gaode.Communication.Tests.Devices.SamePositionTests.StaticPositionWithoutCurrentClosureMustActuallyDispatch(cause: &quot;initial&quot;)" computerName="10_3_0_13" duration="00:00:02.4276913" startTime="2026-10-09T04:57:23.3896821+08:00" endTime="2026-10-09T04:57:26.5457811+08:00" testType="13cdc9d9-ddb5-4fa4-a97d-d965ccfc6d4b" outcome="Passed" testListId="8c84fa94-04c1-424b-9868-57a2d4851a1d" relativeResultsDirectory="ce0d727c-5052-4c49-9fca-c7a70569521b" />
    <UnitTestResult executionId="91678d6e-4dc0-4dc6-88b0-e8b1d75b40bc" testId="3112a5fc-4dd2-bd10-033c-8c81cab69ba0" testName="Gaode.Communication.Tests.SiteOperationHandshakeTests.ResetWaitsForFreshReadyAfterRequestInsteadOfUsingEarlierReady(initiallySoftStopped: False)" computerName="10_3_0_13" duration="00:00:00.3952011" startTime="2026-10-09T04:58:23.5967489+08:00" endTime="2026-10-09T04:58:23.9953105+08:00" testType="13cdc9d9-ddb5-4fa4-a97d-d965ccfc6d4b" outcome="Passed" testListId="8c84fa94-04c1-424b-9868-57a2d4851a1d" relativeResultsDirectory="91678d6e-4dc0-4dc6-88b0-e8b1d75b40bc" />
    <UnitTestResult executionId="6914f6e4-e971-4c90-b20a-ae2b83aac9c2" testId="66a52e9f-c6d7-f433-1542-ed9d67c24f2c" testName="Gaode.Communication.Tests.Devices.HandshakeClosureTests.TransitionOwnsDeviceUntilRealSqliteSaveReceipt(failReceipt: True, puttingBack: True)" computerName="10_3_0_13" duration="00:00:02.9400657" startTime="2026-10-09T04:57:48.7537039+08:00" endTime="2026-10-09T04:57:51.7743879+08:00" testType="13cdc9d9-ddb5-4fa4-a97d-d965ccfc6d4b" outcome="Passed" testListId="8c84fa94-04c1-424b-9868-57a2d4851a1d" relativeResultsDirectory="6914f6e4-e971-4c90-b20a-ae2b83aac9c2" />
    <UnitTestResult executionId="f6f5f0c8-b455-42be-8620-06dc8601d797" testId="8fd6cf83-0ad4-f5d2-cd50-e4fe372ea361" testName="Gaode.Communication.Tests.SiteOperationHandshakeTests.ReadyCompletionClearsResetRequestEvenWhenPositionVerificationBlocks" computerName="10_3_0_13" duration="00:00:01.0870317" startTime="2026-10-09T04:58:19.9814542+08:00" endTime="2026-10-09T04:58:21.1611444+08:00" testType="13cdc9d9-ddb5-4fa4-a97d-d965ccfc6d4b" outcome="Passed" testListId="8c84fa94-04c1-424b-9868-57a2d4851a1d" relativeResultsDirectory="f6f5f0c8-b455-42be-8620-06dc8601d797" />
    <UnitTestResult executionId="760a01d9-26f7-42b0-a51a-916e4d0c9372" testId="be4f9069-d823-8031-3c57-20ddea114ee4" testName="Gaode.Communication.Tests.CommissioningRecoveryTests.InvalidResetFeedbackBlocksRecoveryAndNewRun(feedbackAddress: 6050, feedback: 2)" computerName="10_3_0_13" duration="00:00:02.5690273" startTime="2026-10-09T04:58:43.2647822+08:00" endTime="2026-10-09T04:58:45.8703209+08:00" testType="13cdc9d9-ddb5-4fa4-a97d-d965ccfc6d4b" outcome="Passed" testListId="8c84fa94-04c1-424b-9868-57a2d4851a1d" relativeResultsDirectory="760a01d9-26f7-42b0-a51a-916e4d0c9372" />
    <UnitTestResult executionId="ecdad32f-3b68-4482-8c42-d04bfa4b9ed4" testId="1c4b9ec4-0ab4-2e40-1081-06d4bf82c5ea" testName="Gaode.Communication.Tests.Devices.SamePositionTests.RepeatedTargetsReuseOnlySatisfiedAxes(x: 11, y: 23, z: 34, expected: &quot;Y,DetectionZ&quot;)" computerName="10_3_0_13" duration="00:00:04.4242975" startTime="2026-10-09T04:57:14.9457186+08:00" endTime="2026-10-09T04:57:19.3778481+08:00" testType="13cdc9d9-ddb5-4fa4-a97d-d965ccfc6d4b" outcome="Passed" testListId="8c84fa94-04c1-424b-9868-57a2d4851a1d" relativeResultsDirectory="ecdad32f-3b68-4482-8c42-d04bfa4b9ed4" />
    <UnitTestResult executionId="ff930533-be2a-4e7d-8d7a-6d3f04e0defd" testId="d8dbd12e-c2dd-6023-e8cd-c93c15acfba2" testName="Gaode.Communication.Tests.Devices.HandshakeClosureTests.SortingUsesActualCommitAndFinalSafetyBeforeParentClear(omitIntent: True)" computerName="10_3_0_13" duration="00:00:02.1748083" startTime="2026-10-09T04:58:12.6773964+08:00" endTime="2026-10-09T04:58:14.8532719+08:00" testType="13cdc9d9-ddb5-4fa4-a97d-d965ccfc6d4b" outcome="Passed" testListId="8c84fa94-04c1-424b-9868-57a2d4851a1d" relativeResultsDirectory="ff930533-be2a-4e7d-8d7a-6d3f04e0defd" />
    <UnitTestResult executionId="ec89fc18-a4f3-478a-858c-10377ab42443" testId="c01ccc49-5ba1-cf23-2582-17887df5c9ff" testName="Gaode.Communication.Tests.CommissioningRecoveryTests.InterruptedResetRecordsCancellationObservationAndKeepsOldRunHeld(cancelRequest: False)" computerName="10_3_0_13" duration="00:00:02.1767960" startTime="2026-10-09T04:58:36.1989166+08:00" endTime="2026-10-09T04:58:38.3883749+08:00" testType="13cdc9d9-ddb5-4fa4-a97d-d965ccfc6d4b" outcome="Passed" testListId="8c84fa94-04c1-424b-9868-57a2d4851a1d" relativeResultsDirectory="ec89fc18-a4f3-478a-858c-10377ab42443" />
    <UnitTestResult executionId="bc0377ba-e9a2-489f-939a-6bffb1a55f48" testId="48f10811-4144-df39-fe0c-1785342ff15b" testName="Gaode.Communication.Tests.Devices.HandshakeClosureTests.UnknownWriteOrDelayedTransportDoesNotReplay(fault: AxisClearWriteResponseLost)" computerName="10_3_0_13" duration="00:00:01.9081495" startTime="2026-10-09T04:57:51.7768940+08:00" endTime="2026-10-09T04:57:53.7588789+08:00" testType="13cdc9d9-ddb5-4fa4-a97d-d965ccfc6d4b" outcome="Passed" testListId="8c84fa94-04c1-424b-9868-57a2d4851a1d" relativeResultsDirectory="bc0377ba-e9a2-489f-939a-6bffb1a55f48" />
    <UnitTestResult executionId="61ae12b4-9bb7-46e9-97e8-650576326c0b" testId="2dd942b7-93ed-b025-8709-5ea78f33b167" testName="Gaode.Communication.Tests.Devices.HandshakeClosureTests.DelayedClearHoldsOwnershipAndPreservesArrivalEvidence" computerName="10_3_0_13" duration="00:00:03.7463115" startTime="2026-10-09T04:58:14.8553882+08:00" endTime="2026-10-09T04:58:18.6054573+08:00" testType="13cdc9d9-ddb5-4fa4-a97d-d965ccfc6d4b" outcome="Passed" testListId="8c84fa94-04c1-424b-9868-57a2d4851a1d" relativeResultsDirectory="61ae12b4-9bb7-46e9-97e8-650576326c0b" />
    <UnitTestResult executionId="d97da245-0590-49e2-b319-bd3b0985cd9f" testId="e730403b-8bb1-41f6-4747-17709ef24717" testName="Gaode.Communication.Tests.SiteOperationHandshakeTests.ResetPreconditionReadbackFailureNeverSendsResetOrStart" computerName="10_3_0_13" duration="00:00:00.2810719" startTime="2026-10-09T04:58:24.4485692+08:00" endTime="2026-10-09T04:58:24.7320126+08:00" testType="13cdc9d9-ddb5-4fa4-a97d-d965ccfc6d4b" outcome="Passed" testListId="8c84fa94-04c1-424b-9868-57a2d4851a1d" relativeResultsDirectory="d97da245-0590-49e2-b319-bd3b0985cd9f" />
    <UnitTestResult executionId="5bdd7b4c-f1a2-4b08-9f3b-80e306d77dea" testId="94033269-5cc7-f2d7-fe3f-9c2770d966ea" testName="Gaode.Communication.Tests.CommissioningRecoveryTests.FailedCancellationSaveKeepsOldRunAndOwnersHeldDespitePhysicalReset" computerName="10_3_0_13" duration="00:00:00.7717741" startTime="2026-10-09T04:58:34.5624525+08:00" endTime="2026-10-09T04:58:35.3404269+08:00" testType="13cdc9d9-ddb5-4fa4-a97d-d965ccfc6d4b" outcome="Passed" testListId="8c84fa94-04c1-424b-9868-57a2d4851a1d" relativeResultsDirectory="5bdd7b4c-f1a2-4b08-9f3b-80e306d77dea" />
    <UnitTestResult executionId="1ae8ae35-3bae-4751-bd4f-d924dc4d64b8" testId="fcd0ec70-f888-1a1b-7547-fbfa04f6d47c" testName="Gaode.Communication.Tests.SiteOperationHandshakeTests.ConfirmedPolicyDoesNotOverrideCurtainDoorOrUnknownAlarm(alarm: 1)" computerName="10_3_0_13" duration="00:00:00.7682040" startTime="2026-10-09T04:58:22.1094253+08:00" endTime="2026-10-09T04:58:22.8798547+08:00" testType="13cdc9d9-ddb5-4fa4-a97d-d965ccfc6d4b" outcome="Passed" testListId="8c84fa94-04c1-424b-9868-57a2d4851a1d" relativeResultsDirectory="1ae8ae35-3bae-4751-bd4f-d924dc4d64b8" />
    <UnitTestResult executionId="d4f00f1e-f8de-4de1-8690-edc4da047089" testId="ee8e5b9e-478f-6714-16d9-22fd8350e3e8" testName="Gaode.Communication.Tests.SiteOperationHandshakeTests.ResetCompletesFromFreshReadyOneWithoutObservingZero" computerName="10_3_0_13" duration="00:00:00.9390596" startTime="2026-10-09T04:58:21.1615991+08:00" endTime="2026-10-09T04:58:22.1086405+08:00" testType="13cdc9d9-ddb5-4fa4-a97d-d965ccfc6d4b" outcome="Passed" testListId="8c84fa94-04c1-424b-9868-57a2d4851a1d" relativeResultsDirectory="d4f00f1e-f8de-4de1-8690-edc4da047089" />
    <UnitTestResult executionId="0fe6ef4a-16a4-40d7-8dde-fdf85f23ac8b" testId="526a317b-795d-79f6-4d03-143111bf3a74" testName="Gaode.Communication.Tests.SiteOperationHandshakeTests.ResetReadyZeroTimesOutWithoutClearingOrReplaying" computerName="10_3_0_13" duration="00:00:01.2322044" startTime="2026-10-09T04:58:27.3114593+08:00" endTime="2026-10-09T04:58:28.5464876+08:00" testType="13cdc9d9-ddb5-4fa4-a97d-d965ccfc6d4b" outcome="Passed" testListId="8c84fa94-04c1-424b-9868-57a2d4851a1d" relativeResultsDirectory="0fe6ef4a-16a4-40d7-8dde-fdf85f23ac8b" />
    <UnitTestResult executionId="df1eb024-2981-4390-91f3-30f177ec5714" testId="3a6e5a79-d0a4-3967-2b0c-a49906c11f1c" testName="Gaode.Communication.Tests.CommissioningRecoveryTests.ActiveExecutionOrResourcesBlockBeforeAnyReset(activeExecution: True)" computerName="10_3_0_13" duration="00:00:00.3118808" startTime="2026-10-09T04:58:39.1941994+08:00" endTime="2026-10-09T04:58:39.5112949+08:00" testType="13cdc9d9-ddb5-4fa4-a97d-d965ccfc6d4b" outcome="Passed" testListId="8c84fa94-04c1-424b-9868-57a2d4851a1d" relativeResultsDirectory="df1eb024-2981-4390-91f3-30f177ec5714" />
    <UnitTestResult executionId="7bab5c45-d1ea-4324-90cf-2f8933f0a1e6" testId="403dd66a-9951-0caa-b652-3226f7c597bf" testName="Gaode.Communication.Tests.Devices.HandshakeClosureTests.SortingUsesActualCommitAndFinalSafetyBeforeParentClear(omitIntent: False)" computerName="10_3_0_13" duration="00:00:09.3561435" startTime="2026-10-09T04:58:03.3178622+08:00" endTime="2026-10-09T04:58:12.6744909+08:00" testType="13cdc9d9-ddb5-4fa4-a97d-d965ccfc6d4b" outcome="Passed" testListId="8c84fa94-04c1-424b-9868-57a2d4851a1d" relativeResultsDirectory="7bab5c45-d1ea-4324-90cf-2f8933f0a1e6" />
    <UnitTestResult executionId="7e40e371-6126-4019-9f69-c7d82938e4a3" testId="47cace73-f00c-f337-0a02-9a2cc1bf51a8" testName="Gaode.Communication.Tests.Devices.HandshakeClosureTests.NoClearTimeoutAndLateZeroNeverAuthorizeAnotherRequest" computerName="10_3_0_13" duration="00:00:02.4575557" startTime="2026-10-09T04:57:39.8463244+08:00" endTime="2026-10-09T04:57:42.3082739+08:00" testType="13cdc9d9-ddb5-4fa4-a97d-d965ccfc6d4b" outcome="Passed" testListId="8c84fa94-04c1-424b-9868-57a2d4851a1d" relativeResultsDirectory="7e40e371-6126-4019-9f69-c7d82938e4a3" />
    <UnitTestResult executionId="3d99f768-c54e-425d-9409-29f1810df200" testId="55bf6208-a608-e197-8149-ffa07e3a8e47" testName="Gaode.Communication.Tests.CommissioningRecoveryTests.ActiveExecutionOrResourcesBlockBeforeAnyReset(activeExecution: False)" computerName="10_3_0_13" duration="00:00:00.4401241" startTime="2026-10-09T04:58:39.5116344+08:00" endTime="2026-10-09T04:58:39.9563825+08:00" testType="13cdc9d9-ddb5-4fa4-a97d-d965ccfc6d4b" outcome="Passed" testListId="8c84fa94-04c1-424b-9868-57a2d4851a1d" relativeResultsDirectory="3d99f768-c54e-425d-9409-29f1810df200" />
    <UnitTestResult executionId="39330c87-7632-4eaa-9cf4-aae409889640" testId="274fa7c0-a5a9-d22f-e366-fd91b7732bc9" testName="Gaode.Communication.Tests.Devices.HandshakeClosureTests.UnknownWriteOrDelayedTransportDoesNotReplay(fault: AxisWriteResponseLost)" computerName="10_3_0_13" duration="00:00:01.4052524" startTime="2026-10-09T04:57:53.7597138+08:00" endTime="2026-10-09T04:57:55.1892791+08:00" testType="13cdc9d9-ddb5-4fa4-a97d-d965ccfc6d4b" outcome="Passed" testListId="8c84fa94-04c1-424b-9868-57a2d4851a1d" relativeResultsDirectory="39330c87-7632-4eaa-9cf4-aae409889640" />
    <UnitTestResult executionId="7169c08f-a44c-4242-94a6-43d789d78724" testId="3d76f878-7baa-4040-fa0a-0d83a02becd7" testName="Gaode.Communication.Tests.SiteOperationHandshakeTests.PreviousResetRequestIsNotClearedOrReplayed" computerName="10_3_0_13" duration="00:00:00.5004718" startTime="2026-10-09T04:58:28.5474405+08:00" endTime="2026-10-09T04:58:29.0639501+08:00" testType="13cdc9d9-ddb5-4fa4-a97d-d965ccfc6d4b" outcome="Passed" testListId="8c84fa94-04c1-424b-9868-57a2d4851a1d" relativeResultsDirectory="7169c08f-a44c-4242-94a6-43d789d78724" />
    <UnitTestResult executionId="9b2e5b6f-ed6f-42f3-b376-7701cd372b86" testId="08b58ca3-34fb-2f33-15b4-c47bbcf2d597" testName="Gaode.Communication.Tests.CommissioningRecoveryTests.InvalidResetFeedbackBlocksRecoveryAndNewRun(feedbackAddress: 6052, feedback: 1)" computerName="10_3_0_13" duration="00:00:02.4637587" startTime="2026-10-09T04:58:39.9566763+08:00" endTime="2026-10-09T04:58:42.4224161+08:00" testType="13cdc9d9-ddb5-4fa4-a97d-d965ccfc6d4b" outcome="Passed" testListId="8c84fa94-04c1-424b-9868-57a2d4851a1d" relativeResultsDirectory="9b2e5b6f-ed6f-42f3-b376-7701cd372b86" />
    <UnitTestResult executionId="85ff4ab4-6640-4ab5-85f1-75a4a86579c1" testId="427fb3d9-6aa1-ee38-7f22-3d27174b0f47" testName="Gaode.Communication.Tests.Devices.HandshakeClosureTests.UnknownWriteOrDelayedTransportDoesNotReplay(fault: AxisResponseDelayed)" computerName="10_3_0_13" duration="00:00:01.8807685" startTime="2026-10-09T04:57:55.1945333+08:00" endTime="2026-10-09T04:57:57.0763801+08:00" testType="13cdc9d9-ddb5-4fa4-a97d-d965ccfc6d4b" outcome="Passed" testListId="8c84fa94-04c1-424b-9868-57a2d4851a1d" relativeResultsDirectory="85ff4ab4-6640-4ab5-85f1-75a4a86579c1" />
    <UnitTestResult executionId="c343ce9c-5b5d-4229-ac6b-3d812e66ba8d" testId="3dd2ceb6-1280-4b99-9784-9725f0c0f505" testName="Gaode.Communication.Tests.Devices.HandshakeClosureTests.FlipHoldsParentUntilPutBackWithItsOwnWindow" computerName="10_3_0_13" duration="00:00:05.3568637" startTime="2026-10-09T04:57:57.9585561+08:00" endTime="2026-10-09T04:58:03.3169160+08:00" testType="13cdc9d9-ddb5-4fa4-a97d-d965ccfc6d4b" outcome="Passed" testListId="8c84fa94-04c1-424b-9868-57a2d4851a1d" relativeResultsDirectory="c343ce9c-5b5d-4229-ac6b-3d812e66ba8d" />
    <UnitTestResult executionId="ead3b759-b1e5-471a-9b50-797142919957" testId="e4f4f7b4-68aa-c002-c837-3c41c4632dda" testName="Gaode.Communication.Tests.SiteOperationHandshakeTests.StartupAwayFromSafeZeroDoesNotSendStartOrMotion" computerName="10_3_0_13" duration="00:00:00.2529520" startTime="2026-10-09T04:58:27.0573192+08:00" endTime="2026-10-09T04:58:27.3107567+08:00" testType="13cdc9d9-ddb5-4fa4-a97d-d965ccfc6d4b" outcome="Passed" testListId="8c84fa94-04c1-424b-9868-57a2d4851a1d" relativeResultsDirectory="ead3b759-b1e5-471a-9b50-797142919957" />
    <UnitTestResult executionId="197d6383-9e64-41d9-975e-15ee7e9b0a2b" testId="09787cc1-0164-870e-fb0b-2366eac47b7c" testName="Gaode.Communication.Tests.SiteOperationHandshakeTests.ConfirmedPolicyDoesNotOverrideCurtainDoorOrUnknownAlarm(alarm: 4)" computerName="10_3_0_13" duration="00:00:00.2982736" startTime="2026-10-09T04:58:23.2965598+08:00" endTime="2026-10-09T04:58:23.5959812+08:00" testType="13cdc9d9-ddb5-4fa4-a97d-d965ccfc6d4b" outcome="Passed" testListId="8c84fa94-04c1-424b-9868-57a2d4851a1d" relativeResultsDirectory="197d6383-9e64-41d9-975e-15ee7e9b0a2b" />
    <UnitTestResult executionId="52c5526f-63ae-4007-86c1-c463a6b8afee" testId="f147e2af-2764-eca4-da02-eb4385f7c1e9" testName="Gaode.Communication.Tests.CommissioningRecoveryTests.ReadyOneWithoutThisResetOrWithoutRestorationPolicyNeverPassesRecovery" computerName="10_3_0_13" duration="00:00:00.8351188" startTime="2026-10-09T04:58:35.3410558+08:00" endTime="2026-10-09T04:58:36.1981575+08:00" testType="13cdc9d9-ddb5-4fa4-a97d-d965ccfc6d4b" outcome="Passed" testListId="8c84fa94-04c1-424b-9868-57a2d4851a1d" relativeResultsDirectory="52c5526f-63ae-4007-86c1-c463a6b8afee" />
    <UnitTestResult executionId="d749414c-bb5f-4cb6-8218-275180111f52" testId="9605d621-3176-d3f4-bb5d-feb97ce91d03" testName="Gaode.Communication.Tests.CommissioningRecoveryTests.FullResetDurablyClosesLiveOrRehydratedOldRunAndAllowsExplicitNewRun(rehydrated: False)" computerName="10_3_0_13" duration="00:00:00.4438112" startTime="2026-10-09T04:58:34.1153295+08:00" endTime="2026-10-09T04:58:34.5618602+08:00" testType="13cdc9d9-ddb5-4fa4-a97d-d965ccfc6d4b" outcome="Passed" testListId="8c84fa94-04c1-424b-9868-57a2d4851a1d" relativeResultsDirectory="d749414c-bb5f-4cb6-8218-275180111f52" />
    <UnitTestResult executionId="2c649de8-fdf1-4df5-94c5-389ee2b5af4a" testId="b2418f5a-7484-d8e0-641e-462d01be822f" testName="Gaode.Communication.Tests.SiteOperationHandshakeTests.StartClearsAfterFullActualXYAndZClosureAndSameCoordinateReuseStillWorks(retainArrived: False)" computerName="10_3_0_13" duration="00:00:01.9447689" startTime="2026-10-09T04:58:30.8589679+08:00" endTime="2026-10-09T04:58:32.8537057+08:00" testType="13cdc9d9-ddb5-4fa4-a97d-d965ccfc6d4b" outcome="Passed" testListId="8c84fa94-04c1-424b-9868-57a2d4851a1d" relativeResultsDirectory="2c649de8-fdf1-4df5-94c5-389ee2b5af4a" />
    <UnitTestResult executionId="51802fa0-f1ff-4547-a8f7-a40a30c28107" testId="c7d7d52d-ccc4-2f63-3800-5bd5d89e13a1" testName="Gaode.Communication.Tests.Devices.HandshakeClosureTests.SixAxisMappingsClearIndependentlyAndRepeat" computerName="10_3_0_13" duration="00:00:06.4411780" startTime="2026-10-09T04:57:33.3966552+08:00" endTime="2026-10-09T04:57:39.8413609+08:00" testType="13cdc9d9-ddb5-4fa4-a97d-d965ccfc6d4b" outcome="Passed" testListId="8c84fa94-04c1-424b-9868-57a2d4851a1d" relativeResultsDirectory="51802fa0-f1ff-4547-a8f7-a40a30c28107" />
    <UnitTestResult executionId="beceab8a-1494-4cf7-91f6-00d1ad475716" testId="8daa2e1d-7a9e-5009-9b5b-e8f6829c8986" testName="Gaode.Communication.Tests.CommissioningRecoveryTests.InterruptedResetRecordsCancellationObservationAndKeepsOldRunHeld(cancelRequest: True)" computerName="10_3_0_13" duration="00:00:00.7745165" startTime="2026-10-09T04:58:38.3889763+08:00" endTime="2026-10-09T04:58:39.1938638+08:00" testType="13cdc9d9-ddb5-4fa4-a97d-d965ccfc6d4b" outcome="Passed" testListId="8c84fa94-04c1-424b-9868-57a2d4851a1d" relativeResultsDirectory="beceab8a-1494-4cf7-91f6-00d1ad475716" />
    <UnitTestResult executionId="7fa7d374-97a0-42c4-be86-9c91678bf9b1" testId="f8539f2b-aa75-b463-1039-7e501d211002" testName="Gaode.Communication.Tests.SiteOperationHandshakeTests.SoftStopRequestsStopWithoutResetOrHomingAndHoldsUnknown" computerName="10_3_0_13" duration="00:00:00.2500218" startTime="2026-10-09T04:58:32.8540236+08:00" endTime="2026-10-09T04:58:33.1051426+08:00" testType="13cdc9d9-ddb5-4fa4-a97d-d965ccfc6d4b" outcome="Passed" testListId="8c84fa94-04c1-424b-9868-57a2d4851a1d" relativeResultsDirectory="7fa7d374-97a0-42c4-be86-9c91678bf9b1" />
    <UnitTestResult executionId="b5ae0fcf-d97c-4160-8f64-534b0e05cfcc" testId="48717e0b-1127-c9e0-8a98-2a9413e85aac" testName="Gaode.Communication.Tests.CommissioningRecoveryTests.FormalHostPersistenceRestartRestoresHeldRunThenDoesNotRestoreVerifiedCancelledRun" computerName="10_3_0_13" duration="00:00:01.1351319" startTime="2026-10-09T04:58:45.8709640+08:00" endTime="2026-10-09T04:58:47.0095810+08:00" testType="13cdc9d9-ddb5-4fa4-a97d-d965ccfc6d4b" outcome="Passed" testListId="8c84fa94-04c1-424b-9868-57a2d4851a1d" relativeResultsDirectory="b5ae0fcf-d97c-4160-8f64-534b0e05cfcc" />
    <UnitTestResult executionId="1b23a0a0-27c0-4779-9f73-f1d91805669d" testId="7d106857-df16-65f4-742a-0daf6223ecf0" testName="Gaode.Communication.Tests.Devices.HandshakeClosureTests.ClearanceRejectsOldOrInvalidReads(fault: &quot;expired&quot;)" computerName="10_3_0_13" duration="00:00:00.0000844" startTime="2026-10-09T04:57:57.9581402+08:00" endTime="2026-10-09T04:57:57.9582185+08:00" testType="13cdc9d9-ddb5-4fa4-a97d-d965ccfc6d4b" outcome="Passed" testListId="8c84fa94-04c1-424b-9868-57a2d4851a1d" relativeResultsDirectory="1b23a0a0-27c0-4779-9f73-f1d91805669d" />
    <UnitTestResult executionId="f72a77dd-478f-4345-a426-301c9039ceda" testId="9b2c71a5-148f-acf0-20a4-e4f44241ebeb" testName="Gaode.Communication.Tests.Devices.HandshakeClosureTests.ClearanceRejectsOldOrInvalidReads(fault: &quot;before-write&quot;)" computerName="10_3_0_13" duration="00:00:00.0040500" startTime="2026-10-09T04:57:57.9516238+08:00" endTime="2026-10-09T04:57:57.9565351+08:00" testType="13cdc9d9-ddb5-4fa4-a97d-d965ccfc6d4b" outcome="Passed" testListId="8c84fa94-04c1-424b-9868-57a2d4851a1d" relativeResultsDirectory="f72a77dd-478f-4345-a426-301c9039ceda" />
    <UnitTestResult executionId="6be3a0bd-f67a-4fe4-8437-55619e70ca90" testId="1261ce25-b5c7-054b-0dc6-7e0278347d75" testName="Gaode.Communication.Tests.Devices.SamePositionTests.StaticPositionWithoutCurrentClosureMustActuallyDispatch(cause: &quot;drift&quot;)" computerName="10_3_0_13" duration="00:00:03.5033324" startTime="2026-10-09T04:57:26.5469304+08:00" endTime="2026-10-09T04:57:30.0504602+08:00" testType="13cdc9d9-ddb5-4fa4-a97d-d965ccfc6d4b" outcome="Passed" testListId="8c84fa94-04c1-424b-9868-57a2d4851a1d" relativeResultsDirectory="6be3a0bd-f67a-4fe4-8437-55619e70ca90" />
    <UnitTestResult executionId="6864fca4-607c-42d9-a05c-301fc8c85f47" testId="a10c79de-f766-8765-c051-36b1c46ee03b" testName="Gaode.Communication.Tests.CommissioningRecoveryTests.InvalidResetFeedbackBlocksRecoveryAndNewRun(feedbackAddress: 6040, feedback: 2)" computerName="10_3_0_13" duration="00:00:00.8078189" startTime="2026-10-09T04:58:42.4231462+08:00" endTime="2026-10-09T04:58:43.2516471+08:00" testType="13cdc9d9-ddb5-4fa4-a97d-d965ccfc6d4b" outcome="Failed" testListId="8c84fa94-04c1-424b-9868-57a2d4851a1d" relativeResultsDirectory="6864fca4-607c-42d9-a05c-301fc8c85f47">
      <Output>
        <ErrorInfo>
          <Message>Assert.ThrowsAny() Failure: No exception was thrown&#xD;
Expected: typeof(System.OperationCanceledException)</Message>
          <StackTrace>   at Gaode.Communication.Tests.CommissioningRecoveryTests.InvalidResetFeedbackBlocksRecoveryAndNewRun(Int32 feedbackAddress, Int32 feedback) in E:\dzk\gaode-1\backend\tests\Gaode.Communication.Tests\CommissioningRecoveryTests.cs:line 218&#xD;
   at Gaode.Communication.Tests.CommissioningRecoveryTests.InvalidResetFeedbackBlocksRecoveryAndNewRun(Int32 feedbackAddress, Int32 feedback) in E:\dzk\gaode-1\backend\tests\Gaode.Communication.Tests\CommissioningRecoveryTests.cs:line 224&#xD;
--- End of stack trace from previous location ---</StackTrace>
        </ErrorInfo>
      </Output>
    </UnitTestResult>
    <UnitTestResult executionId="5a1eb066-b35a-4202-b089-b113f8c01fa3" testId="47675aff-3a4d-eeb6-cf81-89be75b16f06" testName="Gaode.Communication.Tests.Devices.SamePositionTests.RepeatedTargetsReuseOnlySatisfiedAxes(x: 12, y: 22, z: 33, expected: &quot;X&quot;)" computerName="10_3_0_13" duration="00:00:03.9945452" startTime="2026-10-09T04:57:19.3814938+08:00" endTime="2026-10-09T04:57:23.3793926+08:00" testType="13cdc9d9-ddb5-4fa4-a97d-d965ccfc6d4b" outcome="Passed" testListId="8c84fa94-04c1-424b-9868-57a2d4851a1d" relativeResultsDirectory="5a1eb066-b35a-4202-b089-b113f8c01fa3" />
    <UnitTestResult executionId="c26130b0-c435-4ced-80e3-9ab19b3936a0" testId="8fcce42f-dab4-8e5d-0e8b-7561614390f2" testName="Gaode.Communication.Tests.CommissioningRecoveryTests.FullResetDurablyClosesLiveOrRehydratedOldRunAndAllowsExplicitNewRun(rehydrated: True)" computerName="10_3_0_13" duration="00:00:01.0064503" startTime="2026-10-09T04:58:33.1065782+08:00" endTime="2026-10-09T04:58:34.1145960+08:00" testType="13cdc9d9-ddb5-4fa4-a97d-d965ccfc6d4b" outcome="Passed" testListId="8c84fa94-04c1-424b-9868-57a2d4851a1d" relativeResultsDirectory="c26130b0-c435-4ced-80e3-9ab19b3936a0" />
    <UnitTestResult executionId="74390652-af9d-4d3f-a383-1bf54a003b4e" testId="3c5d4162-ff76-8c58-c986-e3f55b02d763" testName="Gaode.Communication.Tests.Devices.SamePositionTests.RepeatedTargetsReuseOnlySatisfiedAxes(x: 11, y: 22, z: 33, expected: &quot;&quot;)" computerName="10_3_0_13" duration="00:00:09.5024701" startTime="2026-10-09T04:57:05.3173781+08:00" endTime="2026-10-09T04:57:14.9129237+08:00" testType="13cdc9d9-ddb5-4fa4-a97d-d965ccfc6d4b" outcome="Passed" testListId="8c84fa94-04c1-424b-9868-57a2d4851a1d" relativeResultsDirectory="74390652-af9d-4d3f-a383-1bf54a003b4e" />
    <UnitTestResult executionId="ebf6f57d-d829-4296-9889-77172e52fe97" testId="0984ea54-3413-17c0-33aa-54984872cad2" testName="Gaode.Communication.Tests.Devices.HandshakeClosureTests.ClearanceRejectsOldOrInvalidReads(fault: &quot;wrong-epoch&quot;)" computerName="10_3_0_13" duration="00:00:00.0004815" startTime="2026-10-09T04:57:57.9574774+08:00" endTime="2026-10-09T04:57:57.9579507+08:00" testType="13cdc9d9-ddb5-4fa4-a97d-d965ccfc6d4b" outcome="Passed" testListId="8c84fa94-04c1-424b-9868-57a2d4851a1d" relativeResultsDirectory="ebf6f57d-d829-4296-9889-77172e52fe97" />
    <UnitTestResult executionId="d4674138-8443-4c1b-96dc-6da6b07fd6fd" testId="f519da79-9063-21d2-dfcf-37386682c5c3" testName="Gaode.Communication.Tests.Devices.HandshakeClosureTests.TransitionOwnsDeviceUntilRealSqliteSaveReceipt(failReceipt: False, puttingBack: True)" computerName="10_3_0_13" duration="00:00:02.1420518" startTime="2026-10-09T04:57:46.5965410+08:00" endTime="2026-10-09T04:57:48.7510972+08:00" testType="13cdc9d9-ddb5-4fa4-a97d-d965ccfc6d4b" outcome="Passed" testListId="8c84fa94-04c1-424b-9868-57a2d4851a1d" relativeResultsDirectory="d4674138-8443-4c1b-96dc-6da6b07fd6fd" />
    <UnitTestResult executionId="370d3ed1-97d6-4f65-b344-76d56c49d2b1" testId="fa4d4887-c499-e285-2f8d-768e6554fc22" testName="Gaode.Communication.Tests.Devices.SamePositionTests.StaticPositionWithoutCurrentClosureMustActuallyDispatch(cause: &quot;reset&quot;)" computerName="10_3_0_13" duration="00:00:03.3171399" startTime="2026-10-09T04:57:30.0536368+08:00" endTime="2026-10-09T04:57:33.3737264+08:00" testType="13cdc9d9-ddb5-4fa4-a97d-d965ccfc6d4b" outcome="Passed" testListId="8c84fa94-04c1-424b-9868-57a2d4851a1d" relativeResultsDirectory="370d3ed1-97d6-4f65-b344-76d56c49d2b1" />
    <UnitTestResult executionId="956096db-3a18-413f-918b-c1544968f0bc" testId="91302dea-0254-6079-2828-0fc1bfdaa4d4" testName="Gaode.Communication.Tests.Devices.HandshakeClosureTests.DisconnectWhileWaitingClearCannotStartSuccessor" computerName="10_3_0_13" duration="00:00:01.1706672" startTime="2026-10-09T04:58:18.6078315+08:00" endTime="2026-10-09T04:58:19.9794081+08:00" testType="13cdc9d9-ddb5-4fa4-a97d-d965ccfc6d4b" outcome="Passed" testListId="8c84fa94-04c1-424b-9868-57a2d4851a1d" relativeResultsDirectory="956096db-3a18-413f-918b-c1544968f0bc" />
    <UnitTestResult executionId="c4551116-3eda-4e65-8d5a-daaf4223da90" testId="6881c1f3-9465-46cd-0855-e065bca44b53" testName="Gaode.Communication.Tests.SiteOperationHandshakeTests.StartClearsAfterFullActualXYAndZClosureAndSameCoordinateReuseStillWorks(retainArrived: True)" computerName="10_3_0_13" duration="00:00:01.7918575" startTime="2026-10-09T04:58:29.0646512+08:00" endTime="2026-10-09T04:58:30.8584595+08:00" testType="13cdc9d9-ddb5-4fa4-a97d-d965ccfc6d4b" outcome="Passed" testListId="8c84fa94-04c1-424b-9868-57a2d4851a1d" relativeResultsDirectory="c4551116-3eda-4e65-8d5a-daaf4223da90" />
    <UnitTestResult executionId="76885fc7-f49d-4fff-8174-955f358f679f" testId="dd0771af-630c-084d-5774-5c6b7e29d385" testName="Gaode.Communication.Tests.Devices.HandshakeClosureTests.TransitionOwnsDeviceUntilRealSqliteSaveReceipt(failReceipt: True, puttingBack: False)" computerName="10_3_0_13" duration="00:00:02.0885489" startTime="2026-10-09T04:57:44.5038494+08:00" endTime="2026-10-09T04:57:46.5943042+08:00" testType="13cdc9d9-ddb5-4fa4-a97d-d965ccfc6d4b" outcome="Passed" testListId="8c84fa94-04c1-424b-9868-57a2d4851a1d" relativeResultsDirectory="76885fc7-f49d-4fff-8174-955f358f679f" />
    <UnitTestResult executionId="38e773fe-c546-452d-a1dd-63cf3977a72b" testId="8ac32f01-0d83-8960-344e-b9929f512f87" testName="Gaode.Communication.Tests.SiteOperationHandshakeTests.ConfirmedPolicyDoesNotOverrideCurtainDoorOrUnknownAlarm(alarm: 256)" computerName="10_3_0_13" duration="00:00:00.3958921" startTime="2026-10-09T04:58:22.8805298+08:00" endTime="2026-10-09T04:58:23.2958465+08:00" testType="13cdc9d9-ddb5-4fa4-a97d-d965ccfc6d4b" outcome="Passed" testListId="8c84fa94-04c1-424b-9868-57a2d4851a1d" relativeResultsDirectory="38e773fe-c546-452d-a1dd-63cf3977a72b" />
    <UnitTestResult executionId="cef663c2-c3c7-438e-b05e-ca20f2f5b3ba" testId="98ca9731-6a72-1517-3af9-07280117e1e5" testName="Gaode.Communication.Tests.SiteOperationHandshakeTests.ResetWaitsForFreshReadyAfterRequestInsteadOfUsingEarlierReady(initiallySoftStopped: True)" computerName="10_3_0_13" duration="00:00:00.4504560" startTime="2026-10-09T04:58:23.9960672+08:00" endTime="2026-10-09T04:58:24.4478439+08:00" testType="13cdc9d9-ddb5-4fa4-a97d-d965ccfc6d4b" outcome="Passed" testListId="8c84fa94-04c1-424b-9868-57a2d4851a1d" relativeResultsDirectory="cef663c2-c3c7-438e-b05e-ca20f2f5b3ba" />
    <UnitTestResult executionId="d0ea87ad-d4b1-4ece-8304-d0fc68ecf185" testId="07217e56-4b70-bb63-0e83-6c80afc23639" testName="Gaode.Communication.Tests.Devices.HandshakeClosureTests.InactiveGripperPlaceholderCannotDispatchWithoutSortingSafetyConfiguration" computerName="10_3_0_13" duration="00:00:00.8708289" startTime="2026-10-09T04:57:57.0785938+08:00" endTime="2026-10-09T04:57:57.9507843+08:00" testType="13cdc9d9-ddb5-4fa4-a97d-d965ccfc6d4b" outcome="Passed" testListId="8c84fa94-04c1-424b-9868-57a2d4851a1d" relativeResultsDirectory="d0ea87ad-d4b1-4ece-8304-d0fc68ecf185" />
    <UnitTestResult executionId="3d5f8075-86f6-4318-b162-5b1f98df2687" testId="7da1965a-7e76-1635-fdbc-d7df462dcc1a" testName="Gaode.Communication.Tests.SiteOperationHandshakeTests.ActualMoveCannotCompleteFromArrivedOneWithoutMovingObservation" computerName="10_3_0_13" duration="00:00:02.3176568" startTime="2026-10-09T04:58:24.7327453+08:00" endTime="2026-10-09T04:58:27.0558539+08:00" testType="13cdc9d9-ddb5-4fa4-a97d-d965ccfc6d4b" outcome="Passed" testListId="8c84fa94-04c1-424b-9868-57a2d4851a1d" relativeResultsDirectory="3d5f8075-86f6-4318-b162-5b1f98df2687" />
  </Results>
  <TestDefinitions>
    <UnitTest name="Gaode.Communication.Tests.Devices.HandshakeClosureTests.SixAxisMappingsClearIndependentlyAndRepeat" storage="e:\dzk\gaode-1\backend\tests\gaode.communication.tests\bin\release\net10.0\gaode.communication.tests.dll" id="c7d7d52d-ccc4-2f63-3800-5bd5d89e13a1">
      <Execution id="51802fa0-f1ff-4547-a8f7-a40a30c28107" />
      <TestMethod codeBase="E:\dzk\gaode-1\backend\tests\Gaode.Communication.Tests\bin\Release\net10.0\Gaode.Communication.Tests.dll" adapterTypeName="executor://xunit/VsTestRunner3/netcore/" className="Gaode.Communication.Tests.Devices.HandshakeClosureTests" name="SixAxisMappingsClearIndependentlyAndRepeat" />
    </UnitTest>
    <UnitTest name="Gaode.Communication.Tests.Devices.HandshakeClosureTests.InactiveGripperPlaceholderCannotDispatchWithoutSortingSafetyConfiguration" storage="e:\dzk\gaode-1\backend\tests\gaode.communication.tests\bin\release\net10.0\gaode.communication.tests.dll" id="07217e56-4b70-bb63-0e83-6c80afc23639">
      <Execution id="d0ea87ad-d4b1-4ece-8304-d0fc68ecf185" />
      <TestMethod codeBase="E:\dzk\gaode-1\backend\tests\Gaode.Communication.Tests\bin\Release\net10.0\Gaode.Communication.Tests.dll" adapterTypeName="executor://xunit/VsTestRunner3/netcore/" className="Gaode.Communication.Tests.Devices.HandshakeClosureTests" name="InactiveGripperPlaceholderCannotDispatchWithoutSortingSafetyConfiguration" />
    </UnitTest>
    <UnitTest name="Gaode.Communication.Tests.Devices.HandshakeClosureTests.UnknownWriteOrDelayedTransportDoesNotReplay(fault: AxisWriteResponseLost)" storage="e:\dzk\gaode-1\backend\tests\gaode.communication.tests\bin\release\net10.0\gaode.communication.tests.dll" id="274fa7c0-a5a9-d22f-e366-fd91b7732bc9">
      <Execution id="39330c87-7632-4eaa-9cf4-aae409889640" />
      <TestMethod codeBase="E:\dzk\gaode-1\backend\tests\Gaode.Communication.Tests\bin\Release\net10.0\Gaode.Communication.Tests.dll" adapterTypeName="executor://xunit/VsTestRunner3/netcore/" className="Gaode.Communication.Tests.Devices.HandshakeClosureTests" name="UnknownWriteOrDelayedTransportDoesNotReplay" />
    </UnitTest>
    <UnitTest name="Gaode.Communication.Tests.Devices.HandshakeClosureTests.TransitionOwnsDeviceUntilRealSqliteSaveReceipt(failReceipt: True, puttingBack: True)" storage="e:\dzk\gaode-1\backend\tests\gaode.communication.tests\bin\release\net10.0\gaode.communication.tests.dll" id="66a52e9f-c6d7-f433-1542-ed9d67c24f2c">
      <Execution id="6914f6e4-e971-4c90-b20a-ae2b83aac9c2" />
      <TestMethod codeBase="E:\dzk\gaode-1\backend\tests\Gaode.Communication.Tests\bin\Release\net10.0\Gaode.Communication.Tests.dll" adapterTypeName="executor://xunit/VsTestRunner3/netcore/" className="Gaode.Communication.Tests.Devices.HandshakeClosureTests" name="TransitionOwnsDeviceUntilRealSqliteSaveReceipt" />
    </UnitTest>
    <UnitTest name="Gaode.Communication.Tests.CommissioningRecoveryTests.InvalidResetFeedbackBlocksRecoveryAndNewRun(feedbackAddress: 6050, feedback: 2)" storage="e:\dzk\gaode-1\backend\tests\gaode.communication.tests\bin\release\net10.0\gaode.communication.tests.dll" id="be4f9069-d823-8031-3c57-20ddea114ee4">
      <Execution id="760a01d9-26f7-42b0-a51a-916e4d0c9372" />
      <TestMethod codeBase="E:\dzk\gaode-1\backend\tests\Gaode.Communication.Tests\bin\Release\net10.0\Gaode.Communication.Tests.dll" adapterTypeName="executor://xunit/VsTestRunner3/netcore/" className="Gaode.Communication.Tests.CommissioningRecoveryTests" name="InvalidResetFeedbackBlocksRecoveryAndNewRun" />
    </UnitTest>
    <UnitTest name="Gaode.Communication.Tests.CommissioningRecoveryTests.InterruptedResetRecordsCancellationObservationAndKeepsOldRunHeld(cancelRequest: True)" storage="e:\dzk\gaode-1\backend\tests\gaode.communication.tests\bin\release\net10.0\gaode.communication.tests.dll" id="8daa2e1d-7a9e-5009-9b5b-e8f6829c8986">
      <Execution id="beceab8a-1494-4cf7-91f6-00d1ad475716" />
      <TestMethod codeBase="E:\dzk\gaode-1\backend\tests\Gaode.Communication.Tests\bin\Release\net10.0\Gaode.Communication.Tests.dll" adapterTypeName="executor://xunit/VsTestRunner3/netcore/" className="Gaode.Communication.Tests.CommissioningRecoveryTests" name="InterruptedResetRecordsCancellationObservationAndKeepsOldRunHeld" />
    </UnitTest>
    <UnitTest name="Gaode.Communication.Tests.Devices.HandshakeClosureTests.ClearanceRejectsOldOrInvalidReads(fault: &quot;wrong-epoch&quot;)" storage="e:\dzk\gaode-1\backend\tests\gaode.communication.tests\bin\release\net10.0\gaode.communication.tests.dll" id="0984ea54-3413-17c0-33aa-54984872cad2">
      <Execution id="ebf6f57d-d829-4296-9889-77172e52fe97" />
      <TestMethod codeBase="E:\dzk\gaode-1\backend\tests\Gaode.Communication.Tests\bin\Release\net10.0\Gaode.Communication.Tests.dll" adapterTypeName="executor://xunit/VsTestRunner3/netcore/" className="Gaode.Communication.Tests.Devices.HandshakeClosureTests" name="ClearanceRejectsOldOrInvalidReads" />
    </UnitTest>
    <UnitTest name="Gaode.Communication.Tests.SiteOperationHandshakeTests.ResetWaitsForFreshReadyAfterRequestInsteadOfUsingEarlierReady(initiallySoftStopped: True)" storage="e:\dzk\gaode-1\backend\tests\gaode.communication.tests\bin\release\net10.0\gaode.communication.tests.dll" id="98ca9731-6a72-1517-3af9-07280117e1e5">
      <Execution id="cef663c2-c3c7-438e-b05e-ca20f2f5b3ba" />
      <TestMethod codeBase="E:\dzk\gaode-1\backend\tests\Gaode.Communication.Tests\bin\Release\net10.0\Gaode.Communication.Tests.dll" adapterTypeName="executor://xunit/VsTestRunner3/netcore/" className="Gaode.Communication.Tests.SiteOperationHandshakeTests" name="ResetWaitsForFreshReadyAfterRequestInsteadOfUsingEarlierReady" />
    </UnitTest>
    <UnitTest name="Gaode.Communication.Tests.SiteOperationHandshakeTests.ResetReadyZeroTimesOutWithoutClearingOrReplaying" storage="e:\dzk\gaode-1\backend\tests\gaode.communication.tests\bin\release\net10.0\gaode.communication.tests.dll" id="526a317b-795d-79f6-4d03-143111bf3a74">
      <Execution id="0fe6ef4a-16a4-40d7-8dde-fdf85f23ac8b" />
      <TestMethod codeBase="E:\dzk\gaode-1\backend\tests\Gaode.Communication.Tests\bin\Release\net10.0\Gaode.Communication.Tests.dll" adapterTypeName="executor://xunit/VsTestRunner3/netcore/" className="Gaode.Communication.Tests.SiteOperationHandshakeTests" name="ResetReadyZeroTimesOutWithoutClearingOrReplaying" />
    </UnitTest>
    <UnitTest name="Gaode.Communication.Tests.Devices.SamePositionTests.StaticPositionWithoutCurrentClosureMustActuallyDispatch(cause: &quot;initial&quot;)" storage="e:\dzk\gaode-1\backend\tests\gaode.communication.tests\bin\release\net10.0\gaode.communication.tests.dll" id="33b7965e-168e-f3cd-2ab0-1b9073b87661">
      <Execution id="ce0d727c-5052-4c49-9fca-c7a70569521b" />
      <TestMethod codeBase="E:\dzk\gaode-1\backend\tests\Gaode.Communication.Tests\bin\Release\net10.0\Gaode.Communication.Tests.dll" adapterTypeName="executor://xunit/VsTestRunner3/netcore/" className="Gaode.Communication.Tests.Devices.SamePositionTests" name="StaticPositionWithoutCurrentClosureMustActuallyDispatch" />
    </UnitTest>
    <UnitTest name="Gaode.Communication.Tests.SiteOperationHandshakeTests.ReadyCompletionClearsResetRequestEvenWhenPositionVerificationBlocks" storage="e:\dzk\gaode-1\backend\tests\gaode.communication.tests\bin\release\net10.0\gaode.communication.tests.dll" id="8fd6cf83-0ad4-f5d2-cd50-e4fe372ea361">
      <Execution id="f6f5f0c8-b455-42be-8620-06dc8601d797" />
      <TestMethod codeBase="E:\dzk\gaode-1\backend\tests\Gaode.Communication.Tests\bin\Release\net10.0\Gaode.Communication.Tests.dll" adapterTypeName="executor://xunit/VsTestRunner3/netcore/" className="Gaode.Communication.Tests.SiteOperationHandshakeTests" name="ReadyCompletionClearsResetRequestEvenWhenPositionVerificationBlocks" />
    </UnitTest>
    <UnitTest name="Gaode.Communication.Tests.SiteOperationHandshakeTests.ConfirmedPolicyDoesNotOverrideCurtainDoorOrUnknownAlarm(alarm: 4)" storage="e:\dzk\gaode-1\backend\tests\gaode.communication.tests\bin\release\net10.0\gaode.communication.tests.dll" id="09787cc1-0164-870e-fb0b-2366eac47b7c">
      <Execution id="197d6383-9e64-41d9-975e-15ee7e9b0a2b" />
      <TestMethod codeBase="E:\dzk\gaode-1\backend\tests\Gaode.Communication.Tests\bin\Release\net10.0\Gaode.Communication.Tests.dll" adapterTypeName="executor://xunit/VsTestRunner3/netcore/" className="Gaode.Communication.Tests.SiteOperationHandshakeTests" name="ConfirmedPolicyDoesNotOverrideCurtainDoorOrUnknownAlarm" />
    </UnitTest>
    <UnitTest name="Gaode.Communication.Tests.CommissioningRecoveryTests.ReadyOneWithoutThisResetOrWithoutRestorationPolicyNeverPassesRecovery" storage="e:\dzk\gaode-1\backend\tests\gaode.communication.tests\bin\release\net10.0\gaode.communication.tests.dll" id="f147e2af-2764-eca4-da02-eb4385f7c1e9">
      <Execution id="52c5526f-63ae-4007-86c1-c463a6b8afee" />
      <TestMethod codeBase="E:\dzk\gaode-1\backend\tests\Gaode.Communication.Tests\bin\Release\net10.0\Gaode.Communication.Tests.dll" adapterTypeName="executor://xunit/VsTestRunner3/netcore/" className="Gaode.Communication.Tests.CommissioningRecoveryTests" name="ReadyOneWithoutThisResetOrWithoutRestorationPolicyNeverPassesRecovery" />
    </UnitTest>
    <UnitTest name="Gaode.Communication.Tests.Devices.HandshakeClosureTests.SortingUsesActualCommitAndFinalSafetyBeforeParentClear(omitIntent: False)" storage="e:\dzk\gaode-1\backend\tests\gaode.communication.tests\bin\release\net10.0\gaode.communication.tests.dll" id="403dd66a-9951-0caa-b652-3226f7c597bf">
      <Execution id="7bab5c45-d1ea-4324-90cf-2f8933f0a1e6" />
      <TestMethod codeBase="E:\dzk\gaode-1\backend\tests\Gaode.Communication.Tests\bin\Release\net10.0\Gaode.Communication.Tests.dll" adapterTypeName="executor://xunit/VsTestRunner3/netcore/" className="Gaode.Communication.Tests.Devices.HandshakeClosureTests" name="SortingUsesActualCommitAndFinalSafetyBeforeParentClear" />
    </UnitTest>
    <UnitTest name="Gaode.Communication.Tests.SiteOperationHandshakeTests.StartClearsAfterFullActualXYAndZClosureAndSameCoordinateReuseStillWorks(retainArrived: True)" storage="e:\dzk\gaode-1\backend\tests\gaode.communication.tests\bin\release\net10.0\gaode.communication.tests.dll" id="6881c1f3-9465-46cd-0855-e065bca44b53">
      <Execution id="c4551116-3eda-4e65-8d5a-daaf4223da90" />
      <TestMethod codeBase="E:\dzk\gaode-1\backend\tests\Gaode.Communication.Tests\bin\Release\net10.0\Gaode.Communication.Tests.dll" adapterTypeName="executor://xunit/VsTestRunner3/netcore/" className="Gaode.Communication.Tests.SiteOperationHandshakeTests" name="StartClearsAfterFullActualXYAndZClosureAndSameCoordinateReuseStillWorks" />
    </UnitTest>
    <UnitTest name="Gaode.Communication.Tests.Devices.SamePositionTests.StaticPositionWithoutCurrentClosureMustActuallyDispatch(cause: &quot;reset&quot;)" storage="e:\dzk\gaode-1\backend\tests\gaode.communication.tests\bin\release\net10.0\gaode.communication.tests.dll" id="fa4d4887-c499-e285-2f8d-768e6554fc22">
      <Execution id="370d3ed1-97d6-4f65-b344-76d56c49d2b1" />
      <TestMethod codeBase="E:\dzk\gaode-1\backend\tests\Gaode.Communication.Tests\bin\Release\net10.0\Gaode.Communication.Tests.dll" adapterTypeName="executor://xunit/VsTestRunner3/netcore/" className="Gaode.Communication.Tests.Devices.SamePositionTests" name="StaticPositionWithoutCurrentClosureMustActuallyDispatch" />
    </UnitTest>
    <UnitTest name="Gaode.Communication.Tests.Devices.HandshakeClosureTests.TransitionOwnsDeviceUntilRealSqliteSaveReceipt(failReceipt: True, puttingBack: False)" storage="e:\dzk\gaode-1\backend\tests\gaode.communication.tests\bin\release\net10.0\gaode.communication.tests.dll" id="dd0771af-630c-084d-5774-5c6b7e29d385">
      <Execution id="76885fc7-f49d-4fff-8174-955f358f679f" />
      <TestMethod codeBase="E:\dzk\gaode-1\backend\tests\Gaode.Communication.Tests\bin\Release\net10.0\Gaode.Communication.Tests.dll" adapterTypeName="executor://xunit/VsTestRunner3/netcore/" className="Gaode.Communication.Tests.Devices.HandshakeClosureTests" name="TransitionOwnsDeviceUntilRealSqliteSaveReceipt" />
    </UnitTest>
    <UnitTest name="Gaode.Communication.Tests.CommissioningRecoveryTests.FullResetDurablyClosesLiveOrRehydratedOldRunAndAllowsExplicitNewRun(rehydrated: False)" storage="e:\dzk\gaode-1\backend\tests\gaode.communication.tests\bin\release\net10.0\gaode.communication.tests.dll" id="9605d621-3176-d3f4-bb5d-feb97ce91d03">
      <Execution id="d749414c-bb5f-4cb6-8218-275180111f52" />
      <TestMethod codeBase="E:\dzk\gaode-1\backend\tests\Gaode.Communication.Tests\bin\Release\net10.0\Gaode.Communication.Tests.dll" adapterTypeName="executor://xunit/VsTestRunner3/netcore/" className="Gaode.Communication.Tests.CommissioningRecoveryTests" name="FullResetDurablyClosesLiveOrRehydratedOldRunAndAllowsExplicitNewRun" />
    </UnitTest>
    <UnitTest name="Gaode.Communication.Tests.Devices.HandshakeClosureTests.TransitionOwnsDeviceUntilRealSqliteSaveReceipt(failReceipt: False, puttingBack: False)" storage="e:\dzk\gaode-1\backend\tests\gaode.communication.tests\bin\release\net10.0\gaode.communication.tests.dll" id="7923ee32-0c4b-d942-01cc-b423129530c3">
      <Execution id="7983fac2-b69f-4aea-976b-829a9bf89d1e" />
      <TestMethod codeBase="E:\dzk\gaode-1\backend\tests\Gaode.Communication.Tests\bin\Release\net10.0\Gaode.Communication.Tests.dll" adapterTypeName="executor://xunit/VsTestRunner3/netcore/" className="Gaode.Communication.Tests.Devices.HandshakeClosureTests" name="TransitionOwnsDeviceUntilRealSqliteSaveReceipt" />
    </UnitTest>
    <UnitTest name="Gaode.Communication.Tests.Devices.SamePositionTests.RepeatedTargetsReuseOnlySatisfiedAxes(x: 11, y: 23, z: 34, expected: &quot;Y,DetectionZ&quot;)" storage="e:\dzk\gaode-1\backend\tests\gaode.communication.tests\bin\release\net10.0\gaode.communication.tests.dll" id="1c4b9ec4-0ab4-2e40-1081-06d4bf82c5ea">
      <Execution id="ecdad32f-3b68-4482-8c42-d04bfa4b9ed4" />
      <TestMethod codeBase="E:\dzk\gaode-1\backend\tests\Gaode.Communication.Tests\bin\Release\net10.0\Gaode.Communication.Tests.dll" adapterTypeName="executor://xunit/VsTestRunner3/netcore/" className="Gaode.Communication.Tests.Devices.SamePositionTests" name="RepeatedTargetsReuseOnlySatisfiedAxes" />
    </UnitTest>
    <UnitTest name="Gaode.Communication.Tests.Devices.HandshakeClosureTests.SortingUsesActualCommitAndFinalSafetyBeforeParentClear(omitIntent: True)" storage="e:\dzk\gaode-1\backend\tests\gaode.communication.tests\bin\release\net10.0\gaode.communication.tests.dll" id="d8dbd12e-c2dd-6023-e8cd-c93c15acfba2">
      <Execution id="ff930533-be2a-4e7d-8d7a-6d3f04e0defd" />
      <TestMethod codeBase="E:\dzk\gaode-1\backend\tests\Gaode.Communication.Tests\bin\Release\net10.0\Gaode.Communication.Tests.dll" adapterTypeName="executor://xunit/VsTestRunner3/netcore/" className="Gaode.Communication.Tests.Devices.HandshakeClosureTests" name="SortingUsesActualCommitAndFinalSafetyBeforeParentClear" />
    </UnitTest>
    <UnitTest name="Gaode.Communication.Tests.Devices.HandshakeClosureTests.NoClearTimeoutAndLateZeroNeverAuthorizeAnotherRequest" storage="e:\dzk\gaode-1\backend\tests\gaode.communication.tests\bin\release\net10.0\gaode.communication.tests.dll" id="47cace73-f00c-f337-0a02-9a2cc1bf51a8">
      <Execution id="7e40e371-6126-4019-9f69-c7d82938e4a3" />
      <TestMethod codeBase="E:\dzk\gaode-1\backend\tests\Gaode.Communication.Tests\bin\Release\net10.0\Gaode.Communication.Tests.dll" adapterTypeName="executor://xunit/VsTestRunner3/netcore/" className="Gaode.Communication.Tests.Devices.HandshakeClosureTests" name="NoClearTimeoutAndLateZeroNeverAuthorizeAnotherRequest" />
    </UnitTest>
    <UnitTest name="Gaode.Communication.Tests.CommissioningRecoveryTests.FormalHostPersistenceRestartRestoresHeldRunThenDoesNotRestoreVerifiedCancelledRun" storage="e:\dzk\gaode-1\backend\tests\gaode.communication.tests\bin\release\net10.0\gaode.communication.tests.dll" id="48717e0b-1127-c9e0-8a98-2a9413e85aac">
      <Execution id="b5ae0fcf-d97c-4160-8f64-534b0e05cfcc" />
      <TestMethod codeBase="E:\dzk\gaode-1\backend\tests\Gaode.Communication.Tests\bin\Release\net10.0\Gaode.Communication.Tests.dll" adapterTypeName="executor://xunit/VsTestRunner3/netcore/" className="Gaode.Communication.Tests.CommissioningRecoveryTests" name="FormalHostPersistenceRestartRestoresHeldRunThenDoesNotRestoreVerifiedCancelledRun" />
    </UnitTest>
    <UnitTest name="Gaode.Communication.Tests.SiteOperationHandshakeTests.ConfirmedPolicyDoesNotOverrideCurtainDoorOrUnknownAlarm(alarm: 1)" storage="e:\dzk\gaode-1\backend\tests\gaode.communication.tests\bin\release\net10.0\gaode.communication.tests.dll" id="fcd0ec70-f888-1a1b-7547-fbfa04f6d47c">
      <Execution id="1ae8ae35-3bae-4751-bd4f-d924dc4d64b8" />
      <TestMethod codeBase="E:\dzk\gaode-1\backend\tests\Gaode.Communication.Tests\bin\Release\net10.0\Gaode.Communication.Tests.dll" adapterTypeName="executor://xunit/VsTestRunner3/netcore/" className="Gaode.Communication.Tests.SiteOperationHandshakeTests" name="ConfirmedPolicyDoesNotOverrideCurtainDoorOrUnknownAlarm" />
    </UnitTest>
    <UnitTest name="Gaode.Communication.Tests.Devices.HandshakeClosureTests.ClearanceRejectsOldOrInvalidReads(fault: &quot;expired&quot;)" storage="e:\dzk\gaode-1\backend\tests\gaode.communication.tests\bin\release\net10.0\gaode.communication.tests.dll" id="7d106857-df16-65f4-742a-0daf6223ecf0">
      <Execution id="1b23a0a0-27c0-4779-9f73-f1d91805669d" />
      <TestMethod codeBase="E:\dzk\gaode-1\backend\tests\Gaode.Communication.Tests\bin\Release\net10.0\Gaode.Communication.Tests.dll" adapterTypeName="executor://xunit/VsTestRunner3/netcore/" className="Gaode.Communication.Tests.Devices.HandshakeClosureTests" name="ClearanceRejectsOldOrInvalidReads" />
    </UnitTest>
    <UnitTest name="Gaode.Communication.Tests.Devices.HandshakeClosureTests.UnknownWriteOrDelayedTransportDoesNotReplay(fault: AxisClearWriteResponseLost)" storage="e:\dzk\gaode-1\backend\tests\gaode.communication.tests\bin\release\net10.0\gaode.communication.tests.dll" id="48f10811-4144-df39-fe0c-1785342ff15b">
      <Execution id="bc0377ba-e9a2-489f-939a-6bffb1a55f48" />
      <TestMethod codeBase="E:\dzk\gaode-1\backend\tests\Gaode.Communication.Tests\bin\Release\net10.0\Gaode.Communication.Tests.dll" adapterTypeName="executor://xunit/VsTestRunner3/netcore/" className="Gaode.Communication.Tests.Devices.HandshakeClosureTests" name="UnknownWriteOrDelayedTransportDoesNotReplay" />
    </UnitTest>
    <UnitTest name="Gaode.Communication.Tests.SiteOperationHandshakeTests.SoftStopRequestsStopWithoutResetOrHomingAndHoldsUnknown" storage="e:\dzk\gaode-1\backend\tests\gaode.communication.tests\bin\release\net10.0\gaode.communication.tests.dll" id="f8539f2b-aa75-b463-1039-7e501d211002">
      <Execution id="7fa7d374-97a0-42c4-be86-9c91678bf9b1" />
      <TestMethod codeBase="E:\dzk\gaode-1\backend\tests\Gaode.Communication.Tests\bin\Release\net10.0\Gaode.Communication.Tests.dll" adapterTypeName="executor://xunit/VsTestRunner3/netcore/" className="Gaode.Communication.Tests.SiteOperationHandshakeTests" name="SoftStopRequestsStopWithoutResetOrHomingAndHoldsUnknown" />
    </UnitTest>
    <UnitTest name="Gaode.Communication.Tests.Devices.HandshakeClosureTests.TransitionOwnsDeviceUntilRealSqliteSaveReceipt(failReceipt: False, puttingBack: True)" storage="e:\dzk\gaode-1\backend\tests\gaode.communication.tests\bin\release\net10.0\gaode.communication.tests.dll" id="f519da79-9063-21d2-dfcf-37386682c5c3">
      <Execution id="d4674138-8443-4c1b-96dc-6da6b07fd6fd" />
      <TestMethod codeBase="E:\dzk\gaode-1\backend\tests\Gaode.Communication.Tests\bin\Release\net10.0\Gaode.Communication.Tests.dll" adapterTypeName="executor://xunit/VsTestRunner3/netcore/" className="Gaode.Communication.Tests.Devices.HandshakeClosureTests" name="TransitionOwnsDeviceUntilRealSqliteSaveReceipt" />
    </UnitTest>
    <UnitTest name="Gaode.Communication.Tests.CommissioningRecoveryTests.InterruptedResetRecordsCancellationObservationAndKeepsOldRunHeld(cancelRequest: False)" storage="e:\dzk\gaode-1\backend\tests\gaode.communication.tests\bin\release\net10.0\gaode.communication.tests.dll" id="c01ccc49-5ba1-cf23-2582-17887df5c9ff">
      <Execution id="ec89fc18-a4f3-478a-858c-10377ab42443" />
      <TestMethod codeBase="E:\dzk\gaode-1\backend\tests\Gaode.Communication.Tests\bin\Release\net10.0\Gaode.Communication.Tests.dll" adapterTypeName="executor://xunit/VsTestRunner3/netcore/" className="Gaode.Communication.Tests.CommissioningRecoveryTests" name="InterruptedResetRecordsCancellationObservationAndKeepsOldRunHeld" />
    </UnitTest>
    <UnitTest name="Gaode.Communication.Tests.CommissioningRecoveryTests.FullResetDurablyClosesLiveOrRehydratedOldRunAndAllowsExplicitNewRun(rehydrated: True)" storage="e:\dzk\gaode-1\backend\tests\gaode.communication.tests\bin\release\net10.0\gaode.communication.tests.dll" id="8fcce42f-dab4-8e5d-0e8b-7561614390f2">
      <Execution id="c26130b0-c435-4ced-80e3-9ab19b3936a0" />
      <TestMethod codeBase="E:\dzk\gaode-1\backend\tests\Gaode.Communication.Tests\bin\Release\net10.0\Gaode.Communication.Tests.dll" adapterTypeName="executor://xunit/VsTestRunner3/netcore/" className="Gaode.Communication.Tests.CommissioningRecoveryTests" name="FullResetDurablyClosesLiveOrRehydratedOldRunAndAllowsExplicitNewRun" />
    </UnitTest>
    <UnitTest name="Gaode.Communication.Tests.CommissioningRecoveryTests.InvalidResetFeedbackBlocksRecoveryAndNewRun(feedbackAddress: 6040, feedback: 2)" storage="e:\dzk\gaode-1\backend\tests\gaode.communication.tests\bin\release\net10.0\gaode.communication.tests.dll" id="a10c79de-f766-8765-c051-36b1c46ee03b">
      <Execution id="6864fca4-607c-42d9-a05c-301fc8c85f47" />
      <TestMethod codeBase="E:\dzk\gaode-1\backend\tests\Gaode.Communication.Tests\bin\Release\net10.0\Gaode.Communication.Tests.dll" adapterTypeName="executor://xunit/VsTestRunner3/netcore/" className="Gaode.Communication.Tests.CommissioningRecoveryTests" name="InvalidResetFeedbackBlocksRecoveryAndNewRun" />
    </UnitTest>
    <UnitTest name="Gaode.Communication.Tests.SiteOperationHandshakeTests.PreviousResetRequestIsNotClearedOrReplayed" storage="e:\dzk\gaode-1\backend\tests\gaode.communication.tests\bin\release\net10.0\gaode.communication.tests.dll" id="3d76f878-7baa-4040-fa0a-0d83a02becd7">
      <Execution id="7169c08f-a44c-4242-94a6-43d789d78724" />
      <TestMethod codeBase="E:\dzk\gaode-1\backend\tests\Gaode.Communication.Tests\bin\Release\net10.0\Gaode.Communication.Tests.dll" adapterTypeName="executor://xunit/VsTestRunner3/netcore/" className="Gaode.Communication.Tests.SiteOperationHandshakeTests" name="PreviousResetRequestIsNotClearedOrReplayed" />
    </UnitTest>
    <UnitTest name="Gaode.Communication.Tests.Devices.HandshakeClosureTests.DisconnectWhileWaitingClearCannotStartSuccessor" storage="e:\dzk\gaode-1\backend\tests\gaode.communication.tests\bin\release\net10.0\gaode.communication.tests.dll" id="91302dea-0254-6079-2828-0fc1bfdaa4d4">
      <Execution id="956096db-3a18-413f-918b-c1544968f0bc" />
      <TestMethod codeBase="E:\dzk\gaode-1\backend\tests\Gaode.Communication.Tests\bin\Release\net10.0\Gaode.Communication.Tests.dll" adapterTypeName="executor://xunit/VsTestRunner3/netcore/" className="Gaode.Communication.Tests.Devices.HandshakeClosureTests" name="DisconnectWhileWaitingClearCannotStartSuccessor" />
    </UnitTest>
    <UnitTest name="Gaode.Communication.Tests.Devices.HandshakeClosureTests.ClearanceRejectsOldOrInvalidReads(fault: &quot;before-write&quot;)" storage="e:\dzk\gaode-1\backend\tests\gaode.communication.tests\bin\release\net10.0\gaode.communication.tests.dll" id="9b2c71a5-148f-acf0-20a4-e4f44241ebeb">
      <Execution id="f72a77dd-478f-4345-a426-301c9039ceda" />
      <TestMethod codeBase="E:\dzk\gaode-1\backend\tests\Gaode.Communication.Tests\bin\Release\net10.0\Gaode.Communication.Tests.dll" adapterTypeName="executor://xunit/VsTestRunner3/netcore/" className="Gaode.Communication.Tests.Devices.HandshakeClosureTests" name="ClearanceRejectsOldOrInvalidReads" />
    </UnitTest>
    <UnitTest name="Gaode.Communication.Tests.Devices.HandshakeClosureTests.UnknownWriteOrDelayedTransportDoesNotReplay(fault: AxisResponseDelayed)" storage="e:\dzk\gaode-1\backend\tests\gaode.communication.tests\bin\release\net10.0\gaode.communication.tests.dll" id="427fb3d9-6aa1-ee38-7f22-3d27174b0f47">
      <Execution id="85ff4ab4-6640-4ab5-85f1-75a4a86579c1" />
      <TestMethod codeBase="E:\dzk\gaode-1\backend\tests\Gaode.Communication.Tests\bin\Release\net10.0\Gaode.Communication.Tests.dll" adapterTypeName="executor://xunit/VsTestRunner3/netcore/" className="Gaode.Communication.Tests.Devices.HandshakeClosureTests" name="UnknownWriteOrDelayedTransportDoesNotReplay" />
    </UnitTest>
    <UnitTest name="Gaode.Communication.Tests.Devices.SamePositionTests.RepeatedTargetsReuseOnlySatisfiedAxes(x: 11, y: 22, z: 33, expected: &quot;&quot;)" storage="e:\dzk\gaode-1\backend\tests\gaode.communication.tests\bin\release\net10.0\gaode.communication.tests.dll" id="3c5d4162-ff76-8c58-c986-e3f55b02d763">
      <Execution id="74390652-af9d-4d3f-a383-1bf54a003b4e" />
      <TestMethod codeBase="E:\dzk\gaode-1\backend\tests\Gaode.Communication.Tests\bin\Release\net10.0\Gaode.Communication.Tests.dll" adapterTypeName="executor://xunit/VsTestRunner3/netcore/" className="Gaode.Communication.Tests.Devices.SamePositionTests" name="RepeatedTargetsReuseOnlySatisfiedAxes" />
    </UnitTest>
    <UnitTest name="Gaode.Communication.Tests.CommissioningRecoveryTests.InvalidResetFeedbackBlocksRecoveryAndNewRun(feedbackAddress: 6052, feedback: 1)" storage="e:\dzk\gaode-1\backend\tests\gaode.communication.tests\bin\release\net10.0\gaode.communication.tests.dll" id="08b58ca3-34fb-2f33-15b4-c47bbcf2d597">
      <Execution id="9b2e5b6f-ed6f-42f3-b376-7701cd372b86" />
      <TestMethod codeBase="E:\dzk\gaode-1\backend\tests\Gaode.Communication.Tests\bin\Release\net10.0\Gaode.Communication.Tests.dll" adapterTypeName="executor://xunit/VsTestRunner3/netcore/" className="Gaode.Communication.Tests.CommissioningRecoveryTests" name="InvalidResetFeedbackBlocksRecoveryAndNewRun" />
    </UnitTest>
    <UnitTest name="Gaode.Communication.Tests.Devices.HandshakeClosureTests.FlipHoldsParentUntilPutBackWithItsOwnWindow" storage="e:\dzk\gaode-1\backend\tests\gaode.communication.tests\bin\release\net10.0\gaode.communication.tests.dll" id="3dd2ceb6-1280-4b99-9784-9725f0c0f505">
      <Execution id="c343ce9c-5b5d-4229-ac6b-3d812e66ba8d" />
      <TestMethod codeBase="E:\dzk\gaode-1\backend\tests\Gaode.Communication.Tests\bin\Release\net10.0\Gaode.Communication.Tests.dll" adapterTypeName="executor://xunit/VsTestRunner3/netcore/" className="Gaode.Communication.Tests.Devices.HandshakeClosureTests" name="FlipHoldsParentUntilPutBackWithItsOwnWindow" />
    </UnitTest>
    <UnitTest name="Gaode.Communication.Tests.Devices.SamePositionTests.RepeatedTargetsReuseOnlySatisfiedAxes(x: 12, y: 22, z: 33, expected: &quot;X&quot;)" storage="e:\dzk\gaode-1\backend\tests\gaode.communication.tests\bin\release\net10.0\gaode.communication.tests.dll" id="47675aff-3a4d-eeb6-cf81-89be75b16f06">
      <Execution id="5a1eb066-b35a-4202-b089-b113f8c01fa3" />
      <TestMethod codeBase="E:\dzk\gaode-1\backend\tests\Gaode.Communication.Tests\bin\Release\net10.0\Gaode.Communication.Tests.dll" adapterTypeName="executor://xunit/VsTestRunner3/netcore/" className="Gaode.Communication.Tests.Devices.SamePositionTests" name="RepeatedTargetsReuseOnlySatisfiedAxes" />
    </UnitTest>
    <UnitTest name="Gaode.Communication.Tests.SiteOperationHandshakeTests.StartupAwayFromSafeZeroDoesNotSendStartOrMotion" storage="e:\dzk\gaode-1\backend\tests\gaode.communication.tests\bin\release\net10.0\gaode.communication.tests.dll" id="e4f4f7b4-68aa-c002-c837-3c41c4632dda">
      <Execution id="ead3b759-b1e5-471a-9b50-797142919957" />
      <TestMethod codeBase="E:\dzk\gaode-1\backend\tests\Gaode.Communication.Tests\bin\Release\net10.0\Gaode.Communication.Tests.dll" adapterTypeName="executor://xunit/VsTestRunner3/netcore/" className="Gaode.Communication.Tests.SiteOperationHandshakeTests" name="StartupAwayFromSafeZeroDoesNotSendStartOrMotion" />
    </UnitTest>
    <UnitTest name="Gaode.Communication.Tests.CommissioningRecoveryTests.FailedCancellationSaveKeepsOldRunAndOwnersHeldDespitePhysicalReset" storage="e:\dzk\gaode-1\backend\tests\gaode.communication.tests\bin\release\net10.0\gaode.communication.tests.dll" id="94033269-5cc7-f2d7-fe3f-9c2770d966ea">
      <Execution id="5bdd7b4c-f1a2-4b08-9f3b-80e306d77dea" />
      <TestMethod codeBase="E:\dzk\gaode-1\backend\tests\Gaode.Communication.Tests\bin\Release\net10.0\Gaode.Communication.Tests.dll" adapterTypeName="executor://xunit/VsTestRunner3/netcore/" className="Gaode.Communication.Tests.CommissioningRecoveryTests" name="FailedCancellationSaveKeepsOldRunAndOwnersHeldDespitePhysicalReset" />
    </UnitTest>
    <UnitTest name="Gaode.Communication.Tests.SiteOperationHandshakeTests.ResetCompletesFromFreshReadyOneWithoutObservingZero" storage="e:\dzk\gaode-1\backend\tests\gaode.communication.tests\bin\release\net10.0\gaode.communication.tests.dll" id="ee8e5b9e-478f-6714-16d9-22fd8350e3e8">
      <Execution id="d4f00f1e-f8de-4de1-8690-edc4da047089" />
      <TestMethod codeBase="E:\dzk\gaode-1\backend\tests\Gaode.Communication.Tests\bin\Release\net10.0\Gaode.Communication.Tests.dll" adapterTypeName="executor://xunit/VsTestRunner3/netcore/" className="Gaode.Communication.Tests.SiteOperationHandshakeTests" name="ResetCompletesFromFreshReadyOneWithoutObservingZero" />
    </UnitTest>
    <UnitTest name="Gaode.Communication.Tests.SiteOperationHandshakeTests.ResetWaitsForFreshReadyAfterRequestInsteadOfUsingEarlierReady(initiallySoftStopped: False)" storage="e:\dzk\gaode-1\backend\tests\gaode.communication.tests\bin\release\net10.0\gaode.communication.tests.dll" id="3112a5fc-4dd2-bd10-033c-8c81cab69ba0">
      <Execution id="91678d6e-4dc0-4dc6-88b0-e8b1d75b40bc" />
      <TestMethod codeBase="E:\dzk\gaode-1\backend\tests\Gaode.Communication.Tests\bin\Release\net10.0\Gaode.Communication.Tests.dll" adapterTypeName="executor://xunit/VsTestRunner3/netcore/" className="Gaode.Communication.Tests.SiteOperationHandshakeTests" name="ResetWaitsForFreshReadyAfterRequestInsteadOfUsingEarlierReady" />
    </UnitTest>
    <UnitTest name="Gaode.Communication.Tests.Devices.SamePositionTests.StaticPositionWithoutCurrentClosureMustActuallyDispatch(cause: &quot;drift&quot;)" storage="e:\dzk\gaode-1\backend\tests\gaode.communication.tests\bin\release\net10.0\gaode.communication.tests.dll" id="1261ce25-b5c7-054b-0dc6-7e0278347d75">
      <Execution id="6be3a0bd-f67a-4fe4-8437-55619e70ca90" />
      <TestMethod codeBase="E:\dzk\gaode-1\backend\tests\Gaode.Communication.Tests\bin\Release\net10.0\Gaode.Communication.Tests.dll" adapterTypeName="executor://xunit/VsTestRunner3/netcore/" className="Gaode.Communication.Tests.Devices.SamePositionTests" name="StaticPositionWithoutCurrentClosureMustActuallyDispatch" />
    </UnitTest>
    <UnitTest name="Gaode.Communication.Tests.SiteOperationHandshakeTests.StartClearsAfterFullActualXYAndZClosureAndSameCoordinateReuseStillWorks(retainArrived: False)" storage="e:\dzk\gaode-1\backend\tests\gaode.communication.tests\bin\release\net10.0\gaode.communication.tests.dll" id="b2418f5a-7484-d8e0-641e-462d01be822f">
      <Execution id="2c649de8-fdf1-4df5-94c5-389ee2b5af4a" />
      <TestMethod codeBase="E:\dzk\gaode-1\backend\tests\Gaode.Communication.Tests\bin\Release\net10.0\Gaode.Communication.Tests.dll" adapterTypeName="executor://xunit/VsTestRunner3/netcore/" className="Gaode.Communication.Tests.SiteOperationHandshakeTests" name="StartClearsAfterFullActualXYAndZClosureAndSameCoordinateReuseStillWorks" />
    </UnitTest>
    <UnitTest name="Gaode.Communication.Tests.Devices.HandshakeClosureTests.DelayedClearHoldsOwnershipAndPreservesArrivalEvidence" storage="e:\dzk\gaode-1\backend\tests\gaode.communication.tests\bin\release\net10.0\gaode.communication.tests.dll" id="2dd942b7-93ed-b025-8709-5ea78f33b167">
      <Execution id="61ae12b4-9bb7-46e9-97e8-650576326c0b" />
      <TestMethod codeBase="E:\dzk\gaode-1\backend\tests\Gaode.Communication.Tests\bin\Release\net10.0\Gaode.Communication.Tests.dll" adapterTypeName="executor://xunit/VsTestRunner3/netcore/" className="Gaode.Communication.Tests.Devices.HandshakeClosureTests" name="DelayedClearHoldsOwnershipAndPreservesArrivalEvidence" />
    </UnitTest>
    <UnitTest name="Gaode.Communication.Tests.CommissioningRecoveryTests.ActiveExecutionOrResourcesBlockBeforeAnyReset(activeExecution: True)" storage="e:\dzk\gaode-1\backend\tests\gaode.communication.tests\bin\release\net10.0\gaode.communication.tests.dll" id="3a6e5a79-d0a4-3967-2b0c-a49906c11f1c">
      <Execution id="df1eb024-2981-4390-91f3-30f177ec5714" />
      <TestMethod codeBase="E:\dzk\gaode-1\backend\tests\Gaode.Communication.Tests\bin\Release\net10.0\Gaode.Communication.Tests.dll" adapterTypeName="executor://xunit/VsTestRunner3/netcore/" className="Gaode.Communication.Tests.CommissioningRecoveryTests" name="ActiveExecutionOrResourcesBlockBeforeAnyReset" />
    </UnitTest>
    <UnitTest name="Gaode.Communication.Tests.SiteOperationHandshakeTests.ResetPreconditionReadbackFailureNeverSendsResetOrStart" storage="e:\dzk\gaode-1\backend\tests\gaode.communication.tests\bin\release\net10.0\gaode.communication.tests.dll" id="e730403b-8bb1-41f6-4747-17709ef24717">
      <Execution id="d97da245-0590-49e2-b319-bd3b0985cd9f" />
      <TestMethod codeBase="E:\dzk\gaode-1\backend\tests\Gaode.Communication.Tests\bin\Release\net10.0\Gaode.Communication.Tests.dll" adapterTypeName="executor://xunit/VsTestRunner3/netcore/" className="Gaode.Communication.Tests.SiteOperationHandshakeTests" name="ResetPreconditionReadbackFailureNeverSendsResetOrStart" />
    </UnitTest>
    <UnitTest name="Gaode.Communication.Tests.SiteOperationHandshakeTests.ConfirmedPolicyDoesNotOverrideCurtainDoorOrUnknownAlarm(alarm: 256)" storage="e:\dzk\gaode-1\backend\tests\gaode.communication.tests\bin\release\net10.0\gaode.communication.tests.dll" id="8ac32f01-0d83-8960-344e-b9929f512f87">
      <Execution id="38e773fe-c546-452d-a1dd-63cf3977a72b" />
      <TestMethod codeBase="E:\dzk\gaode-1\backend\tests\Gaode.Communication.Tests\bin\Release\net10.0\Gaode.Communication.Tests.dll" adapterTypeName="executor://xunit/VsTestRunner3/netcore/" className="Gaode.Communication.Tests.SiteOperationHandshakeTests" name="ConfirmedPolicyDoesNotOverrideCurtainDoorOrUnknownAlarm" />
    </UnitTest>
    <UnitTest name="Gaode.Communication.Tests.CommissioningRecoveryTests.ActiveExecutionOrResourcesBlockBeforeAnyReset(activeExecution: False)" storage="e:\dzk\gaode-1\backend\tests\gaode.communication.tests\bin\release\net10.0\gaode.communication.tests.dll" id="55bf6208-a608-e197-8149-ffa07e3a8e47">
      <Execution id="3d99f768-c54e-425d-9409-29f1810df200" />
      <TestMethod codeBase="E:\dzk\gaode-1\backend\tests\Gaode.Communication.Tests\bin\Release\net10.0\Gaode.Communication.Tests.dll" adapterTypeName="executor://xunit/VsTestRunner3/netcore/" className="Gaode.Communication.Tests.CommissioningRecoveryTests" name="ActiveExecutionOrResourcesBlockBeforeAnyReset" />
    </UnitTest>
    <UnitTest name="Gaode.Communication.Tests.SiteOperationHandshakeTests.ActualMoveCannotCompleteFromArrivedOneWithoutMovingObservation" storage="e:\dzk\gaode-1\backend\tests\gaode.communication.tests\bin\release\net10.0\gaode.communication.tests.dll" id="7da1965a-7e76-1635-fdbc-d7df462dcc1a">
      <Execution id="3d5f8075-86f6-4318-b162-5b1f98df2687" />
      <TestMethod codeBase="E:\dzk\gaode-1\backend\tests\Gaode.Communication.Tests\bin\Release\net10.0\Gaode.Communication.Tests.dll" adapterTypeName="executor://xunit/VsTestRunner3/netcore/" className="Gaode.Communication.Tests.SiteOperationHandshakeTests" name="ActualMoveCannotCompleteFromArrivedOneWithoutMovingObservation" />
    </UnitTest>
  </TestDefinitions>
  <TestEntries>
    <TestEntry testId="7923ee32-0c4b-d942-01cc-b423129530c3" executionId="7983fac2-b69f-4aea-976b-829a9bf89d1e" testListId="8c84fa94-04c1-424b-9868-57a2d4851a1d" />
    <TestEntry testId="33b7965e-168e-f3cd-2ab0-1b9073b87661" executionId="ce0d727c-5052-4c49-9fca-c7a70569521b" testListId="8c84fa94-04c1-424b-9868-57a2d4851a1d" />
    <TestEntry testId="3112a5fc-4dd2-bd10-033c-8c81cab69ba0" executionId="91678d6e-4dc0-4dc6-88b0-e8b1d75b40bc" testListId="8c84fa94-04c1-424b-9868-57a2d4851a1d" />
    <TestEntry testId="66a52e9f-c6d7-f433-1542-ed9d67c24f2c" executionId="6914f6e4-e971-4c90-b20a-ae2b83aac9c2" testListId="8c84fa94-04c1-424b-9868-57a2d4851a1d" />
    <TestEntry testId="8fd6cf83-0ad4-f5d2-cd50-e4fe372ea361" executionId="f6f5f0c8-b455-42be-8620-06dc8601d797" testListId="8c84fa94-04c1-424b-9868-57a2d4851a1d" />
    <TestEntry testId="be4f9069-d823-8031-3c57-20ddea114ee4" executionId="760a01d9-26f7-42b0-a51a-916e4d0c9372" testListId="8c84fa94-04c1-424b-9868-57a2d4851a1d" />
    <TestEntry testId="1c4b9ec4-0ab4-2e40-1081-06d4bf82c5ea" executionId="ecdad32f-3b68-4482-8c42-d04bfa4b9ed4" testListId="8c84fa94-04c1-424b-9868-57a2d4851a1d" />
    <TestEntry testId="d8dbd12e-c2dd-6023-e8cd-c93c15acfba2" executionId="ff930533-be2a-4e7d-8d7a-6d3f04e0defd" testListId="8c84fa94-04c1-424b-9868-57a2d4851a1d" />
    <TestEntry testId="c01ccc49-5ba1-cf23-2582-17887df5c9ff" executionId="ec89fc18-a4f3-478a-858c-10377ab42443" testListId="8c84fa94-04c1-424b-9868-57a2d4851a1d" />
    <TestEntry testId="48f10811-4144-df39-fe0c-1785342ff15b" executionId="bc0377ba-e9a2-489f-939a-6bffb1a55f48" testListId="8c84fa94-04c1-424b-9868-57a2d4851a1d" />
    <TestEntry testId="2dd942b7-93ed-b025-8709-5ea78f33b167" executionId="61ae12b4-9bb7-46e9-97e8-650576326c0b" testListId="8c84fa94-04c1-424b-9868-57a2d4851a1d" />
    <TestEntry testId="e730403b-8bb1-41f6-4747-17709ef24717" executionId="d97da245-0590-49e2-b319-bd3b0985cd9f" testListId="8c84fa94-04c1-424b-9868-57a2d4851a1d" />
    <TestEntry testId="94033269-5cc7-f2d7-fe3f-9c2770d966ea" executionId="5bdd7b4c-f1a2-4b08-9f3b-80e306d77dea" testListId="8c84fa94-04c1-424b-9868-57a2d4851a1d" />
    <TestEntry testId="fcd0ec70-f888-1a1b-7547-fbfa04f6d47c" executionId="1ae8ae35-3bae-4751-bd4f-d924dc4d64b8" testListId="8c84fa94-04c1-424b-9868-57a2d4851a1d" />
    <TestEntry testId="ee8e5b9e-478f-6714-16d9-22fd8350e3e8" executionId="d4f00f1e-f8de-4de1-8690-edc4da047089" testListId="8c84fa94-04c1-424b-9868-57a2d4851a1d" />
    <TestEntry testId="526a317b-795d-79f6-4d03-143111bf3a74" executionId="0fe6ef4a-16a4-40d7-8dde-fdf85f23ac8b" testListId="8c84fa94-04c1-424b-9868-57a2d4851a1d" />
    <TestEntry testId="3a6e5a79-d0a4-3967-2b0c-a49906c11f1c" executionId="df1eb024-2981-4390-91f3-30f177ec5714" testListId="8c84fa94-04c1-424b-9868-57a2d4851a1d" />
    <TestEntry testId="403dd66a-9951-0caa-b652-3226f7c597bf" executionId="7bab5c45-d1ea-4324-90cf-2f8933f0a1e6" testListId="8c84fa94-04c1-424b-9868-57a2d4851a1d" />
    <TestEntry testId="47cace73-f00c-f337-0a02-9a2cc1bf51a8" executionId="7e40e371-6126-4019-9f69-c7d82938e4a3" testListId="8c84fa94-04c1-424b-9868-57a2d4851a1d" />
    <TestEntry testId="55bf6208-a608-e197-8149-ffa07e3a8e47" executionId="3d99f768-c54e-425d-9409-29f1810df200" testListId="8c84fa94-04c1-424b-9868-57a2d4851a1d" />
    <TestEntry testId="274fa7c0-a5a9-d22f-e366-fd91b7732bc9" executionId="39330c87-7632-4eaa-9cf4-aae409889640" testListId="8c84fa94-04c1-424b-9868-57a2d4851a1d" />
    <TestEntry testId="3d76f878-7baa-4040-fa0a-0d83a02becd7" executionId="7169c08f-a44c-4242-94a6-43d789d78724" testListId="8c84fa94-04c1-424b-9868-57a2d4851a1d" />
    <TestEntry testId="08b58ca3-34fb-2f33-15b4-c47bbcf2d597" executionId="9b2e5b6f-ed6f-42f3-b376-7701cd372b86" testListId="8c84fa94-04c1-424b-9868-57a2d4851a1d" />
    <TestEntry testId="427fb3d9-6aa1-ee38-7f22-3d27174b0f47" executionId="85ff4ab4-6640-4ab5-85f1-75a4a86579c1" testListId="8c84fa94-04c1-424b-9868-57a2d4851a1d" />
    <TestEntry testId="3dd2ceb6-1280-4b99-9784-9725f0c0f505" executionId="c343ce9c-5b5d-4229-ac6b-3d812e66ba8d" testListId="8c84fa94-04c1-424b-9868-57a2d4851a1d" />
    <TestEntry testId="e4f4f7b4-68aa-c002-c837-3c41c4632dda" executionId="ead3b759-b1e5-471a-9b50-797142919957" testListId="8c84fa94-04c1-424b-9868-57a2d4851a1d" />
    <TestEntry testId="09787cc1-0164-870e-fb0b-2366eac47b7c" executionId="197d6383-9e64-41d9-975e-15ee7e9b0a2b" testListId="8c84fa94-04c1-424b-9868-57a2d4851a1d" />
    <TestEntry testId="f147e2af-2764-eca4-da02-eb4385f7c1e9" executionId="52c5526f-63ae-4007-86c1-c463a6b8afee" testListId="8c84fa94-04c1-424b-9868-57a2d4851a1d" />
    <TestEntry testId="9605d621-3176-d3f4-bb5d-feb97ce91d03" executionId="d749414c-bb5f-4cb6-8218-275180111f52" testListId="8c84fa94-04c1-424b-9868-57a2d4851a1d" />
    <TestEntry testId="b2418f5a-7484-d8e0-641e-462d01be822f" executionId="2c649de8-fdf1-4df5-94c5-389ee2b5af4a" testListId="8c84fa94-04c1-424b-9868-57a2d4851a1d" />
    <TestEntry testId="c7d7d52d-ccc4-2f63-3800-5bd5d89e13a1" executionId="51802fa0-f1ff-4547-a8f7-a40a30c28107" testListId="8c84fa94-04c1-424b-9868-57a2d4851a1d" />
    <TestEntry testId="8daa2e1d-7a9e-5009-9b5b-e8f6829c8986" executionId="beceab8a-1494-4cf7-91f6-00d1ad475716" testListId="8c84fa94-04c1-424b-9868-57a2d4851a1d" />
    <TestEntry testId="f8539f2b-aa75-b463-1039-7e501d211002" executionId="7fa7d374-97a0-42c4-be86-9c91678bf9b1" testListId="8c84fa94-04c1-424b-9868-57a2d4851a1d" />
    <TestEntry testId="48717e0b-1127-c9e0-8a98-2a9413e85aac" executionId="b5ae0fcf-d97c-4160-8f64-534b0e05cfcc" testListId="8c84fa94-04c1-424b-9868-57a2d4851a1d" />
    <TestEntry testId="7d106857-df16-65f4-742a-0daf6223ecf0" executionId="1b23a0a0-27c0-4779-9f73-f1d91805669d" testListId="8c84fa94-04c1-424b-9868-57a2d4851a1d" />
    <TestEntry testId="9b2c71a5-148f-acf0-20a4-e4f44241ebeb" executionId="f72a77dd-478f-4345-a426-301c9039ceda" testListId="8c84fa94-04c1-424b-9868-57a2d4851a1d" />
    <TestEntry testId="1261ce25-b5c7-054b-0dc6-7e0278347d75" executionId="6be3a0bd-f67a-4fe4-8437-55619e70ca90" testListId="8c84fa94-04c1-424b-9868-57a2d4851a1d" />
    <TestEntry testId="a10c79de-f766-8765-c051-36b1c46ee03b" executionId="6864fca4-607c-42d9-a05c-301fc8c85f47" testListId="8c84fa94-04c1-424b-9868-57a2d4851a1d" />
    <TestEntry testId="47675aff-3a4d-eeb6-cf81-89be75b16f06" executionId="5a1eb066-b35a-4202-b089-b113f8c01fa3" testListId="8c84fa94-04c1-424b-9868-57a2d4851a1d" />
    <TestEntry testId="8fcce42f-dab4-8e5d-0e8b-7561614390f2" executionId="c26130b0-c435-4ced-80e3-9ab19b3936a0" testListId="8c84fa94-04c1-424b-9868-57a2d4851a1d" />
    <TestEntry testId="3c5d4162-ff76-8c58-c986-e3f55b02d763" executionId="74390652-af9d-4d3f-a383-1bf54a003b4e" testListId="8c84fa94-04c1-424b-9868-57a2d4851a1d" />
    <TestEntry testId="0984ea54-3413-17c0-33aa-54984872cad2" executionId="ebf6f57d-d829-4296-9889-77172e52fe97" testListId="8c84fa94-04c1-424b-9868-57a2d4851a1d" />
    <TestEntry testId="f519da79-9063-21d2-dfcf-37386682c5c3" executionId="d4674138-8443-4c1b-96dc-6da6b07fd6fd" testListId="8c84fa94-04c1-424b-9868-57a2d4851a1d" />
    <TestEntry testId="fa4d4887-c499-e285-2f8d-768e6554fc22" executionId="370d3ed1-97d6-4f65-b344-76d56c49d2b1" testListId="8c84fa94-04c1-424b-9868-57a2d4851a1d" />
    <TestEntry testId="91302dea-0254-6079-2828-0fc1bfdaa4d4" executionId="956096db-3a18-413f-918b-c1544968f0bc" testListId="8c84fa94-04c1-424b-9868-57a2d4851a1d" />
    <TestEntry testId="6881c1f3-9465-46cd-0855-e065bca44b53" executionId="c4551116-3eda-4e65-8d5a-daaf4223da90" testListId="8c84fa94-04c1-424b-9868-57a2d4851a1d" />
    <TestEntry testId="dd0771af-630c-084d-5774-5c6b7e29d385" executionId="76885fc7-f49d-4fff-8174-955f358f679f" testListId="8c84fa94-04c1-424b-9868-57a2d4851a1d" />
    <TestEntry testId="8ac32f01-0d83-8960-344e-b9929f512f87" executionId="38e773fe-c546-452d-a1dd-63cf3977a72b" testListId="8c84fa94-04c1-424b-9868-57a2d4851a1d" />
    <TestEntry testId="98ca9731-6a72-1517-3af9-07280117e1e5" executionId="cef663c2-c3c7-438e-b05e-ca20f2f5b3ba" testListId="8c84fa94-04c1-424b-9868-57a2d4851a1d" />
    <TestEntry testId="07217e56-4b70-bb63-0e83-6c80afc23639" executionId="d0ea87ad-d4b1-4ece-8304-d0fc68ecf185" testListId="8c84fa94-04c1-424b-9868-57a2d4851a1d" />
    <TestEntry testId="7da1965a-7e76-1635-fdbc-d7df462dcc1a" executionId="3d5f8075-86f6-4318-b162-5b1f98df2687" testListId="8c84fa94-04c1-424b-9868-57a2d4851a1d" />
  </TestEntries>
  <TestLists>
    <TestList name="列表中未列出的结果" id="8c84fa94-04c1-424b-9868-57a2d4851a1d" />
    <TestList name="所有已加载的结果" id="19431567-8539-422a-85d7-44ee4e166bda" />
  </TestLists>
  <ResultSummary outcome="Failed">
    <Counters total="51" executed="51" passed="50" failed="1" error="0" timeout="0" aborted="0" inconclusive="0" passedButRunAborted="0" notRunnable="0" notExecuted="0" disconnected="0" warning="0" completed="0" inProgress="0" pending="0" />
    <Output>
      <StdOut>[xUnit.net 00:00:00.01] xUnit.net VSTest Adapter v3.1.5+1b188a7b0a (64-bit .NET 10.0.12)&#xD;
[xUnit.net 00:00:00.45]   Discovering: Gaode.Communication.Tests&#xD;
[xUnit.net 00:00:02.93]   Discovered:  Gaode.Communication.Tests&#xD;
[xUnit.net 00:00:03.25]   Starting:    Gaode.Communication.Tests&#xD;
[xUnit.net 00:01:41.37]       Assert.ThrowsAny() Failure: No exception was thrown&#xD;
[xUnit.net 00:01:41.38]       Expected: typeof(System.OperationCanceledException)&#xD;
[xUnit.net 00:01:41.38]       Stack Trace:&#xD;
[xUnit.net 00:01:41.38]         E:\dzk\gaode-1\backend\tests\Gaode.Communication.Tests\CommissioningRecoveryTests.cs(218,0): at Gaode.Communication.Tests.CommissioningRecoveryTests.InvalidResetFeedbackBlocksRecoveryAndNewRun(Int32 feedbackAddress, Int32 feedback)&#xD;
[xUnit.net 00:01:41.38]         E:\dzk\gaode-1\backend\tests\Gaode.Communication.Tests\CommissioningRecoveryTests.cs(224,0): at Gaode.Communication.Tests.CommissioningRecoveryTests.InvalidResetFeedbackBlocksRecoveryAndNewRun(Int32 feedbackAddress, Int32 feedback)&#xD;
[xUnit.net 00:01:41.38]         --- End of stack trace from previous location ---&#xD;
[xUnit.net 00:01:45.14]   Finished:    Gaode.Communication.Tests&#xD;
</StdOut>
    </Output>
    <RunInfos>
      <RunInfo computerName="10_3_0_13" outcome="Error" timestamp="2026-10-09T04:58:43.2593217+08:00">
        <Text>[xUnit.net 00:01:41.37]     Gaode.Communication.Tests.CommissioningRecoveryTests.InvalidResetFeedbackBlocksRecoveryAndNewRun(feedbackAddress: 6040, feedback: 2) [FAIL]</Text>
      </RunInfo>
    </RunInfos>
  </ResultSummary>
</TestRun>