<?xml version="1.0" encoding="utf-8"?>
<TestRun id="41986840-811d-43ec-be82-b764d6f52694" name="Administrator@DEMO 2026-10-09 07:03:49" runUser="demo\Administrator" xmlns="http://microsoft.com/schemas/VisualStudio/TeamTest/2010">
  <Times creation="2026-10-09T07:03:49.0330487+08:00" queuing="2026-10-09T07:03:49.0330489+08:00" start="2026-10-09T07:03:45.8025780+08:00" finish="2026-10-09T07:04:36.8680900+08:00" />
  <TestSettings name="default" id="80d78eef-81de-448d-b783-35a6a0f73d91">
    <Deployment runDeploymentRoot="Administrator_DEMO_2026-10-09_07_03_49" />
  </TestSettings>
  <Results>
    <UnitTestResult executionId="56c42377-3e67-49ac-abbf-f743b7b8f0a7" testId="c7d7d52d-ccc4-2f63-3800-5bd5d89e13a1" testName="Gaode.Communication.Tests.Devices.HandshakeClosureTests.SixAxisMappingsClearIndependentlyAndRepeat" computerName="DEMO" duration="00:00:02.3516397" startTime="2026-10-09T07:03:53.9290356+08:00" endTime="2026-10-09T07:03:56.2808444+08:00" testType="13cdc9d9-ddb5-4fa4-a97d-d965ccfc6d4b" outcome="Passed" testListId="8c84fa94-04c1-424b-9868-57a2d4851a1d" relativeResultsDirectory="56c42377-3e67-49ac-abbf-f743b7b8f0a7" />
    <UnitTestResult executionId="fb83cd5a-0c31-4faf-9a1a-7da2ba900071" testId="e7e43bb6-0456-eb4c-5f54-a4cf028bd3d7" testName="Gaode.Communication.Tests.CommissioningRecoveryTests.ManualResetWithRetainedAxisArrivalsClosesOldRunButCannotStartMotion" computerName="DEMO" duration="00:00:00.0443521" startTime="2026-10-09T07:04:32.4259192+08:00" endTime="2026-10-09T07:04:32.4703364+08:00" testType="13cdc9d9-ddb5-4fa4-a97d-d965ccfc6d4b" outcome="Passed" testListId="8c84fa94-04c1-424b-9868-57a2d4851a1d" relativeResultsDirectory="fb83cd5a-0c31-4faf-9a1a-7da2ba900071" />
    <UnitTestResult executionId="f16b0672-b1de-4c49-9721-f34a90dbe8af" testId="7ad18843-70b9-45fc-7ee5-ea847ff7f5a8" testName="Gaode.Communication.Tests.Devices.HandshakeClosureTests.AxisRetainedArrivalDoesNotRequireFeedbackClear" computerName="DEMO" duration="00:00:01.2512794" startTime="2026-10-09T07:04:17.4082911+08:00" endTime="2026-10-09T07:04:18.6596977+08:00" testType="13cdc9d9-ddb5-4fa4-a97d-d965ccfc6d4b" outcome="Passed" testListId="8c84fa94-04c1-424b-9868-57a2d4851a1d" relativeResultsDirectory="f16b0672-b1de-4c49-9721-f34a90dbe8af" />
    <UnitTestResult executionId="9389568b-a19e-4039-8b29-c35614824309" testId="8fcce42f-dab4-8e5d-0e8b-7561614390f2" testName="Gaode.Communication.Tests.CommissioningRecoveryTests.FullResetDurablyClosesLiveOrRehydratedOldRunAndAllowsExplicitNewRun(rehydrated: True)" computerName="DEMO" duration="00:00:00.1874868" startTime="2026-10-09T07:04:29.3611520+08:00" endTime="2026-10-09T07:04:29.5488065+08:00" testType="13cdc9d9-ddb5-4fa4-a97d-d965ccfc6d4b" outcome="Passed" testListId="8c84fa94-04c1-424b-9868-57a2d4851a1d" relativeResultsDirectory="9389568b-a19e-4039-8b29-c35614824309" />
    <UnitTestResult executionId="e58e2074-6ff5-4ab3-96ab-4871d7bd0a33" testId="e730403b-8bb1-41f6-4747-17709ef24717" testName="Gaode.Communication.Tests.SiteOperationHandshakeTests.ResetPreconditionReadbackFailureNeverSendsResetOrStart" computerName="DEMO" duration="00:00:00.0369983" startTime="2026-10-09T07:04:24.8492532+08:00" endTime="2026-10-09T07:04:24.8861484+08:00" testType="13cdc9d9-ddb5-4fa4-a97d-d965ccfc6d4b" outcome="Passed" testListId="8c84fa94-04c1-424b-9868-57a2d4851a1d" relativeResultsDirectory="e58e2074-6ff5-4ab3-96ab-4871d7bd0a33" />
    <UnitTestResult executionId="5be714bb-c89b-49ea-8df1-6670658b636d" testId="0984ea54-3413-17c0-33aa-54984872cad2" testName="Gaode.Communication.Tests.Devices.HandshakeClosureTests.ClearanceRejectsOldOrInvalidReads(fault: &quot;wrong-epoch&quot;)" computerName="DEMO" duration="00:00:00.0001462" startTime="2026-10-09T07:04:05.2638482+08:00" endTime="2026-10-09T07:04:05.2639553+08:00" testType="13cdc9d9-ddb5-4fa4-a97d-d965ccfc6d4b" outcome="Passed" testListId="8c84fa94-04c1-424b-9868-57a2d4851a1d" relativeResultsDirectory="5be714bb-c89b-49ea-8df1-6670658b636d" />
    <UnitTestResult executionId="f9246264-f76f-4aae-b0ad-24ed7caa9ef3" testId="3112a5fc-4dd2-bd10-033c-8c81cab69ba0" testName="Gaode.Communication.Tests.SiteOperationHandshakeTests.ResetWaitsForFreshReadyAfterRequestInsteadOfUsingEarlierReady(initiallySoftStopped: False)" computerName="DEMO" duration="00:00:00.2459027" startTime="2026-10-09T07:04:21.8959036+08:00" endTime="2026-10-09T07:04:22.1419049+08:00" testType="13cdc9d9-ddb5-4fa4-a97d-d965ccfc6d4b" outcome="Passed" testListId="8c84fa94-04c1-424b-9868-57a2d4851a1d" relativeResultsDirectory="f9246264-f76f-4aae-b0ad-24ed7caa9ef3" />
    <UnitTestResult executionId="b1924b58-8601-4cd2-82fe-ca380ca81ead" testId="526a317b-795d-79f6-4d03-143111bf3a74" testName="Gaode.Communication.Tests.SiteOperationHandshakeTests.ResetReadyZeroTimesOutWithoutClearingOrReplaying" computerName="DEMO" duration="00:00:00.7365971" startTime="2026-10-09T07:04:24.9158116+08:00" endTime="2026-10-09T07:04:25.6527360+08:00" testType="13cdc9d9-ddb5-4fa4-a97d-d965ccfc6d4b" outcome="Passed" testListId="8c84fa94-04c1-424b-9868-57a2d4851a1d" relativeResultsDirectory="b1924b58-8601-4cd2-82fe-ca380ca81ead" />
    <UnitTestResult executionId="30b60f82-39eb-4737-9d19-d5cdcee7b4ec" testId="7bba27fa-4a13-705e-4c88-e7f92383fff6" testName="Gaode.Communication.Tests.SiteOperationHandshakeTests.ResetArrivalCannotSubstituteForCompletedSameCoordinateAction" computerName="DEMO" duration="00:00:00.0445988" startTime="2026-10-09T07:04:19.3050818+08:00" endTime="2026-10-09T07:04:19.3497754+08:00" testType="13cdc9d9-ddb5-4fa4-a97d-d965ccfc6d4b" outcome="Passed" testListId="8c84fa94-04c1-424b-9868-57a2d4851a1d" relativeResultsDirectory="30b60f82-39eb-4737-9d19-d5cdcee7b4ec" />
    <UnitTestResult executionId="fff8a9b3-e6be-4029-ba7e-eb0630b3a7a0" testId="72dcb248-fb30-f131-50de-03d92f843c4e" testName="Gaode.Communication.Tests.Devices.SamePositionTests.StaticPositionWithoutCurrentClosureCannotReuse(cause: &quot;initial&quot;)" computerName="DEMO" duration="00:00:01.7244534" startTime="2026-10-09T07:03:46.2576401+08:00" endTime="2026-10-09T07:03:47.9876279+08:00" testType="13cdc9d9-ddb5-4fa4-a97d-d965ccfc6d4b" outcome="Passed" testListId="8c84fa94-04c1-424b-9868-57a2d4851a1d" relativeResultsDirectory="fff8a9b3-e6be-4029-ba7e-eb0630b3a7a0" />
    <UnitTestResult executionId="16c544c5-ebd6-4881-9a88-2473a72c9729" testId="274fa7c0-a5a9-d22f-e366-fd91b7732bc9" testName="Gaode.Communication.Tests.Devices.HandshakeClosureTests.UnknownWriteOrDelayedTransportDoesNotReplay(fault: AxisWriteResponseLost)" computerName="DEMO" duration="00:00:00.5364107" startTime="2026-10-09T07:04:02.5145438+08:00" endTime="2026-10-09T07:04:03.0510710+08:00" testType="13cdc9d9-ddb5-4fa4-a97d-d965ccfc6d4b" outcome="Passed" testListId="8c84fa94-04c1-424b-9868-57a2d4851a1d" relativeResultsDirectory="16c544c5-ebd6-4881-9a88-2473a72c9729" />
    <UnitTestResult executionId="5eef4d71-0797-4c35-8d2d-c5321bafd0e5" testId="48717e0b-1127-c9e0-8a98-2a9413e85aac" testName="Gaode.Communication.Tests.CommissioningRecoveryTests.FormalHostPersistenceRestartRestoresHeldRunThenDoesNotRestoreVerifiedCancelledRun" computerName="DEMO" duration="00:00:00.2149507" startTime="2026-10-09T07:04:36.5466815+08:00" endTime="2026-10-09T07:04:36.7616951+08:00" testType="13cdc9d9-ddb5-4fa4-a97d-d965ccfc6d4b" outcome="Passed" testListId="8c84fa94-04c1-424b-9868-57a2d4851a1d" relativeResultsDirectory="5eef4d71-0797-4c35-8d2d-c5321bafd0e5" />
    <UnitTestResult executionId="914fcdb8-ea9f-4d7a-aa3b-b0d92fd33c09" testId="427fb3d9-6aa1-ee38-7f22-3d27174b0f47" testName="Gaode.Communication.Tests.Devices.HandshakeClosureTests.UnknownWriteOrDelayedTransportDoesNotReplay(fault: AxisResponseDelayed)" computerName="DEMO" duration="00:00:01.9508514" startTime="2026-10-09T07:04:03.0511556+08:00" endTime="2026-10-09T07:04:05.0021156+08:00" testType="13cdc9d9-ddb5-4fa4-a97d-d965ccfc6d4b" outcome="Passed" testListId="8c84fa94-04c1-424b-9868-57a2d4851a1d" relativeResultsDirectory="914fcdb8-ea9f-4d7a-aa3b-b0d92fd33c09" />
    <UnitTestResult executionId="cc5e92a2-a092-4da6-b08c-7cb1a4d8e128" testId="94033269-5cc7-f2d7-fe3f-9c2770d966ea" testName="Gaode.Communication.Tests.CommissioningRecoveryTests.FailedCancellationSaveKeepsOldRunAndOwnersHeldDespitePhysicalReset" computerName="DEMO" duration="00:00:00.4557957" startTime="2026-10-09T07:04:29.6049177+08:00" endTime="2026-10-09T07:04:30.0607704+08:00" testType="13cdc9d9-ddb5-4fa4-a97d-d965ccfc6d4b" outcome="Passed" testListId="8c84fa94-04c1-424b-9868-57a2d4851a1d" relativeResultsDirectory="cc5e92a2-a092-4da6-b08c-7cb1a4d8e128" />
    <UnitTestResult executionId="8a465dcc-74ec-4ef4-991a-7d6d957e2674" testId="8fd6cf83-0ad4-f5d2-cd50-e4fe372ea361" testName="Gaode.Communication.Tests.SiteOperationHandshakeTests.ReadyCompletionClearsResetRequestEvenWhenPositionVerificationBlocks" computerName="DEMO" duration="00:00:00.0953154" startTime="2026-10-09T07:04:19.2095395+08:00" endTime="2026-10-09T07:04:19.3049963+08:00" testType="13cdc9d9-ddb5-4fa4-a97d-d965ccfc6d4b" outcome="Passed" testListId="8c84fa94-04c1-424b-9868-57a2d4851a1d" relativeResultsDirectory="8a465dcc-74ec-4ef4-991a-7d6d957e2674" />
    <UnitTestResult executionId="2ca8f0c3-ee74-4ee5-9160-585a2b14f7ec" testId="1c4b9ec4-0ab4-2e40-1081-06d4bf82c5ea" testName="Gaode.Communication.Tests.Devices.SamePositionTests.RepeatedTargetsReuseOnlySatisfiedAxes(x: 11, y: 23, z: 34, expected: &quot;Y,DetectionZ&quot;)" computerName="DEMO" duration="00:00:01.2973702" startTime="2026-10-09T07:03:51.5861255+08:00" endTime="2026-10-09T07:03:52.8835412+08:00" testType="13cdc9d9-ddb5-4fa4-a97d-d965ccfc6d4b" outcome="Passed" testListId="8c84fa94-04c1-424b-9868-57a2d4851a1d" relativeResultsDirectory="2ca8f0c3-ee74-4ee5-9160-585a2b14f7ec" />
    <UnitTestResult executionId="0d7805c1-0235-492b-b5e9-8917d39b5670" testId="91302dea-0254-6079-2828-0fc1bfdaa4d4" testName="Gaode.Communication.Tests.Devices.HandshakeClosureTests.DisconnectWhileWaitingClearCannotStartSuccessor" computerName="DEMO" duration="00:00:00.5494404" startTime="2026-10-09T07:04:18.6597833+08:00" endTime="2026-10-09T07:04:19.2093646+08:00" testType="13cdc9d9-ddb5-4fa4-a97d-d965ccfc6d4b" outcome="Passed" testListId="8c84fa94-04c1-424b-9868-57a2d4851a1d" relativeResultsDirectory="0d7805c1-0235-492b-b5e9-8917d39b5670" />
    <UnitTestResult executionId="c5ea9fa4-3caf-4ff1-9b95-7138a70f3453" testId="bbbce9e2-9759-5694-bad1-4ea4929382cb" testName="Gaode.Communication.Tests.SiteOperationHandshakeTests.ReleasedRequestWithMovingFeedbackIsNotReportedIdle" computerName="DEMO" duration="00:00:00.5361801" startTime="2026-10-09T07:04:19.3498600+08:00" endTime="2026-10-09T07:04:19.8861430+08:00" testType="13cdc9d9-ddb5-4fa4-a97d-d965ccfc6d4b" outcome="Passed" testListId="8c84fa94-04c1-424b-9868-57a2d4851a1d" relativeResultsDirectory="c5ea9fa4-3caf-4ff1-9b95-7138a70f3453" />
    <UnitTestResult executionId="371473bc-5df3-4cd5-a5bc-ba8573176de2" testId="47675aff-3a4d-eeb6-cf81-89be75b16f06" testName="Gaode.Communication.Tests.Devices.SamePositionTests.RepeatedTargetsReuseOnlySatisfiedAxes(x: 12, y: 22, z: 33, expected: &quot;X&quot;)" computerName="DEMO" duration="00:00:01.0426875" startTime="2026-10-09T07:03:52.8836529+08:00" endTime="2026-10-09T07:03:53.9264228+08:00" testType="13cdc9d9-ddb5-4fa4-a97d-d965ccfc6d4b" outcome="Passed" testListId="8c84fa94-04c1-424b-9868-57a2d4851a1d" relativeResultsDirectory="371473bc-5df3-4cd5-a5bc-ba8573176de2" />
    <UnitTestResult executionId="2acdf89b-7b0b-4da5-a6e0-5b968ea85db6" testId="49b6e124-2234-40b1-0e04-750b8eb65929" testName="Gaode.Communication.Tests.SiteOperationHandshakeTests.ScanAndGrabAxesRetainArrivalAcrossChangedAndSameTargets" computerName="DEMO" duration="00:00:02.4317090" startTime="2026-10-09T07:04:22.4168269+08:00" endTime="2026-10-09T07:04:24.8489382+08:00" testType="13cdc9d9-ddb5-4fa4-a97d-d965ccfc6d4b" outcome="Passed" testListId="8c84fa94-04c1-424b-9868-57a2d4851a1d" relativeResultsDirectory="2acdf89b-7b0b-4da5-a6e0-5b968ea85db6" />
    <UnitTestResult executionId="f0967e29-1681-4703-a9bf-55446be8c817" testId="ee8e5b9e-478f-6714-16d9-22fd8350e3e8" testName="Gaode.Communication.Tests.SiteOperationHandshakeTests.ResetCompletesFromFreshReadyOneWithoutObservingZero" computerName="DEMO" duration="00:00:00.0487124" startTime="2026-10-09T07:04:19.8862295+08:00" endTime="2026-10-09T07:04:19.9350956+08:00" testType="13cdc9d9-ddb5-4fa4-a97d-d965ccfc6d4b" outcome="Passed" testListId="8c84fa94-04c1-424b-9868-57a2d4851a1d" relativeResultsDirectory="f0967e29-1681-4703-a9bf-55446be8c817" />
    <UnitTestResult executionId="782f6f8b-4478-4e51-9a1a-e1fbc4234614" testId="d8dbd12e-c2dd-6023-e8cd-c93c15acfba2" testName="Gaode.Communication.Tests.Devices.HandshakeClosureTests.SortingUsesActualCommitAndFinalSafetyBeforeParentClear(omitIntent: True)" computerName="DEMO" duration="00:00:01.4508041" startTime="2026-10-09T07:04:15.4133043+08:00" endTime="2026-10-09T07:04:16.8640329+08:00" testType="13cdc9d9-ddb5-4fa4-a97d-d965ccfc6d4b" outcome="Passed" testListId="8c84fa94-04c1-424b-9868-57a2d4851a1d" relativeResultsDirectory="782f6f8b-4478-4e51-9a1a-e1fbc4234614" />
    <UnitTestResult executionId="36bc08bf-4907-47e5-aaa3-2c38a0301e99" testId="8daa2e1d-7a9e-5009-9b5b-e8f6829c8986" testName="Gaode.Communication.Tests.CommissioningRecoveryTests.InterruptedResetRecordsCancellationObservationAndKeepsOldRunHeld(cancelRequest: True)" computerName="DEMO" duration="00:00:00.0498553" startTime="2026-10-09T07:04:32.0636511+08:00" endTime="2026-10-09T07:04:32.1135179+08:00" testType="13cdc9d9-ddb5-4fa4-a97d-d965ccfc6d4b" outcome="Passed" testListId="8c84fa94-04c1-424b-9868-57a2d4851a1d" relativeResultsDirectory="36bc08bf-4907-47e5-aaa3-2c38a0301e99" />
    <UnitTestResult executionId="d146aab2-983a-414b-b04b-e4351f701322" testId="57c27512-9bd0-c9ad-28dc-990a62f69c2b" testName="Gaode.Communication.Tests.SiteOperationHandshakeTests.RetainedArrivalAllowsChangedXThenSameYAndDetectionZAndFullReuse" computerName="DEMO" duration="00:00:00.8346106" startTime="2026-10-09T07:04:19.9351807+08:00" endTime="2026-10-09T07:04:20.7698845+08:00" testType="13cdc9d9-ddb5-4fa4-a97d-d965ccfc6d4b" outcome="Passed" testListId="8c84fa94-04c1-424b-9868-57a2d4851a1d" relativeResultsDirectory="d146aab2-983a-414b-b04b-e4351f701322" />
    <UnitTestResult executionId="ea2c4d8f-b5b4-4fb1-9ee3-360863717260" testId="291e94f5-c76d-7dd9-71d7-1a02a7e4c5a2" testName="Gaode.Communication.Tests.CommissioningRecoveryTests.StaleFlipFeedbackBlocksRecoveryAndNewRun" computerName="DEMO" duration="00:00:02.0382547" startTime="2026-10-09T07:04:32.4704097+08:00" endTime="2026-10-09T07:04:34.5088702+08:00" testType="13cdc9d9-ddb5-4fa4-a97d-d965ccfc6d4b" outcome="Passed" testListId="8c84fa94-04c1-424b-9868-57a2d4851a1d" relativeResultsDirectory="ea2c4d8f-b5b4-4fb1-9ee3-360863717260" />
    <UnitTestResult executionId="1414185c-a414-4b2d-b74b-3f8b71b0c6e2" testId="9b2c71a5-148f-acf0-20a4-e4f44241ebeb" testName="Gaode.Communication.Tests.Devices.HandshakeClosureTests.ClearanceRejectsOldOrInvalidReads(fault: &quot;before-write&quot;)" computerName="DEMO" duration="00:00:00.0009835" startTime="2026-10-09T07:04:05.2627561+08:00" endTime="2026-10-09T07:04:05.2637740+08:00" testType="13cdc9d9-ddb5-4fa4-a97d-d965ccfc6d4b" outcome="Passed" testListId="8c84fa94-04c1-424b-9868-57a2d4851a1d" relativeResultsDirectory="1414185c-a414-4b2d-b74b-3f8b71b0c6e2" />
    <UnitTestResult executionId="6e3a2781-8d6c-4a3b-9965-f6053f046c92" testId="48f10811-4144-df39-fe0c-1785342ff15b" testName="Gaode.Communication.Tests.Devices.HandshakeClosureTests.UnknownWriteOrDelayedTransportDoesNotReplay(fault: AxisClearWriteResponseLost)" computerName="DEMO" duration="00:00:00.9888644" startTime="2026-10-09T07:04:01.5255859+08:00" endTime="2026-10-09T07:04:02.5144622+08:00" testType="13cdc9d9-ddb5-4fa4-a97d-d965ccfc6d4b" outcome="Passed" testListId="8c84fa94-04c1-424b-9868-57a2d4851a1d" relativeResultsDirectory="6e3a2781-8d6c-4a3b-9965-f6053f046c92" />
    <UnitTestResult executionId="94a9df32-dfbf-4e3f-a558-d63299a460b7" testId="f8539f2b-aa75-b463-1039-7e501d211002" testName="Gaode.Communication.Tests.SiteOperationHandshakeTests.SoftStopRequestsStopWithoutResetOrHomingAndHoldsUnknown" computerName="DEMO" duration="00:00:00.0583797" startTime="2026-10-09T07:04:29.3025307+08:00" endTime="2026-10-09T07:04:29.3609798+08:00" testType="13cdc9d9-ddb5-4fa4-a97d-d965ccfc6d4b" outcome="Passed" testListId="8c84fa94-04c1-424b-9868-57a2d4851a1d" relativeResultsDirectory="94a9df32-dfbf-4e3f-a558-d63299a460b7" />
    <UnitTestResult executionId="c8f39dae-8990-442b-812c-d5ab9bc927b1" testId="8ac32f01-0d83-8960-344e-b9929f512f87" testName="Gaode.Communication.Tests.SiteOperationHandshakeTests.ConfirmedPolicyDoesNotOverrideCurtainDoorOrUnknownAlarm(alarm: 256)" computerName="DEMO" duration="00:00:00.0270887" startTime="2026-10-09T07:04:20.7989645+08:00" endTime="2026-10-09T07:04:20.8261498+08:00" testType="13cdc9d9-ddb5-4fa4-a97d-d965ccfc6d4b" outcome="Passed" testListId="8c84fa94-04c1-424b-9868-57a2d4851a1d" relativeResultsDirectory="c8f39dae-8990-442b-812c-d5ab9bc927b1" />
    <UnitTestResult executionId="cf54c111-f805-47b3-b1ca-cdcec9abb00e" testId="6a459d7e-6ebe-8f31-2f01-0073751cbfd5" testName="Gaode.Communication.Tests.SiteOperationHandshakeTests.AcknowledgedClearWithoutZeroReadbackBlocksSystemReset" computerName="DEMO" duration="00:00:00.0408047" startTime="2026-10-09T07:04:25.6528099+08:00" endTime="2026-10-09T07:04:25.6937041+08:00" testType="13cdc9d9-ddb5-4fa4-a97d-d965ccfc6d4b" outcome="Passed" testListId="8c84fa94-04c1-424b-9868-57a2d4851a1d" relativeResultsDirectory="cf54c111-f805-47b3-b1ca-cdcec9abb00e" />
    <UnitTestResult executionId="b0c7d8cb-911b-4ffb-a043-0e03cc49bbf9" testId="58e77447-a046-2cd7-c0e9-99ce39f312d6" testName="Gaode.Communication.Tests.SiteOperationHandshakeTests.PcRequestNotClearedStillBlocksEvenWhenArrivalIsCorrect" computerName="DEMO" duration="00:00:02.0394633" startTime="2026-10-09T07:04:27.2628645+08:00" endTime="2026-10-09T07:04:29.3024446+08:00" testType="13cdc9d9-ddb5-4fa4-a97d-d965ccfc6d4b" outcome="Passed" testListId="8c84fa94-04c1-424b-9868-57a2d4851a1d" relativeResultsDirectory="b0c7d8cb-911b-4ffb-a043-0e03cc49bbf9" />
    <UnitTestResult executionId="39402a9e-9dcc-419a-a12e-1fd446b4474f" testId="a5ace3c4-9a69-d270-377a-91a5c934e8eb" testName="Gaode.Communication.Tests.SiteOperationHandshakeTests.StartClearsAfterFullActualXYAndZClosureAndSameCoordinateReuseStillWorks" computerName="DEMO" duration="00:00:00.7628338" startTime="2026-10-09T07:04:26.4997952+08:00" endTime="2026-10-09T07:04:27.2627837+08:00" testType="13cdc9d9-ddb5-4fa4-a97d-d965ccfc6d4b" outcome="Passed" testListId="8c84fa94-04c1-424b-9868-57a2d4851a1d" relativeResultsDirectory="39402a9e-9dcc-419a-a12e-1fd446b4474f" />
    <UnitTestResult executionId="7ae537c7-fded-4869-8dd7-ec5fcd9b0dcc" testId="fcd0ec70-f888-1a1b-7547-fbfa04f6d47c" testName="Gaode.Communication.Tests.SiteOperationHandshakeTests.ConfirmedPolicyDoesNotOverrideCurtainDoorOrUnknownAlarm(alarm: 1)" computerName="DEMO" duration="00:00:00.0287735" startTime="2026-10-09T07:04:20.7699675+08:00" endTime="2026-10-09T07:04:20.7988795+08:00" testType="13cdc9d9-ddb5-4fa4-a97d-d965ccfc6d4b" outcome="Passed" testListId="8c84fa94-04c1-424b-9868-57a2d4851a1d" relativeResultsDirectory="7ae537c7-fded-4869-8dd7-ec5fcd9b0dcc" />
    <UnitTestResult executionId="89e5c054-5199-46fd-9c22-ed1f391e775b" testId="66a52e9f-c6d7-f433-1542-ed9d67c24f2c" testName="Gaode.Communication.Tests.Devices.HandshakeClosureTests.TransitionOwnsDeviceUntilRealSqliteSaveReceipt(failReceipt: True, puttingBack: True)" computerName="DEMO" duration="00:00:01.7137946" startTime="2026-10-09T07:03:59.8115148+08:00" endTime="2026-10-09T07:04:01.5254515+08:00" testType="13cdc9d9-ddb5-4fa4-a97d-d965ccfc6d4b" outcome="Passed" testListId="8c84fa94-04c1-424b-9868-57a2d4851a1d" relativeResultsDirectory="89e5c054-5199-46fd-9c22-ed1f391e775b" />
    <UnitTestResult executionId="64130658-44e3-4c8b-8bad-dca78c5f4af6" testId="b0e03232-5caa-c257-a760-302fb218275f" testName="Gaode.Communication.Tests.CommissioningRecoveryTests.ResidualActionRequestsClearBeforeResetAndOldRunClosesDurably" computerName="DEMO" duration="00:00:00.0508926" startTime="2026-10-09T07:04:36.7617915+08:00" endTime="2026-10-09T07:04:36.8127443+08:00" testType="13cdc9d9-ddb5-4fa4-a97d-d965ccfc6d4b" outcome="Passed" testListId="8c84fa94-04c1-424b-9868-57a2d4851a1d" relativeResultsDirectory="64130658-44e3-4c8b-8bad-dca78c5f4af6" />
    <UnitTestResult executionId="2864de8d-1ee8-4e7f-ac09-af54d798a7e3" testId="028f864e-e668-4592-b8fb-699ecddb0921" testName="Gaode.Communication.Tests.Devices.SamePositionTests.StaticPositionWithoutCurrentClosureCannotReuse(cause: &quot;drift&quot;)" computerName="DEMO" duration="00:00:01.8070874" startTime="2026-10-09T07:03:47.9931929+08:00" endTime="2026-10-09T07:03:49.7953284+08:00" testType="13cdc9d9-ddb5-4fa4-a97d-d965ccfc6d4b" outcome="Passed" testListId="8c84fa94-04c1-424b-9868-57a2d4851a1d" relativeResultsDirectory="2864de8d-1ee8-4e7f-ac09-af54d798a7e3" />
    <UnitTestResult executionId="e4aa6784-4ffa-41cf-986f-5d3cefac3306" testId="07217e56-4b70-bb63-0e83-6c80afc23639" testName="Gaode.Communication.Tests.Devices.HandshakeClosureTests.InactiveGripperPlaceholderCannotDispatchWithoutSortingSafetyConfiguration" computerName="DEMO" duration="00:00:00.2603028" startTime="2026-10-09T07:04:05.0022173+08:00" endTime="2026-10-09T07:04:05.2626287+08:00" testType="13cdc9d9-ddb5-4fa4-a97d-d965ccfc6d4b" outcome="Passed" testListId="8c84fa94-04c1-424b-9868-57a2d4851a1d" relativeResultsDirectory="e4aa6784-4ffa-41cf-986f-5d3cefac3306" />
    <UnitTestResult executionId="39e5f43a-21f0-4af0-9b31-b3431a3efb22" testId="d9c76221-2763-0c1b-cfac-804a83848ff7" testName="Gaode.Communication.Tests.CommissioningRecoveryTests.RetainedPutBackCompletionStillBlocksRecovery" computerName="DEMO" duration="00:00:02.0374870" startTime="2026-10-09T07:04:34.5089447+08:00" endTime="2026-10-09T07:04:36.5466069+08:00" testType="13cdc9d9-ddb5-4fa4-a97d-d965ccfc6d4b" outcome="Passed" testListId="8c84fa94-04c1-424b-9868-57a2d4851a1d" relativeResultsDirectory="39e5f43a-21f0-4af0-9b31-b3431a3efb22" />
    <UnitTestResult executionId="ff7952ff-6d57-4371-ac1b-7f93d290652e" testId="f147e2af-2764-eca4-da02-eb4385f7c1e9" testName="Gaode.Communication.Tests.CommissioningRecoveryTests.ReadyOneWithoutThisResetOrWithoutRestorationPolicyNeverPassesRecovery" computerName="DEMO" duration="00:00:00.4437001" startTime="2026-10-09T07:04:30.0608443+08:00" endTime="2026-10-09T07:04:30.5046938+08:00" testType="13cdc9d9-ddb5-4fa4-a97d-d965ccfc6d4b" outcome="Passed" testListId="8c84fa94-04c1-424b-9868-57a2d4851a1d" relativeResultsDirectory="ff7952ff-6d57-4371-ac1b-7f93d290652e" />
    <UnitTestResult executionId="ced609aa-9636-41b1-9f3c-4969dad564d6" testId="fed900f4-32f1-3be8-2cf9-8f9725ae779d" testName="Gaode.Communication.Tests.SiteOperationHandshakeTests.ResidualPcRequestsAreClearedAndReadBeforeSystemResetEdge" computerName="DEMO" duration="00:00:00.0358397" startTime="2026-10-09T07:04:22.3807733+08:00" endTime="2026-10-09T07:04:22.4167360+08:00" testType="13cdc9d9-ddb5-4fa4-a97d-d965ccfc6d4b" outcome="Passed" testListId="8c84fa94-04c1-424b-9868-57a2d4851a1d" relativeResultsDirectory="ced609aa-9636-41b1-9f3c-4969dad564d6" />
    <UnitTestResult executionId="35c91f49-0dca-42ef-bfab-c4b817c0223c" testId="dd0771af-630c-084d-5774-5c6b7e29d385" testName="Gaode.Communication.Tests.Devices.HandshakeClosureTests.TransitionOwnsDeviceUntilRealSqliteSaveReceipt(failReceipt: True, puttingBack: False)" computerName="DEMO" duration="00:00:01.2558642" startTime="2026-10-09T07:03:57.3462293+08:00" endTime="2026-10-09T07:03:58.6024583+08:00" testType="13cdc9d9-ddb5-4fa4-a97d-d965ccfc6d4b" outcome="Passed" testListId="8c84fa94-04c1-424b-9868-57a2d4851a1d" relativeResultsDirectory="35c91f49-0dca-42ef-bfab-c4b817c0223c" />
    <UnitTestResult executionId="6e3a5e54-2c58-4e1f-bf1b-0ffd3313288c" testId="3dd2ceb6-1280-4b99-9784-9725f0c0f505" testName="Gaode.Communication.Tests.Devices.HandshakeClosureTests.FlipHoldsParentUntilPutBackWithItsOwnWindow" computerName="DEMO" duration="00:00:04.9735086" startTime="2026-10-09T07:04:05.2640500+08:00" endTime="2026-10-09T07:04:10.2376497+08:00" testType="13cdc9d9-ddb5-4fa4-a97d-d965ccfc6d4b" outcome="Passed" testListId="8c84fa94-04c1-424b-9868-57a2d4851a1d" relativeResultsDirectory="6e3a5e54-2c58-4e1f-bf1b-0ffd3313288c" />
    <UnitTestResult executionId="46f705a3-bc9f-4e7a-af2e-43234275c2f9" testId="55bf6208-a608-e197-8149-ffa07e3a8e47" testName="Gaode.Communication.Tests.CommissioningRecoveryTests.ActiveExecutionOrResourcesBlockBeforeAnyReset(activeExecution: False)" computerName="DEMO" duration="00:00:00.0265803" startTime="2026-10-09T07:04:32.1416345+08:00" endTime="2026-10-09T07:04:32.1682814+08:00" testType="13cdc9d9-ddb5-4fa4-a97d-d965ccfc6d4b" outcome="Passed" testListId="8c84fa94-04c1-424b-9868-57a2d4851a1d" relativeResultsDirectory="46f705a3-bc9f-4e7a-af2e-43234275c2f9" />
    <UnitTestResult executionId="c0d3a735-6a6a-4ae8-bb40-26e38726677e" testId="397f9326-8e3d-ef4d-151d-58b9264b2405" testName="Gaode.Communication.Tests.SiteOperationHandshakeTests.ManualResetDoesNotPermitStart" computerName="DEMO" duration="00:00:00.0314802" startTime="2026-10-09T07:04:25.7281369+08:00" endTime="2026-10-09T07:04:25.7597054+08:00" testType="13cdc9d9-ddb5-4fa4-a97d-d965ccfc6d4b" outcome="Passed" testListId="8c84fa94-04c1-424b-9868-57a2d4851a1d" relativeResultsDirectory="c0d3a735-6a6a-4ae8-bb40-26e38726677e" />
    <UnitTestResult executionId="7135905f-1256-4aa7-b407-9c07b44ff487" testId="c01ccc49-5ba1-cf23-2582-17887df5c9ff" testName="Gaode.Communication.Tests.CommissioningRecoveryTests.InterruptedResetRecordsCancellationObservationAndKeepsOldRunHeld(cancelRequest: False)" computerName="DEMO" duration="00:00:01.5583707" startTime="2026-10-09T07:04:30.5048122+08:00" endTime="2026-10-09T07:04:32.0635552+08:00" testType="13cdc9d9-ddb5-4fa4-a97d-d965ccfc6d4b" outcome="Passed" testListId="8c84fa94-04c1-424b-9868-57a2d4851a1d" relativeResultsDirectory="7135905f-1256-4aa7-b407-9c07b44ff487" />
    <UnitTestResult executionId="0b20a78f-2a6d-42ac-b157-0c2476d1e530" testId="33c0e5ad-1a2e-e3a9-2777-50fb737c01b3" testName="Gaode.Communication.Tests.SiteOperationHandshakeTests.RotationRetainsArrivalAcrossTwoChangedAngles" computerName="DEMO" duration="00:00:00.7398205" startTime="2026-10-09T07:04:25.7597803+08:00" endTime="2026-10-09T07:04:26.4997140+08:00" testType="13cdc9d9-ddb5-4fa4-a97d-d965ccfc6d4b" outcome="Passed" testListId="8c84fa94-04c1-424b-9868-57a2d4851a1d" relativeResultsDirectory="0b20a78f-2a6d-42ac-b157-0c2476d1e530" />
    <UnitTestResult executionId="79162a33-f681-45dd-a442-1cd7e15c7c9f" testId="e4f4f7b4-68aa-c002-c837-3c41c4632dda" testName="Gaode.Communication.Tests.SiteOperationHandshakeTests.StartupAwayFromSafeZeroDoesNotSendStartOrMotion" computerName="DEMO" duration="00:00:00.0294393" startTime="2026-10-09T07:04:24.8862461+08:00" endTime="2026-10-09T07:04:24.9157306+08:00" testType="13cdc9d9-ddb5-4fa4-a97d-d965ccfc6d4b" outcome="Passed" testListId="8c84fa94-04c1-424b-9868-57a2d4851a1d" relativeResultsDirectory="79162a33-f681-45dd-a442-1cd7e15c7c9f" />
    <UnitTestResult executionId="67fe1a10-4f6a-4709-8e94-3d8590197777" testId="98ca9731-6a72-1517-3af9-07280117e1e5" testName="Gaode.Communication.Tests.SiteOperationHandshakeTests.ResetWaitsForFreshReadyAfterRequestInsteadOfUsingEarlierReady(initiallySoftStopped: True)" computerName="DEMO" duration="00:00:00.2386468" startTime="2026-10-09T07:04:22.1419730+08:00" endTime="2026-10-09T07:04:22.3806931+08:00" testType="13cdc9d9-ddb5-4fa4-a97d-d965ccfc6d4b" outcome="Passed" testListId="8c84fa94-04c1-424b-9868-57a2d4851a1d" relativeResultsDirectory="67fe1a10-4f6a-4709-8e94-3d8590197777" />
    <UnitTestResult executionId="1c6cac27-8b95-4799-b50d-02a775dfb4f1" testId="789a1cd4-ecd5-c64d-ba0b-51ada6ca9ca0" testName="Gaode.Communication.Tests.Devices.HandshakeClosureTests.AxisArrivalRetentionDoesNotWaitForFeedbackClearDelay" computerName="DEMO" duration="00:00:00.5439578" startTime="2026-10-09T07:04:16.8641291+08:00" endTime="2026-10-09T07:04:17.4081956+08:00" testType="13cdc9d9-ddb5-4fa4-a97d-d965ccfc6d4b" outcome="Passed" testListId="8c84fa94-04c1-424b-9868-57a2d4851a1d" relativeResultsDirectory="1c6cac27-8b95-4799-b50d-02a775dfb4f1" />
    <UnitTestResult executionId="d3869633-8e9b-4409-94e6-08f771371101" testId="36b15e3f-9105-97a5-1ad3-2e834fd51ef9" testName="Gaode.Communication.Tests.CommissioningRecoveryTests.FaultedNeverOpenedCameraCanCloseOldRunWithoutBecomingCaptureReady" computerName="DEMO" duration="00:00:00.2573448" startTime="2026-10-09T07:04:32.1683583+08:00" endTime="2026-10-09T07:04:32.4258451+08:00" testType="13cdc9d9-ddb5-4fa4-a97d-d965ccfc6d4b" outcome="Passed" testListId="8c84fa94-04c1-424b-9868-57a2d4851a1d" relativeResultsDirectory="d3869633-8e9b-4409-94e6-08f771371101" />
    <UnitTestResult executionId="e5a8e8a9-dd36-43a0-84b8-508efd966b11" testId="b6d36092-43c9-7847-06e4-d48bc67ef5c0" testName="Gaode.Communication.Tests.Devices.SamePositionTests.StaticPositionWithoutCurrentClosureCannotReuse(cause: &quot;reset&quot;)" computerName="DEMO" duration="00:00:01.0018705" startTime="2026-10-09T07:03:49.7962423+08:00" endTime="2026-10-09T07:03:50.7974092+08:00" testType="13cdc9d9-ddb5-4fa4-a97d-d965ccfc6d4b" outcome="Passed" testListId="8c84fa94-04c1-424b-9868-57a2d4851a1d" relativeResultsDirectory="e5a8e8a9-dd36-43a0-84b8-508efd966b11" />
    <UnitTestResult executionId="94eb3ffb-a5fa-421c-982e-9cee85f9e200" testId="7d106857-df16-65f4-742a-0daf6223ecf0" testName="Gaode.Communication.Tests.Devices.HandshakeClosureTests.ClearanceRejectsOldOrInvalidReads(fault: &quot;expired&quot;)" computerName="DEMO" duration="00:00:00.0000129" startTime="2026-10-09T07:04:05.2640064+08:00" endTime="2026-10-09T07:04:05.2640188+08:00" testType="13cdc9d9-ddb5-4fa4-a97d-d965ccfc6d4b" outcome="Passed" testListId="8c84fa94-04c1-424b-9868-57a2d4851a1d" relativeResultsDirectory="94eb3ffb-a5fa-421c-982e-9cee85f9e200" />
    <UnitTestResult executionId="03e050ce-51bd-4b94-ab06-2739dfeda141" testId="403dd66a-9951-0caa-b652-3226f7c597bf" testName="Gaode.Communication.Tests.Devices.HandshakeClosureTests.SortingUsesActualCommitAndFinalSafetyBeforeParentClear(omitIntent: False)" computerName="DEMO" duration="00:00:05.1751941" startTime="2026-10-09T07:04:10.2379123+08:00" endTime="2026-10-09T07:04:15.4131048+08:00" testType="13cdc9d9-ddb5-4fa4-a97d-d965ccfc6d4b" outcome="Passed" testListId="8c84fa94-04c1-424b-9868-57a2d4851a1d" relativeResultsDirectory="03e050ce-51bd-4b94-ab06-2739dfeda141" />
    <UnitTestResult executionId="1cb4a449-dc0b-44ef-908b-abb8de55f8c5" testId="7923ee32-0c4b-d942-01cc-b423129530c3" testName="Gaode.Communication.Tests.Devices.HandshakeClosureTests.TransitionOwnsDeviceUntilRealSqliteSaveReceipt(failReceipt: False, puttingBack: False)" computerName="DEMO" duration="00:00:01.0650792" startTime="2026-10-09T07:03:56.2809418+08:00" endTime="2026-10-09T07:03:57.3461031+08:00" testType="13cdc9d9-ddb5-4fa4-a97d-d965ccfc6d4b" outcome="Passed" testListId="8c84fa94-04c1-424b-9868-57a2d4851a1d" relativeResultsDirectory="1cb4a449-dc0b-44ef-908b-abb8de55f8c5" />
    <UnitTestResult executionId="cbbd3d21-309f-4efb-8e36-352cd569d35b" testId="3c5d4162-ff76-8c58-c986-e3f55b02d763" testName="Gaode.Communication.Tests.Devices.SamePositionTests.RepeatedTargetsReuseOnlySatisfiedAxes(x: 11, y: 22, z: 33, expected: &quot;&quot;)" computerName="DEMO" duration="00:00:00.7877949" startTime="2026-10-09T07:03:50.7983949+08:00" endTime="2026-10-09T07:03:51.5859947+08:00" testType="13cdc9d9-ddb5-4fa4-a97d-d965ccfc6d4b" outcome="Passed" testListId="8c84fa94-04c1-424b-9868-57a2d4851a1d" relativeResultsDirectory="cbbd3d21-309f-4efb-8e36-352cd569d35b" />
    <UnitTestResult executionId="568b3f82-80e1-49a3-b804-590bfe4f8656" testId="9605d621-3176-d3f4-bb5d-feb97ce91d03" testName="Gaode.Communication.Tests.CommissioningRecoveryTests.FullResetDurablyClosesLiveOrRehydratedOldRunAndAllowsExplicitNewRun(rehydrated: False)" computerName="DEMO" duration="00:00:00.0558821" startTime="2026-10-09T07:04:29.5488948+08:00" endTime="2026-10-09T07:04:29.6048281+08:00" testType="13cdc9d9-ddb5-4fa4-a97d-d965ccfc6d4b" outcome="Passed" testListId="8c84fa94-04c1-424b-9868-57a2d4851a1d" relativeResultsDirectory="568b3f82-80e1-49a3-b804-590bfe4f8656" />
    <UnitTestResult executionId="11cc276d-3b49-4eda-a74a-0a3ff32d3385" testId="3a6e5a79-d0a4-3967-2b0c-a49906c11f1c" testName="Gaode.Communication.Tests.CommissioningRecoveryTests.ActiveExecutionOrResourcesBlockBeforeAnyReset(activeExecution: True)" computerName="DEMO" duration="00:00:00.0279180" startTime="2026-10-09T07:04:32.1135902+08:00" endTime="2026-10-09T07:04:32.1415710+08:00" testType="13cdc9d9-ddb5-4fa4-a97d-d965ccfc6d4b" outcome="Passed" testListId="8c84fa94-04c1-424b-9868-57a2d4851a1d" relativeResultsDirectory="11cc276d-3b49-4eda-a74a-0a3ff32d3385" />
    <UnitTestResult executionId="72ab4a3e-d846-4f53-8b67-683c15e396ca" testId="3d76f878-7baa-4040-fa0a-0d83a02becd7" testName="Gaode.Communication.Tests.SiteOperationHandshakeTests.PreviousResetRequestIsNotClearedOrReplayed" computerName="DEMO" duration="00:00:00.0341666" startTime="2026-10-09T07:04:25.6937892+08:00" endTime="2026-10-09T07:04:25.7280644+08:00" testType="13cdc9d9-ddb5-4fa4-a97d-d965ccfc6d4b" outcome="Passed" testListId="8c84fa94-04c1-424b-9868-57a2d4851a1d" relativeResultsDirectory="72ab4a3e-d846-4f53-8b67-683c15e396ca" />
    <UnitTestResult executionId="75890d84-9f61-4844-a8ea-460ed9234d57" testId="0a6d705d-d06f-fd58-1d10-5e4b2c57af51" testName="Gaode.Communication.Tests.SiteOperationHandshakeTests.OldArrivalAndEvenTargetCoordinatesCannotCompleteWithoutNewMoving" computerName="DEMO" duration="00:00:01.0423685" startTime="2026-10-09T07:04:20.8532454+08:00" endTime="2026-10-09T07:04:21.8957778+08:00" testType="13cdc9d9-ddb5-4fa4-a97d-d965ccfc6d4b" outcome="Passed" testListId="8c84fa94-04c1-424b-9868-57a2d4851a1d" relativeResultsDirectory="75890d84-9f61-4844-a8ea-460ed9234d57" />
    <UnitTestResult executionId="2c323578-8337-4fd6-9cba-b94d67e067ca" testId="f519da79-9063-21d2-dfcf-37386682c5c3" testName="Gaode.Communication.Tests.Devices.HandshakeClosureTests.TransitionOwnsDeviceUntilRealSqliteSaveReceipt(failReceipt: False, puttingBack: True)" computerName="DEMO" duration="00:00:01.2087443" startTime="2026-10-09T07:03:58.6025849+08:00" endTime="2026-10-09T07:03:59.8114082+08:00" testType="13cdc9d9-ddb5-4fa4-a97d-d965ccfc6d4b" outcome="Passed" testListId="8c84fa94-04c1-424b-9868-57a2d4851a1d" relativeResultsDirectory="2c323578-8337-4fd6-9cba-b94d67e067ca" />
    <UnitTestResult executionId="c902a984-a26a-40d4-b760-927213bdbf4a" testId="09787cc1-0164-870e-fb0b-2366eac47b7c" testName="Gaode.Communication.Tests.SiteOperationHandshakeTests.ConfirmedPolicyDoesNotOverrideCurtainDoorOrUnknownAlarm(alarm: 4)" computerName="DEMO" duration="00:00:00.0268342" startTime="2026-10-09T07:04:20.8262348+08:00" endTime="2026-10-09T07:04:20.8531542+08:00" testType="13cdc9d9-ddb5-4fa4-a97d-d965ccfc6d4b" outcome="Passed" testListId="8c84fa94-04c1-424b-9868-57a2d4851a1d" relativeResultsDirectory="c902a984-a26a-40d4-b760-927213bdbf4a" />
  </Results>
  <TestDefinitions>
    <UnitTest name="Gaode.Communication.Tests.CommissioningRecoveryTests.InterruptedResetRecordsCancellationObservationAndKeepsOldRunHeld(cancelRequest: True)" storage="c:\temp\g11\backend\tests\gaode.communication.tests\bin\debug\net10.0\gaode.communication.tests.dll" id="8daa2e1d-7a9e-5009-9b5b-e8f6829c8986">
      <Execution id="36bc08bf-4907-47e5-aaa3-2c38a0301e99" />
      <TestMethod codeBase="C:\Temp\g11\backend\tests\Gaode.Communication.Tests\bin\Debug\net10.0\Gaode.Communication.Tests.dll" adapterTypeName="executor://xunit/VsTestRunner3/netcore/" className="Gaode.Communication.Tests.CommissioningRecoveryTests" name="InterruptedResetRecordsCancellationObservationAndKeepsOldRunHeld" />
    </UnitTest>
    <UnitTest name="Gaode.Communication.Tests.SiteOperationHandshakeTests.ConfirmedPolicyDoesNotOverrideCurtainDoorOrUnknownAlarm(alarm: 1)" storage="c:\temp\g11\backend\tests\gaode.communication.tests\bin\debug\net10.0\gaode.communication.tests.dll" id="fcd0ec70-f888-1a1b-7547-fbfa04f6d47c">
      <Execution id="7ae537c7-fded-4869-8dd7-ec5fcd9b0dcc" />
      <TestMethod codeBase="C:\Temp\g11\backend\tests\Gaode.Communication.Tests\bin\Debug\net10.0\Gaode.Communication.Tests.dll" adapterTypeName="executor://xunit/VsTestRunner3/netcore/" className="Gaode.Communication.Tests.SiteOperationHandshakeTests" name="ConfirmedPolicyDoesNotOverrideCurtainDoorOrUnknownAlarm" />
    </UnitTest>
    <UnitTest name="Gaode.Communication.Tests.Devices.HandshakeClosureTests.TransitionOwnsDeviceUntilRealSqliteSaveReceipt(failReceipt: False, puttingBack: False)" storage="c:\temp\g11\backend\tests\gaode.communication.tests\bin\debug\net10.0\gaode.communication.tests.dll" id="7923ee32-0c4b-d942-01cc-b423129530c3">
      <Execution id="1cb4a449-dc0b-44ef-908b-abb8de55f8c5" />
      <TestMethod codeBase="C:\Temp\g11\backend\tests\Gaode.Communication.Tests\bin\Debug\net10.0\Gaode.Communication.Tests.dll" adapterTypeName="executor://xunit/VsTestRunner3/netcore/" className="Gaode.Communication.Tests.Devices.HandshakeClosureTests" name="TransitionOwnsDeviceUntilRealSqliteSaveReceipt" />
    </UnitTest>
    <UnitTest name="Gaode.Communication.Tests.Devices.SamePositionTests.StaticPositionWithoutCurrentClosureCannotReuse(cause: &quot;initial&quot;)" storage="c:\temp\g11\backend\tests\gaode.communication.tests\bin\debug\net10.0\gaode.communication.tests.dll" id="72dcb248-fb30-f131-50de-03d92f843c4e">
      <Execution id="fff8a9b3-e6be-4029-ba7e-eb0630b3a7a0" />
      <TestMethod codeBase="C:\Temp\g11\backend\tests\Gaode.Communication.Tests\bin\Debug\net10.0\Gaode.Communication.Tests.dll" adapterTypeName="executor://xunit/VsTestRunner3/netcore/" className="Gaode.Communication.Tests.Devices.SamePositionTests" name="StaticPositionWithoutCurrentClosureCannotReuse" />
    </UnitTest>
    <UnitTest name="Gaode.Communication.Tests.SiteOperationHandshakeTests.PreviousResetRequestIsNotClearedOrReplayed" storage="c:\temp\g11\backend\tests\gaode.communication.tests\bin\debug\net10.0\gaode.communication.tests.dll" id="3d76f878-7baa-4040-fa0a-0d83a02becd7">
      <Execution id="72ab4a3e-d846-4f53-8b67-683c15e396ca" />
      <TestMethod codeBase="C:\Temp\g11\backend\tests\Gaode.Communication.Tests\bin\Debug\net10.0\Gaode.Communication.Tests.dll" adapterTypeName="executor://xunit/VsTestRunner3/netcore/" className="Gaode.Communication.Tests.SiteOperationHandshakeTests" name="PreviousResetRequestIsNotClearedOrReplayed" />
    </UnitTest>
    <UnitTest name="Gaode.Communication.Tests.CommissioningRecoveryTests.ManualResetWithRetainedAxisArrivalsClosesOldRunButCannotStartMotion" storage="c:\temp\g11\backend\tests\gaode.communication.tests\bin\debug\net10.0\gaode.communication.tests.dll" id="e7e43bb6-0456-eb4c-5f54-a4cf028bd3d7">
      <Execution id="fb83cd5a-0c31-4faf-9a1a-7da2ba900071" />
      <TestMethod codeBase="C:\Temp\g11\backend\tests\Gaode.Communication.Tests\bin\Debug\net10.0\Gaode.Communication.Tests.dll" adapterTypeName="executor://xunit/VsTestRunner3/netcore/" className="Gaode.Communication.Tests.CommissioningRecoveryTests" name="ManualResetWithRetainedAxisArrivalsClosesOldRunButCannotStartMotion" />
    </UnitTest>
    <UnitTest name="Gaode.Communication.Tests.Devices.SamePositionTests.RepeatedTargetsReuseOnlySatisfiedAxes(x: 11, y: 22, z: 33, expected: &quot;&quot;)" storage="c:\temp\g11\backend\tests\gaode.communication.tests\bin\debug\net10.0\gaode.communication.tests.dll" id="3c5d4162-ff76-8c58-c986-e3f55b02d763">
      <Execution id="cbbd3d21-309f-4efb-8e36-352cd569d35b" />
      <TestMethod codeBase="C:\Temp\g11\backend\tests\Gaode.Communication.Tests\bin\Debug\net10.0\Gaode.Communication.Tests.dll" adapterTypeName="executor://xunit/VsTestRunner3/netcore/" className="Gaode.Communication.Tests.Devices.SamePositionTests" name="RepeatedTargetsReuseOnlySatisfiedAxes" />
    </UnitTest>
    <UnitTest name="Gaode.Communication.Tests.Devices.HandshakeClosureTests.TransitionOwnsDeviceUntilRealSqliteSaveReceipt(failReceipt: False, puttingBack: True)" storage="c:\temp\g11\backend\tests\gaode.communication.tests\bin\debug\net10.0\gaode.communication.tests.dll" id="f519da79-9063-21d2-dfcf-37386682c5c3">
      <Execution id="2c323578-8337-4fd6-9cba-b94d67e067ca" />
      <TestMethod codeBase="C:\Temp\g11\backend\tests\Gaode.Communication.Tests\bin\Debug\net10.0\Gaode.Communication.Tests.dll" adapterTypeName="executor://xunit/VsTestRunner3/netcore/" className="Gaode.Communication.Tests.Devices.HandshakeClosureTests" name="TransitionOwnsDeviceUntilRealSqliteSaveReceipt" />
    </UnitTest>
    <UnitTest name="Gaode.Communication.Tests.CommissioningRecoveryTests.ActiveExecutionOrResourcesBlockBeforeAnyReset(activeExecution: True)" storage="c:\temp\g11\backend\tests\gaode.communication.tests\bin\debug\net10.0\gaode.communication.tests.dll" id="3a6e5a79-d0a4-3967-2b0c-a49906c11f1c">
      <Execution id="11cc276d-3b49-4eda-a74a-0a3ff32d3385" />
      <TestMethod codeBase="C:\Temp\g11\backend\tests\Gaode.Communication.Tests\bin\Debug\net10.0\Gaode.Communication.Tests.dll" adapterTypeName="executor://xunit/VsTestRunner3/netcore/" className="Gaode.Communication.Tests.CommissioningRecoveryTests" name="ActiveExecutionOrResourcesBlockBeforeAnyReset" />
    </UnitTest>
    <UnitTest name="Gaode.Communication.Tests.Devices.HandshakeClosureTests.InactiveGripperPlaceholderCannotDispatchWithoutSortingSafetyConfiguration" storage="c:\temp\g11\backend\tests\gaode.communication.tests\bin\debug\net10.0\gaode.communication.tests.dll" id="07217e56-4b70-bb63-0e83-6c80afc23639">
      <Execution id="e4aa6784-4ffa-41cf-986f-5d3cefac3306" />
      <TestMethod codeBase="C:\Temp\g11\backend\tests\Gaode.Communication.Tests\bin\Debug\net10.0\Gaode.Communication.Tests.dll" adapterTypeName="executor://xunit/VsTestRunner3/netcore/" className="Gaode.Communication.Tests.Devices.HandshakeClosureTests" name="InactiveGripperPlaceholderCannotDispatchWithoutSortingSafetyConfiguration" />
    </UnitTest>
    <UnitTest name="Gaode.Communication.Tests.SiteOperationHandshakeTests.ResetArrivalCannotSubstituteForCompletedSameCoordinateAction" storage="c:\temp\g11\backend\tests\gaode.communication.tests\bin\debug\net10.0\gaode.communication.tests.dll" id="7bba27fa-4a13-705e-4c88-e7f92383fff6">
      <Execution id="30b60f82-39eb-4737-9d19-d5cdcee7b4ec" />
      <TestMethod codeBase="C:\Temp\g11\backend\tests\Gaode.Communication.Tests\bin\Debug\net10.0\Gaode.Communication.Tests.dll" adapterTypeName="executor://xunit/VsTestRunner3/netcore/" className="Gaode.Communication.Tests.SiteOperationHandshakeTests" name="ResetArrivalCannotSubstituteForCompletedSameCoordinateAction" />
    </UnitTest>
    <UnitTest name="Gaode.Communication.Tests.SiteOperationHandshakeTests.RetainedArrivalAllowsChangedXThenSameYAndDetectionZAndFullReuse" storage="c:\temp\g11\backend\tests\gaode.communication.tests\bin\debug\net10.0\gaode.communication.tests.dll" id="57c27512-9bd0-c9ad-28dc-990a62f69c2b">
      <Execution id="d146aab2-983a-414b-b04b-e4351f701322" />
      <TestMethod codeBase="C:\Temp\g11\backend\tests\Gaode.Communication.Tests\bin\Debug\net10.0\Gaode.Communication.Tests.dll" adapterTypeName="executor://xunit/VsTestRunner3/netcore/" className="Gaode.Communication.Tests.SiteOperationHandshakeTests" name="RetainedArrivalAllowsChangedXThenSameYAndDetectionZAndFullReuse" />
    </UnitTest>
    <UnitTest name="Gaode.Communication.Tests.Devices.HandshakeClosureTests.FlipHoldsParentUntilPutBackWithItsOwnWindow" storage="c:\temp\g11\backend\tests\gaode.communication.tests\bin\debug\net10.0\gaode.communication.tests.dll" id="3dd2ceb6-1280-4b99-9784-9725f0c0f505">
      <Execution id="6e3a5e54-2c58-4e1f-bf1b-0ffd3313288c" />
      <TestMethod codeBase="C:\Temp\g11\backend\tests\Gaode.Communication.Tests\bin\Debug\net10.0\Gaode.Communication.Tests.dll" adapterTypeName="executor://xunit/VsTestRunner3/netcore/" className="Gaode.Communication.Tests.Devices.HandshakeClosureTests" name="FlipHoldsParentUntilPutBackWithItsOwnWindow" />
    </UnitTest>
    <UnitTest name="Gaode.Communication.Tests.CommissioningRecoveryTests.StaleFlipFeedbackBlocksRecoveryAndNewRun" storage="c:\temp\g11\backend\tests\gaode.communication.tests\bin\debug\net10.0\gaode.communication.tests.dll" id="291e94f5-c76d-7dd9-71d7-1a02a7e4c5a2">
      <Execution id="ea2c4d8f-b5b4-4fb1-9ee3-360863717260" />
      <TestMethod codeBase="C:\Temp\g11\backend\tests\Gaode.Communication.Tests\bin\Debug\net10.0\Gaode.Communication.Tests.dll" adapterTypeName="executor://xunit/VsTestRunner3/netcore/" className="Gaode.Communication.Tests.CommissioningRecoveryTests" name="StaleFlipFeedbackBlocksRecoveryAndNewRun" />
    </UnitTest>
    <UnitTest name="Gaode.Communication.Tests.Devices.HandshakeClosureTests.UnknownWriteOrDelayedTransportDoesNotReplay(fault: AxisClearWriteResponseLost)" storage="c:\temp\g11\backend\tests\gaode.communication.tests\bin\debug\net10.0\gaode.communication.tests.dll" id="48f10811-4144-df39-fe0c-1785342ff15b">
      <Execution id="6e3a2781-8d6c-4a3b-9965-f6053f046c92" />
      <TestMethod codeBase="C:\Temp\g11\backend\tests\Gaode.Communication.Tests\bin\Debug\net10.0\Gaode.Communication.Tests.dll" adapterTypeName="executor://xunit/VsTestRunner3/netcore/" className="Gaode.Communication.Tests.Devices.HandshakeClosureTests" name="UnknownWriteOrDelayedTransportDoesNotReplay" />
    </UnitTest>
    <UnitTest name="Gaode.Communication.Tests.SiteOperationHandshakeTests.ScanAndGrabAxesRetainArrivalAcrossChangedAndSameTargets" storage="c:\temp\g11\backend\tests\gaode.communication.tests\bin\debug\net10.0\gaode.communication.tests.dll" id="49b6e124-2234-40b1-0e04-750b8eb65929">
      <Execution id="2acdf89b-7b0b-4da5-a6e0-5b968ea85db6" />
      <TestMethod codeBase="C:\Temp\g11\backend\tests\Gaode.Communication.Tests\bin\Debug\net10.0\Gaode.Communication.Tests.dll" adapterTypeName="executor://xunit/VsTestRunner3/netcore/" className="Gaode.Communication.Tests.SiteOperationHandshakeTests" name="ScanAndGrabAxesRetainArrivalAcrossChangedAndSameTargets" />
    </UnitTest>
    <UnitTest name="Gaode.Communication.Tests.SiteOperationHandshakeTests.ResidualPcRequestsAreClearedAndReadBeforeSystemResetEdge" storage="c:\temp\g11\backend\tests\gaode.communication.tests\bin\debug\net10.0\gaode.communication.tests.dll" id="fed900f4-32f1-3be8-2cf9-8f9725ae779d">
      <Execution id="ced609aa-9636-41b1-9f3c-4969dad564d6" />
      <TestMethod codeBase="C:\Temp\g11\backend\tests\Gaode.Communication.Tests\bin\Debug\net10.0\Gaode.Communication.Tests.dll" adapterTypeName="executor://xunit/VsTestRunner3/netcore/" className="Gaode.Communication.Tests.SiteOperationHandshakeTests" name="ResidualPcRequestsAreClearedAndReadBeforeSystemResetEdge" />
    </UnitTest>
    <UnitTest name="Gaode.Communication.Tests.Devices.HandshakeClosureTests.SortingUsesActualCommitAndFinalSafetyBeforeParentClear(omitIntent: False)" storage="c:\temp\g11\backend\tests\gaode.communication.tests\bin\debug\net10.0\gaode.communication.tests.dll" id="403dd66a-9951-0caa-b652-3226f7c597bf">
      <Execution id="03e050ce-51bd-4b94-ab06-2739dfeda141" />
      <TestMethod codeBase="C:\Temp\g11\backend\tests\Gaode.Communication.Tests\bin\Debug\net10.0\Gaode.Communication.Tests.dll" adapterTypeName="executor://xunit/VsTestRunner3/netcore/" className="Gaode.Communication.Tests.Devices.HandshakeClosureTests" name="SortingUsesActualCommitAndFinalSafetyBeforeParentClear" />
    </UnitTest>
    <UnitTest name="Gaode.Communication.Tests.CommissioningRecoveryTests.ReadyOneWithoutThisResetOrWithoutRestorationPolicyNeverPassesRecovery" storage="c:\temp\g11\backend\tests\gaode.communication.tests\bin\debug\net10.0\gaode.communication.tests.dll" id="f147e2af-2764-eca4-da02-eb4385f7c1e9">
      <Execution id="ff7952ff-6d57-4371-ac1b-7f93d290652e" />
      <TestMethod codeBase="C:\Temp\g11\backend\tests\Gaode.Communication.Tests\bin\Debug\net10.0\Gaode.Communication.Tests.dll" adapterTypeName="executor://xunit/VsTestRunner3/netcore/" className="Gaode.Communication.Tests.CommissioningRecoveryTests" name="ReadyOneWithoutThisResetOrWithoutRestorationPolicyNeverPassesRecovery" />
    </UnitTest>
    <UnitTest name="Gaode.Communication.Tests.Devices.HandshakeClosureTests.DisconnectWhileWaitingClearCannotStartSuccessor" storage="c:\temp\g11\backend\tests\gaode.communication.tests\bin\debug\net10.0\gaode.communication.tests.dll" id="91302dea-0254-6079-2828-0fc1bfdaa4d4">
      <Execution id="0d7805c1-0235-492b-b5e9-8917d39b5670" />
      <TestMethod codeBase="C:\Temp\g11\backend\tests\Gaode.Communication.Tests\bin\Debug\net10.0\Gaode.Communication.Tests.dll" adapterTypeName="executor://xunit/VsTestRunner3/netcore/" className="Gaode.Communication.Tests.Devices.HandshakeClosureTests" name="DisconnectWhileWaitingClearCannotStartSuccessor" />
    </UnitTest>
    <UnitTest name="Gaode.Communication.Tests.Devices.HandshakeClosureTests.UnknownWriteOrDelayedTransportDoesNotReplay(fault: AxisWriteResponseLost)" storage="c:\temp\g11\backend\tests\gaode.communication.tests\bin\debug\net10.0\gaode.communication.tests.dll" id="274fa7c0-a5a9-d22f-e366-fd91b7732bc9">
      <Execution id="16c544c5-ebd6-4881-9a88-2473a72c9729" />
      <TestMethod codeBase="C:\Temp\g11\backend\tests\Gaode.Communication.Tests\bin\Debug\net10.0\Gaode.Communication.Tests.dll" adapterTypeName="executor://xunit/VsTestRunner3/netcore/" className="Gaode.Communication.Tests.Devices.HandshakeClosureTests" name="UnknownWriteOrDelayedTransportDoesNotReplay" />
    </UnitTest>
    <UnitTest name="Gaode.Communication.Tests.Devices.SamePositionTests.StaticPositionWithoutCurrentClosureCannotReuse(cause: &quot;reset&quot;)" storage="c:\temp\g11\backend\tests\gaode.communication.tests\bin\debug\net10.0\gaode.communication.tests.dll" id="b6d36092-43c9-7847-06e4-d48bc67ef5c0">
      <Execution id="e5a8e8a9-dd36-43a0-84b8-508efd966b11" />
      <TestMethod codeBase="C:\Temp\g11\backend\tests\Gaode.Communication.Tests\bin\Debug\net10.0\Gaode.Communication.Tests.dll" adapterTypeName="executor://xunit/VsTestRunner3/netcore/" className="Gaode.Communication.Tests.Devices.SamePositionTests" name="StaticPositionWithoutCurrentClosureCannotReuse" />
    </UnitTest>
    <UnitTest name="Gaode.Communication.Tests.Devices.HandshakeClosureTests.ClearanceRejectsOldOrInvalidReads(fault: &quot;before-write&quot;)" storage="c:\temp\g11\backend\tests\gaode.communication.tests\bin\debug\net10.0\gaode.communication.tests.dll" id="9b2c71a5-148f-acf0-20a4-e4f44241ebeb">
      <Execution id="1414185c-a414-4b2d-b74b-3f8b71b0c6e2" />
      <TestMethod codeBase="C:\Temp\g11\backend\tests\Gaode.Communication.Tests\bin\Debug\net10.0\Gaode.Communication.Tests.dll" adapterTypeName="executor://xunit/VsTestRunner3/netcore/" className="Gaode.Communication.Tests.Devices.HandshakeClosureTests" name="ClearanceRejectsOldOrInvalidReads" />
    </UnitTest>
    <UnitTest name="Gaode.Communication.Tests.SiteOperationHandshakeTests.ResetCompletesFromFreshReadyOneWithoutObservingZero" storage="c:\temp\g11\backend\tests\gaode.communication.tests\bin\debug\net10.0\gaode.communication.tests.dll" id="ee8e5b9e-478f-6714-16d9-22fd8350e3e8">
      <Execution id="f0967e29-1681-4703-a9bf-55446be8c817" />
      <TestMethod codeBase="C:\Temp\g11\backend\tests\Gaode.Communication.Tests\bin\Debug\net10.0\Gaode.Communication.Tests.dll" adapterTypeName="executor://xunit/VsTestRunner3/netcore/" className="Gaode.Communication.Tests.SiteOperationHandshakeTests" name="ResetCompletesFromFreshReadyOneWithoutObservingZero" />
    </UnitTest>
    <UnitTest name="Gaode.Communication.Tests.SiteOperationHandshakeTests.ManualResetDoesNotPermitStart" storage="c:\temp\g11\backend\tests\gaode.communication.tests\bin\debug\net10.0\gaode.communication.tests.dll" id="397f9326-8e3d-ef4d-151d-58b9264b2405">
      <Execution id="c0d3a735-6a6a-4ae8-bb40-26e38726677e" />
      <TestMethod codeBase="C:\Temp\g11\backend\tests\Gaode.Communication.Tests\bin\Debug\net10.0\Gaode.Communication.Tests.dll" adapterTypeName="executor://xunit/VsTestRunner3/netcore/" className="Gaode.Communication.Tests.SiteOperationHandshakeTests" name="ManualResetDoesNotPermitStart" />
    </UnitTest>
    <UnitTest name="Gaode.Communication.Tests.CommissioningRecoveryTests.FullResetDurablyClosesLiveOrRehydratedOldRunAndAllowsExplicitNewRun(rehydrated: True)" storage="c:\temp\g11\backend\tests\gaode.communication.tests\bin\debug\net10.0\gaode.communication.tests.dll" id="8fcce42f-dab4-8e5d-0e8b-7561614390f2">
      <Execution id="9389568b-a19e-4039-8b29-c35614824309" />
      <TestMethod codeBase="C:\Temp\g11\backend\tests\Gaode.Communication.Tests\bin\Debug\net10.0\Gaode.Communication.Tests.dll" adapterTypeName="executor://xunit/VsTestRunner3/netcore/" className="Gaode.Communication.Tests.CommissioningRecoveryTests" name="FullResetDurablyClosesLiveOrRehydratedOldRunAndAllowsExplicitNewRun" />
    </UnitTest>
    <UnitTest name="Gaode.Communication.Tests.SiteOperationHandshakeTests.StartupAwayFromSafeZeroDoesNotSendStartOrMotion" storage="c:\temp\g11\backend\tests\gaode.communication.tests\bin\debug\net10.0\gaode.communication.tests.dll" id="e4f4f7b4-68aa-c002-c837-3c41c4632dda">
      <Execution id="79162a33-f681-45dd-a442-1cd7e15c7c9f" />
      <TestMethod codeBase="C:\Temp\g11\backend\tests\Gaode.Communication.Tests\bin\Debug\net10.0\Gaode.Communication.Tests.dll" adapterTypeName="executor://xunit/VsTestRunner3/netcore/" className="Gaode.Communication.Tests.SiteOperationHandshakeTests" name="StartupAwayFromSafeZeroDoesNotSendStartOrMotion" />
    </UnitTest>
    <UnitTest name="Gaode.Communication.Tests.Devices.HandshakeClosureTests.SixAxisMappingsClearIndependentlyAndRepeat" storage="c:\temp\g11\backend\tests\gaode.communication.tests\bin\debug\net10.0\gaode.communication.tests.dll" id="c7d7d52d-ccc4-2f63-3800-5bd5d89e13a1">
      <Execution id="56c42377-3e67-49ac-abbf-f743b7b8f0a7" />
      <TestMethod codeBase="C:\Temp\g11\backend\tests\Gaode.Communication.Tests\bin\Debug\net10.0\Gaode.Communication.Tests.dll" adapterTypeName="executor://xunit/VsTestRunner3/netcore/" className="Gaode.Communication.Tests.Devices.HandshakeClosureTests" name="SixAxisMappingsClearIndependentlyAndRepeat" />
    </UnitTest>
    <UnitTest name="Gaode.Communication.Tests.CommissioningRecoveryTests.RetainedPutBackCompletionStillBlocksRecovery" storage="c:\temp\g11\backend\tests\gaode.communication.tests\bin\debug\net10.0\gaode.communication.tests.dll" id="d9c76221-2763-0c1b-cfac-804a83848ff7">
      <Execution id="39e5f43a-21f0-4af0-9b31-b3431a3efb22" />
      <TestMethod codeBase="C:\Temp\g11\backend\tests\Gaode.Communication.Tests\bin\Debug\net10.0\Gaode.Communication.Tests.dll" adapterTypeName="executor://xunit/VsTestRunner3/netcore/" className="Gaode.Communication.Tests.CommissioningRecoveryTests" name="RetainedPutBackCompletionStillBlocksRecovery" />
    </UnitTest>
    <UnitTest name="Gaode.Communication.Tests.Devices.SamePositionTests.StaticPositionWithoutCurrentClosureCannotReuse(cause: &quot;drift&quot;)" storage="c:\temp\g11\backend\tests\gaode.communication.tests\bin\debug\net10.0\gaode.communication.tests.dll" id="028f864e-e668-4592-b8fb-699ecddb0921">
      <Execution id="2864de8d-1ee8-4e7f-ac09-af54d798a7e3" />
      <TestMethod codeBase="C:\Temp\g11\backend\tests\Gaode.Communication.Tests\bin\Debug\net10.0\Gaode.Communication.Tests.dll" adapterTypeName="executor://xunit/VsTestRunner3/netcore/" className="Gaode.Communication.Tests.Devices.SamePositionTests" name="StaticPositionWithoutCurrentClosureCannotReuse" />
    </UnitTest>
    <UnitTest name="Gaode.Communication.Tests.SiteOperationHandshakeTests.ResetPreconditionReadbackFailureNeverSendsResetOrStart" storage="c:\temp\g11\backend\tests\gaode.communication.tests\bin\debug\net10.0\gaode.communication.tests.dll" id="e730403b-8bb1-41f6-4747-17709ef24717">
      <Execution id="e58e2074-6ff5-4ab3-96ab-4871d7bd0a33" />
      <TestMethod codeBase="C:\Temp\g11\backend\tests\Gaode.Communication.Tests\bin\Debug\net10.0\Gaode.Communication.Tests.dll" adapterTypeName="executor://xunit/VsTestRunner3/netcore/" className="Gaode.Communication.Tests.SiteOperationHandshakeTests" name="ResetPreconditionReadbackFailureNeverSendsResetOrStart" />
    </UnitTest>
    <UnitTest name="Gaode.Communication.Tests.Devices.HandshakeClosureTests.ClearanceRejectsOldOrInvalidReads(fault: &quot;expired&quot;)" storage="c:\temp\g11\backend\tests\gaode.communication.tests\bin\debug\net10.0\gaode.communication.tests.dll" id="7d106857-df16-65f4-742a-0daf6223ecf0">
      <Execution id="94eb3ffb-a5fa-421c-982e-9cee85f9e200" />
      <TestMethod codeBase="C:\Temp\g11\backend\tests\Gaode.Communication.Tests\bin\Debug\net10.0\Gaode.Communication.Tests.dll" adapterTypeName="executor://xunit/VsTestRunner3/netcore/" className="Gaode.Communication.Tests.Devices.HandshakeClosureTests" name="ClearanceRejectsOldOrInvalidReads" />
    </UnitTest>
    <UnitTest name="Gaode.Communication.Tests.CommissioningRecoveryTests.FullResetDurablyClosesLiveOrRehydratedOldRunAndAllowsExplicitNewRun(rehydrated: False)" storage="c:\temp\g11\backend\tests\gaode.communication.tests\bin\debug\net10.0\gaode.communication.tests.dll" id="9605d621-3176-d3f4-bb5d-feb97ce91d03">
      <Execution id="568b3f82-80e1-49a3-b804-590bfe4f8656" />
      <TestMethod codeBase="C:\Temp\g11\backend\tests\Gaode.Communication.Tests\bin\Debug\net10.0\Gaode.Communication.Tests.dll" adapterTypeName="executor://xunit/VsTestRunner3/netcore/" className="Gaode.Communication.Tests.CommissioningRecoveryTests" name="FullResetDurablyClosesLiveOrRehydratedOldRunAndAllowsExplicitNewRun" />
    </UnitTest>
    <UnitTest name="Gaode.Communication.Tests.CommissioningRecoveryTests.FormalHostPersistenceRestartRestoresHeldRunThenDoesNotRestoreVerifiedCancelledRun" storage="c:\temp\g11\backend\tests\gaode.communication.tests\bin\debug\net10.0\gaode.communication.tests.dll" id="48717e0b-1127-c9e0-8a98-2a9413e85aac">
      <Execution id="5eef4d71-0797-4c35-8d2d-c5321bafd0e5" />
      <TestMethod codeBase="C:\Temp\g11\backend\tests\Gaode.Communication.Tests\bin\Debug\net10.0\Gaode.Communication.Tests.dll" adapterTypeName="executor://xunit/VsTestRunner3/netcore/" className="Gaode.Communication.Tests.CommissioningRecoveryTests" name="FormalHostPersistenceRestartRestoresHeldRunThenDoesNotRestoreVerifiedCancelledRun" />
    </UnitTest>
    <UnitTest name="Gaode.Communication.Tests.CommissioningRecoveryTests.ResidualActionRequestsClearBeforeResetAndOldRunClosesDurably" storage="c:\temp\g11\backend\tests\gaode.communication.tests\bin\debug\net10.0\gaode.communication.tests.dll" id="b0e03232-5caa-c257-a760-302fb218275f">
      <Execution id="64130658-44e3-4c8b-8bad-dca78c5f4af6" />
      <TestMethod codeBase="C:\Temp\g11\backend\tests\Gaode.Communication.Tests\bin\Debug\net10.0\Gaode.Communication.Tests.dll" adapterTypeName="executor://xunit/VsTestRunner3/netcore/" className="Gaode.Communication.Tests.CommissioningRecoveryTests" name="ResidualActionRequestsClearBeforeResetAndOldRunClosesDurably" />
    </UnitTest>
    <UnitTest name="Gaode.Communication.Tests.SiteOperationHandshakeTests.ResetReadyZeroTimesOutWithoutClearingOrReplaying" storage="c:\temp\g11\backend\tests\gaode.communication.tests\bin\debug\net10.0\gaode.communication.tests.dll" id="526a317b-795d-79f6-4d03-143111bf3a74">
      <Execution id="b1924b58-8601-4cd2-82fe-ca380ca81ead" />
      <TestMethod codeBase="C:\Temp\g11\backend\tests\Gaode.Communication.Tests\bin\Debug\net10.0\Gaode.Communication.Tests.dll" adapterTypeName="executor://xunit/VsTestRunner3/netcore/" className="Gaode.Communication.Tests.SiteOperationHandshakeTests" name="ResetReadyZeroTimesOutWithoutClearingOrReplaying" />
    </UnitTest>
    <UnitTest name="Gaode.Communication.Tests.CommissioningRecoveryTests.FaultedNeverOpenedCameraCanCloseOldRunWithoutBecomingCaptureReady" storage="c:\temp\g11\backend\tests\gaode.communication.tests\bin\debug\net10.0\gaode.communication.tests.dll" id="36b15e3f-9105-97a5-1ad3-2e834fd51ef9">
      <Execution id="d3869633-8e9b-4409-94e6-08f771371101" />
      <TestMethod codeBase="C:\Temp\g11\backend\tests\Gaode.Communication.Tests\bin\Debug\net10.0\Gaode.Communication.Tests.dll" adapterTypeName="executor://xunit/VsTestRunner3/netcore/" className="Gaode.Communication.Tests.CommissioningRecoveryTests" name="FaultedNeverOpenedCameraCanCloseOldRunWithoutBecomingCaptureReady" />
    </UnitTest>
    <UnitTest name="Gaode.Communication.Tests.Devices.HandshakeClosureTests.AxisArrivalRetentionDoesNotWaitForFeedbackClearDelay" storage="c:\temp\g11\backend\tests\gaode.communication.tests\bin\debug\net10.0\gaode.communication.tests.dll" id="789a1cd4-ecd5-c64d-ba0b-51ada6ca9ca0">
      <Execution id="1c6cac27-8b95-4799-b50d-02a775dfb4f1" />
      <TestMethod codeBase="C:\Temp\g11\backend\tests\Gaode.Communication.Tests\bin\Debug\net10.0\Gaode.Communication.Tests.dll" adapterTypeName="executor://xunit/VsTestRunner3/netcore/" className="Gaode.Communication.Tests.Devices.HandshakeClosureTests" name="AxisArrivalRetentionDoesNotWaitForFeedbackClearDelay" />
    </UnitTest>
    <UnitTest name="Gaode.Communication.Tests.CommissioningRecoveryTests.InterruptedResetRecordsCancellationObservationAndKeepsOldRunHeld(cancelRequest: False)" storage="c:\temp\g11\backend\tests\gaode.communication.tests\bin\debug\net10.0\gaode.communication.tests.dll" id="c01ccc49-5ba1-cf23-2582-17887df5c9ff">
      <Execution id="7135905f-1256-4aa7-b407-9c07b44ff487" />
      <TestMethod codeBase="C:\Temp\g11\backend\tests\Gaode.Communication.Tests\bin\Debug\net10.0\Gaode.Communication.Tests.dll" adapterTypeName="executor://xunit/VsTestRunner3/netcore/" className="Gaode.Communication.Tests.CommissioningRecoveryTests" name="InterruptedResetRecordsCancellationObservationAndKeepsOldRunHeld" />
    </UnitTest>
    <UnitTest name="Gaode.Communication.Tests.SiteOperationHandshakeTests.RotationRetainsArrivalAcrossTwoChangedAngles" storage="c:\temp\g11\backend\tests\gaode.communication.tests\bin\debug\net10.0\gaode.communication.tests.dll" id="33c0e5ad-1a2e-e3a9-2777-50fb737c01b3">
      <Execution id="0b20a78f-2a6d-42ac-b157-0c2476d1e530" />
      <TestMethod codeBase="C:\Temp\g11\backend\tests\Gaode.Communication.Tests\bin\Debug\net10.0\Gaode.Communication.Tests.dll" adapterTypeName="executor://xunit/VsTestRunner3/netcore/" className="Gaode.Communication.Tests.SiteOperationHandshakeTests" name="RotationRetainsArrivalAcrossTwoChangedAngles" />
    </UnitTest>
    <UnitTest name="Gaode.Communication.Tests.SiteOperationHandshakeTests.ConfirmedPolicyDoesNotOverrideCurtainDoorOrUnknownAlarm(alarm: 256)" storage="c:\temp\g11\backend\tests\gaode.communication.tests\bin\debug\net10.0\gaode.communication.tests.dll" id="8ac32f01-0d83-8960-344e-b9929f512f87">
      <Execution id="c8f39dae-8990-442b-812c-d5ab9bc927b1" />
      <TestMethod codeBase="C:\Temp\g11\backend\tests\Gaode.Communication.Tests\bin\Debug\net10.0\Gaode.Communication.Tests.dll" adapterTypeName="executor://xunit/VsTestRunner3/netcore/" className="Gaode.Communication.Tests.SiteOperationHandshakeTests" name="ConfirmedPolicyDoesNotOverrideCurtainDoorOrUnknownAlarm" />
    </UnitTest>
    <UnitTest name="Gaode.Communication.Tests.Devices.SamePositionTests.RepeatedTargetsReuseOnlySatisfiedAxes(x: 11, y: 23, z: 34, expected: &quot;Y,DetectionZ&quot;)" storage="c:\temp\g11\backend\tests\gaode.communication.tests\bin\debug\net10.0\gaode.communication.tests.dll" id="1c4b9ec4-0ab4-2e40-1081-06d4bf82c5ea">
      <Execution id="2ca8f0c3-ee74-4ee5-9160-585a2b14f7ec" />
      <TestMethod codeBase="C:\Temp\g11\backend\tests\Gaode.Communication.Tests\bin\Debug\net10.0\Gaode.Communication.Tests.dll" adapterTypeName="executor://xunit/VsTestRunner3/netcore/" className="Gaode.Communication.Tests.Devices.SamePositionTests" name="RepeatedTargetsReuseOnlySatisfiedAxes" />
    </UnitTest>
    <UnitTest name="Gaode.Communication.Tests.SiteOperationHandshakeTests.ReleasedRequestWithMovingFeedbackIsNotReportedIdle" storage="c:\temp\g11\backend\tests\gaode.communication.tests\bin\debug\net10.0\gaode.communication.tests.dll" id="bbbce9e2-9759-5694-bad1-4ea4929382cb">
      <Execution id="c5ea9fa4-3caf-4ff1-9b95-7138a70f3453" />
      <TestMethod codeBase="C:\Temp\g11\backend\tests\Gaode.Communication.Tests\bin\Debug\net10.0\Gaode.Communication.Tests.dll" adapterTypeName="executor://xunit/VsTestRunner3/netcore/" className="Gaode.Communication.Tests.SiteOperationHandshakeTests" name="ReleasedRequestWithMovingFeedbackIsNotReportedIdle" />
    </UnitTest>
    <UnitTest name="Gaode.Communication.Tests.SiteOperationHandshakeTests.AcknowledgedClearWithoutZeroReadbackBlocksSystemReset" storage="c:\temp\g11\backend\tests\gaode.communication.tests\bin\debug\net10.0\gaode.communication.tests.dll" id="6a459d7e-6ebe-8f31-2f01-0073751cbfd5">
      <Execution id="cf54c111-f805-47b3-b1ca-cdcec9abb00e" />
      <TestMethod codeBase="C:\Temp\g11\backend\tests\Gaode.Communication.Tests\bin\Debug\net10.0\Gaode.Communication.Tests.dll" adapterTypeName="executor://xunit/VsTestRunner3/netcore/" className="Gaode.Communication.Tests.SiteOperationHandshakeTests" name="AcknowledgedClearWithoutZeroReadbackBlocksSystemReset" />
    </UnitTest>
    <UnitTest name="Gaode.Communication.Tests.SiteOperationHandshakeTests.ResetWaitsForFreshReadyAfterRequestInsteadOfUsingEarlierReady(initiallySoftStopped: False)" storage="c:\temp\g11\backend\tests\gaode.communication.tests\bin\debug\net10.0\gaode.communication.tests.dll" id="3112a5fc-4dd2-bd10-033c-8c81cab69ba0">
      <Execution id="f9246264-f76f-4aae-b0ad-24ed7caa9ef3" />
      <TestMethod codeBase="C:\Temp\g11\backend\tests\Gaode.Communication.Tests\bin\Debug\net10.0\Gaode.Communication.Tests.dll" adapterTypeName="executor://xunit/VsTestRunner3/netcore/" className="Gaode.Communication.Tests.SiteOperationHandshakeTests" name="ResetWaitsForFreshReadyAfterRequestInsteadOfUsingEarlierReady" />
    </UnitTest>
    <UnitTest name="Gaode.Communication.Tests.Devices.HandshakeClosureTests.TransitionOwnsDeviceUntilRealSqliteSaveReceipt(failReceipt: True, puttingBack: False)" storage="c:\temp\g11\backend\tests\gaode.communication.tests\bin\debug\net10.0\gaode.communication.tests.dll" id="dd0771af-630c-084d-5774-5c6b7e29d385">
      <Execution id="35c91f49-0dca-42ef-bfab-c4b817c0223c" />
      <TestMethod codeBase="C:\Temp\g11\backend\tests\Gaode.Communication.Tests\bin\Debug\net10.0\Gaode.Communication.Tests.dll" adapterTypeName="executor://xunit/VsTestRunner3/netcore/" className="Gaode.Communication.Tests.Devices.HandshakeClosureTests" name="TransitionOwnsDeviceUntilRealSqliteSaveReceipt" />
    </UnitTest>
    <UnitTest name="Gaode.Communication.Tests.SiteOperationHandshakeTests.PcRequestNotClearedStillBlocksEvenWhenArrivalIsCorrect" storage="c:\temp\g11\backend\tests\gaode.communication.tests\bin\debug\net10.0\gaode.communication.tests.dll" id="58e77447-a046-2cd7-c0e9-99ce39f312d6">
      <Execution id="b0c7d8cb-911b-4ffb-a043-0e03cc49bbf9" />
      <TestMethod codeBase="C:\Temp\g11\backend\tests\Gaode.Communication.Tests\bin\Debug\net10.0\Gaode.Communication.Tests.dll" adapterTypeName="executor://xunit/VsTestRunner3/netcore/" className="Gaode.Communication.Tests.SiteOperationHandshakeTests" name="PcRequestNotClearedStillBlocksEvenWhenArrivalIsCorrect" />
    </UnitTest>
    <UnitTest name="Gaode.Communication.Tests.Devices.HandshakeClosureTests.SortingUsesActualCommitAndFinalSafetyBeforeParentClear(omitIntent: True)" storage="c:\temp\g11\backend\tests\gaode.communication.tests\bin\debug\net10.0\gaode.communication.tests.dll" id="d8dbd12e-c2dd-6023-e8cd-c93c15acfba2">
      <Execution id="782f6f8b-4478-4e51-9a1a-e1fbc4234614" />
      <TestMethod codeBase="C:\Temp\g11\backend\tests\Gaode.Communication.Tests\bin\Debug\net10.0\Gaode.Communication.Tests.dll" adapterTypeName="executor://xunit/VsTestRunner3/netcore/" className="Gaode.Communication.Tests.Devices.HandshakeClosureTests" name="SortingUsesActualCommitAndFinalSafetyBeforeParentClear" />
    </UnitTest>
    <UnitTest name="Gaode.Communication.Tests.SiteOperationHandshakeTests.StartClearsAfterFullActualXYAndZClosureAndSameCoordinateReuseStillWorks" storage="c:\temp\g11\backend\tests\gaode.communication.tests\bin\debug\net10.0\gaode.communication.tests.dll" id="a5ace3c4-9a69-d270-377a-91a5c934e8eb">
      <Execution id="39402a9e-9dcc-419a-a12e-1fd446b4474f" />
      <TestMethod codeBase="C:\Temp\g11\backend\tests\Gaode.Communication.Tests\bin\Debug\net10.0\Gaode.Communication.Tests.dll" adapterTypeName="executor://xunit/VsTestRunner3/netcore/" className="Gaode.Communication.Tests.SiteOperationHandshakeTests" name="StartClearsAfterFullActualXYAndZClosureAndSameCoordinateReuseStillWorks" />
    </UnitTest>
    <UnitTest name="Gaode.Communication.Tests.SiteOperationHandshakeTests.ReadyCompletionClearsResetRequestEvenWhenPositionVerificationBlocks" storage="c:\temp\g11\backend\tests\gaode.communication.tests\bin\debug\net10.0\gaode.communication.tests.dll" id="8fd6cf83-0ad4-f5d2-cd50-e4fe372ea361">
      <Execution id="8a465dcc-74ec-4ef4-991a-7d6d957e2674" />
      <TestMethod codeBase="C:\Temp\g11\backend\tests\Gaode.Communication.Tests\bin\Debug\net10.0\Gaode.Communication.Tests.dll" adapterTypeName="executor://xunit/VsTestRunner3/netcore/" className="Gaode.Communication.Tests.SiteOperationHandshakeTests" name="ReadyCompletionClearsResetRequestEvenWhenPositionVerificationBlocks" />
    </UnitTest>
    <UnitTest name="Gaode.Communication.Tests.SiteOperationHandshakeTests.OldArrivalAndEvenTargetCoordinatesCannotCompleteWithoutNewMoving" storage="c:\temp\g11\backend\tests\gaode.communication.tests\bin\debug\net10.0\gaode.communication.tests.dll" id="0a6d705d-d06f-fd58-1d10-5e4b2c57af51">
      <Execution id="75890d84-9f61-4844-a8ea-460ed9234d57" />
      <TestMethod codeBase="C:\Temp\g11\backend\tests\Gaode.Communication.Tests\bin\Debug\net10.0\Gaode.Communication.Tests.dll" adapterTypeName="executor://xunit/VsTestRunner3/netcore/" className="Gaode.Communication.Tests.SiteOperationHandshakeTests" name="OldArrivalAndEvenTargetCoordinatesCannotCompleteWithoutNewMoving" />
    </UnitTest>
    <UnitTest name="Gaode.Communication.Tests.CommissioningRecoveryTests.FailedCancellationSaveKeepsOldRunAndOwnersHeldDespitePhysicalReset" storage="c:\temp\g11\backend\tests\gaode.communication.tests\bin\debug\net10.0\gaode.communication.tests.dll" id="94033269-5cc7-f2d7-fe3f-9c2770d966ea">
      <Execution id="cc5e92a2-a092-4da6-b08c-7cb1a4d8e128" />
      <TestMethod codeBase="C:\Temp\g11\backend\tests\Gaode.Communication.Tests\bin\Debug\net10.0\Gaode.Communication.Tests.dll" adapterTypeName="executor://xunit/VsTestRunner3/netcore/" className="Gaode.Communication.Tests.CommissioningRecoveryTests" name="FailedCancellationSaveKeepsOldRunAndOwnersHeldDespitePhysicalReset" />
    </UnitTest>
    <UnitTest name="Gaode.Communication.Tests.SiteOperationHandshakeTests.SoftStopRequestsStopWithoutResetOrHomingAndHoldsUnknown" storage="c:\temp\g11\backend\tests\gaode.communication.tests\bin\debug\net10.0\gaode.communication.tests.dll" id="f8539f2b-aa75-b463-1039-7e501d211002">
      <Execution id="94a9df32-dfbf-4e3f-a558-d63299a460b7" />
      <TestMethod codeBase="C:\Temp\g11\backend\tests\Gaode.Communication.Tests\bin\Debug\net10.0\Gaode.Communication.Tests.dll" adapterTypeName="executor://xunit/VsTestRunner3/netcore/" className="Gaode.Communication.Tests.SiteOperationHandshakeTests" name="SoftStopRequestsStopWithoutResetOrHomingAndHoldsUnknown" />
    </UnitTest>
    <UnitTest name="Gaode.Communication.Tests.Devices.SamePositionTests.RepeatedTargetsReuseOnlySatisfiedAxes(x: 12, y: 22, z: 33, expected: &quot;X&quot;)" storage="c:\temp\g11\backend\tests\gaode.communication.tests\bin\debug\net10.0\gaode.communication.tests.dll" id="47675aff-3a4d-eeb6-cf81-89be75b16f06">
      <Execution id="371473bc-5df3-4cd5-a5bc-ba8573176de2" />
      <TestMethod codeBase="C:\Temp\g11\backend\tests\Gaode.Communication.Tests\bin\Debug\net10.0\Gaode.Communication.Tests.dll" adapterTypeName="executor://xunit/VsTestRunner3/netcore/" className="Gaode.Communication.Tests.Devices.SamePositionTests" name="RepeatedTargetsReuseOnlySatisfiedAxes" />
    </UnitTest>
    <UnitTest name="Gaode.Communication.Tests.Devices.HandshakeClosureTests.UnknownWriteOrDelayedTransportDoesNotReplay(fault: AxisResponseDelayed)" storage="c:\temp\g11\backend\tests\gaode.communication.tests\bin\debug\net10.0\gaode.communication.tests.dll" id="427fb3d9-6aa1-ee38-7f22-3d27174b0f47">
      <Execution id="914fcdb8-ea9f-4d7a-aa3b-b0d92fd33c09" />
      <TestMethod codeBase="C:\Temp\g11\backend\tests\Gaode.Communication.Tests\bin\Debug\net10.0\Gaode.Communication.Tests.dll" adapterTypeName="executor://xunit/VsTestRunner3/netcore/" className="Gaode.Communication.Tests.Devices.HandshakeClosureTests" name="UnknownWriteOrDelayedTransportDoesNotReplay" />
    </UnitTest>
    <UnitTest name="Gaode.Communication.Tests.SiteOperationHandshakeTests.ConfirmedPolicyDoesNotOverrideCurtainDoorOrUnknownAlarm(alarm: 4)" storage="c:\temp\g11\backend\tests\gaode.communication.tests\bin\debug\net10.0\gaode.communication.tests.dll" id="09787cc1-0164-870e-fb0b-2366eac47b7c">
      <Execution id="c902a984-a26a-40d4-b760-927213bdbf4a" />
      <TestMethod codeBase="C:\Temp\g11\backend\tests\Gaode.Communication.Tests\bin\Debug\net10.0\Gaode.Communication.Tests.dll" adapterTypeName="executor://xunit/VsTestRunner3/netcore/" className="Gaode.Communication.Tests.SiteOperationHandshakeTests" name="ConfirmedPolicyDoesNotOverrideCurtainDoorOrUnknownAlarm" />
    </UnitTest>
    <UnitTest name="Gaode.Communication.Tests.Devices.HandshakeClosureTests.TransitionOwnsDeviceUntilRealSqliteSaveReceipt(failReceipt: True, puttingBack: True)" storage="c:\temp\g11\backend\tests\gaode.communication.tests\bin\debug\net10.0\gaode.communication.tests.dll" id="66a52e9f-c6d7-f433-1542-ed9d67c24f2c">
      <Execution id="89e5c054-5199-46fd-9c22-ed1f391e775b" />
      <TestMethod codeBase="C:\Temp\g11\backend\tests\Gaode.Communication.Tests\bin\Debug\net10.0\Gaode.Communication.Tests.dll" adapterTypeName="executor://xunit/VsTestRunner3/netcore/" className="Gaode.Communication.Tests.Devices.HandshakeClosureTests" name="TransitionOwnsDeviceUntilRealSqliteSaveReceipt" />
    </UnitTest>
    <UnitTest name="Gaode.Communication.Tests.SiteOperationHandshakeTests.ResetWaitsForFreshReadyAfterRequestInsteadOfUsingEarlierReady(initiallySoftStopped: True)" storage="c:\temp\g11\backend\tests\gaode.communication.tests\bin\debug\net10.0\gaode.communication.tests.dll" id="98ca9731-6a72-1517-3af9-07280117e1e5">
      <Execution id="67fe1a10-4f6a-4709-8e94-3d8590197777" />
      <TestMethod codeBase="C:\Temp\g11\backend\tests\Gaode.Communication.Tests\bin\Debug\net10.0\Gaode.Communication.Tests.dll" adapterTypeName="executor://xunit/VsTestRunner3/netcore/" className="Gaode.Communication.Tests.SiteOperationHandshakeTests" name="ResetWaitsForFreshReadyAfterRequestInsteadOfUsingEarlierReady" />
    </UnitTest>
    <UnitTest name="Gaode.Communication.Tests.Devices.HandshakeClosureTests.ClearanceRejectsOldOrInvalidReads(fault: &quot;wrong-epoch&quot;)" storage="c:\temp\g11\backend\tests\gaode.communication.tests\bin\debug\net10.0\gaode.communication.tests.dll" id="0984ea54-3413-17c0-33aa-54984872cad2">
      <Execution id="5be714bb-c89b-49ea-8df1-6670658b636d" />
      <TestMethod codeBase="C:\Temp\g11\backend\tests\Gaode.Communication.Tests\bin\Debug\net10.0\Gaode.Communication.Tests.dll" adapterTypeName="executor://xunit/VsTestRunner3/netcore/" className="Gaode.Communication.Tests.Devices.HandshakeClosureTests" name="ClearanceRejectsOldOrInvalidReads" />
    </UnitTest>
    <UnitTest name="Gaode.Communication.Tests.CommissioningRecoveryTests.ActiveExecutionOrResourcesBlockBeforeAnyReset(activeExecution: False)" storage="c:\temp\g11\backend\tests\gaode.communication.tests\bin\debug\net10.0\gaode.communication.tests.dll" id="55bf6208-a608-e197-8149-ffa07e3a8e47">
      <Execution id="46f705a3-bc9f-4e7a-af2e-43234275c2f9" />
      <TestMethod codeBase="C:\Temp\g11\backend\tests\Gaode.Communication.Tests\bin\Debug\net10.0\Gaode.Communication.Tests.dll" adapterTypeName="executor://xunit/VsTestRunner3/netcore/" className="Gaode.Communication.Tests.CommissioningRecoveryTests" name="ActiveExecutionOrResourcesBlockBeforeAnyReset" />
    </UnitTest>
    <UnitTest name="Gaode.Communication.Tests.Devices.HandshakeClosureTests.AxisRetainedArrivalDoesNotRequireFeedbackClear" storage="c:\temp\g11\backend\tests\gaode.communication.tests\bin\debug\net10.0\gaode.communication.tests.dll" id="7ad18843-70b9-45fc-7ee5-ea847ff7f5a8">
      <Execution id="f16b0672-b1de-4c49-9721-f34a90dbe8af" />
      <TestMethod codeBase="C:\Temp\g11\backend\tests\Gaode.Communication.Tests\bin\Debug\net10.0\Gaode.Communication.Tests.dll" adapterTypeName="executor://xunit/VsTestRunner3/netcore/" className="Gaode.Communication.Tests.Devices.HandshakeClosureTests" name="AxisRetainedArrivalDoesNotRequireFeedbackClear" />
    </UnitTest>
  </TestDefinitions>
  <TestEntries>
    <TestEntry testId="c7d7d52d-ccc4-2f63-3800-5bd5d89e13a1" executionId="56c42377-3e67-49ac-abbf-f743b7b8f0a7" testListId="8c84fa94-04c1-424b-9868-57a2d4851a1d" />
    <TestEntry testId="e7e43bb6-0456-eb4c-5f54-a4cf028bd3d7" executionId="fb83cd5a-0c31-4faf-9a1a-7da2ba900071" testListId="8c84fa94-04c1-424b-9868-57a2d4851a1d" />
    <TestEntry testId="7ad18843-70b9-45fc-7ee5-ea847ff7f5a8" executionId="f16b0672-b1de-4c49-9721-f34a90dbe8af" testListId="8c84fa94-04c1-424b-9868-57a2d4851a1d" />
    <TestEntry testId="8fcce42f-dab4-8e5d-0e8b-7561614390f2" executionId="9389568b-a19e-4039-8b29-c35614824309" testListId="8c84fa94-04c1-424b-9868-57a2d4851a1d" />
    <TestEntry testId="e730403b-8bb1-41f6-4747-17709ef24717" executionId="e58e2074-6ff5-4ab3-96ab-4871d7bd0a33" testListId="8c84fa94-04c1-424b-9868-57a2d4851a1d" />
    <TestEntry testId="0984ea54-3413-17c0-33aa-54984872cad2" executionId="5be714bb-c89b-49ea-8df1-6670658b636d" testListId="8c84fa94-04c1-424b-9868-57a2d4851a1d" />
    <TestEntry testId="3112a5fc-4dd2-bd10-033c-8c81cab69ba0" executionId="f9246264-f76f-4aae-b0ad-24ed7caa9ef3" testListId="8c84fa94-04c1-424b-9868-57a2d4851a1d" />
    <TestEntry testId="526a317b-795d-79f6-4d03-143111bf3a74" executionId="b1924b58-8601-4cd2-82fe-ca380ca81ead" testListId="8c84fa94-04c1-424b-9868-57a2d4851a1d" />
    <TestEntry testId="7bba27fa-4a13-705e-4c88-e7f92383fff6" executionId="30b60f82-39eb-4737-9d19-d5cdcee7b4ec" testListId="8c84fa94-04c1-424b-9868-57a2d4851a1d" />
    <TestEntry testId="72dcb248-fb30-f131-50de-03d92f843c4e" executionId="fff8a9b3-e6be-4029-ba7e-eb0630b3a7a0" testListId="8c84fa94-04c1-424b-9868-57a2d4851a1d" />
    <TestEntry testId="274fa7c0-a5a9-d22f-e366-fd91b7732bc9" executionId="16c544c5-ebd6-4881-9a88-2473a72c9729" testListId="8c84fa94-04c1-424b-9868-57a2d4851a1d" />
    <TestEntry testId="48717e0b-1127-c9e0-8a98-2a9413e85aac" executionId="5eef4d71-0797-4c35-8d2d-c5321bafd0e5" testListId="8c84fa94-04c1-424b-9868-57a2d4851a1d" />
    <TestEntry testId="427fb3d9-6aa1-ee38-7f22-3d27174b0f47" executionId="914fcdb8-ea9f-4d7a-aa3b-b0d92fd33c09" testListId="8c84fa94-04c1-424b-9868-57a2d4851a1d" />
    <TestEntry testId="94033269-5cc7-f2d7-fe3f-9c2770d966ea" executionId="cc5e92a2-a092-4da6-b08c-7cb1a4d8e128" testListId="8c84fa94-04c1-424b-9868-57a2d4851a1d" />
    <TestEntry testId="8fd6cf83-0ad4-f5d2-cd50-e4fe372ea361" executionId="8a465dcc-74ec-4ef4-991a-7d6d957e2674" testListId="8c84fa94-04c1-424b-9868-57a2d4851a1d" />
    <TestEntry testId="1c4b9ec4-0ab4-2e40-1081-06d4bf82c5ea" executionId="2ca8f0c3-ee74-4ee5-9160-585a2b14f7ec" testListId="8c84fa94-04c1-424b-9868-57a2d4851a1d" />
    <TestEntry testId="91302dea-0254-6079-2828-0fc1bfdaa4d4" executionId="0d7805c1-0235-492b-b5e9-8917d39b5670" testListId="8c84fa94-04c1-424b-9868-57a2d4851a1d" />
    <TestEntry testId="bbbce9e2-9759-5694-bad1-4ea4929382cb" executionId="c5ea9fa4-3caf-4ff1-9b95-7138a70f3453" testListId="8c84fa94-04c1-424b-9868-57a2d4851a1d" />
    <TestEntry testId="47675aff-3a4d-eeb6-cf81-89be75b16f06" executionId="371473bc-5df3-4cd5-a5bc-ba8573176de2" testListId="8c84fa94-04c1-424b-9868-57a2d4851a1d" />
    <TestEntry testId="49b6e124-2234-40b1-0e04-750b8eb65929" executionId="2acdf89b-7b0b-4da5-a6e0-5b968ea85db6" testListId="8c84fa94-04c1-424b-9868-57a2d4851a1d" />
    <TestEntry testId="ee8e5b9e-478f-6714-16d9-22fd8350e3e8" executionId="f0967e29-1681-4703-a9bf-55446be8c817" testListId="8c84fa94-04c1-424b-9868-57a2d4851a1d" />
    <TestEntry testId="d8dbd12e-c2dd-6023-e8cd-c93c15acfba2" executionId="782f6f8b-4478-4e51-9a1a-e1fbc4234614" testListId="8c84fa94-04c1-424b-9868-57a2d4851a1d" />
    <TestEntry testId="8daa2e1d-7a9e-5009-9b5b-e8f6829c8986" executionId="36bc08bf-4907-47e5-aaa3-2c38a0301e99" testListId="8c84fa94-04c1-424b-9868-57a2d4851a1d" />
    <TestEntry testId="57c27512-9bd0-c9ad-28dc-990a62f69c2b" executionId="d146aab2-983a-414b-b04b-e4351f701322" testListId="8c84fa94-04c1-424b-9868-57a2d4851a1d" />
    <TestEntry testId="291e94f5-c76d-7dd9-71d7-1a02a7e4c5a2" executionId="ea2c4d8f-b5b4-4fb1-9ee3-360863717260" testListId="8c84fa94-04c1-424b-9868-57a2d4851a1d" />
    <TestEntry testId="9b2c71a5-148f-acf0-20a4-e4f44241ebeb" executionId="1414185c-a414-4b2d-b74b-3f8b71b0c6e2" testListId="8c84fa94-04c1-424b-9868-57a2d4851a1d" />
    <TestEntry testId="48f10811-4144-df39-fe0c-1785342ff15b" executionId="6e3a2781-8d6c-4a3b-9965-f6053f046c92" testListId="8c84fa94-04c1-424b-9868-57a2d4851a1d" />
    <TestEntry testId="f8539f2b-aa75-b463-1039-7e501d211002" executionId="94a9df32-dfbf-4e3f-a558-d63299a460b7" testListId="8c84fa94-04c1-424b-9868-57a2d4851a1d" />
    <TestEntry testId="8ac32f01-0d83-8960-344e-b9929f512f87" executionId="c8f39dae-8990-442b-812c-d5ab9bc927b1" testListId="8c84fa94-04c1-424b-9868-57a2d4851a1d" />
    <TestEntry testId="6a459d7e-6ebe-8f31-2f01-0073751cbfd5" executionId="cf54c111-f805-47b3-b1ca-cdcec9abb00e" testListId="8c84fa94-04c1-424b-9868-57a2d4851a1d" />
    <TestEntry testId="58e77447-a046-2cd7-c0e9-99ce39f312d6" executionId="b0c7d8cb-911b-4ffb-a043-0e03cc49bbf9" testListId="8c84fa94-04c1-424b-9868-57a2d4851a1d" />
    <TestEntry testId="a5ace3c4-9a69-d270-377a-91a5c934e8eb" executionId="39402a9e-9dcc-419a-a12e-1fd446b4474f" testListId="8c84fa94-04c1-424b-9868-57a2d4851a1d" />
    <TestEntry testId="fcd0ec70-f888-1a1b-7547-fbfa04f6d47c" executionId="7ae537c7-fded-4869-8dd7-ec5fcd9b0dcc" testListId="8c84fa94-04c1-424b-9868-57a2d4851a1d" />
    <TestEntry testId="66a52e9f-c6d7-f433-1542-ed9d67c24f2c" executionId="89e5c054-5199-46fd-9c22-ed1f391e775b" testListId="8c84fa94-04c1-424b-9868-57a2d4851a1d" />
    <TestEntry testId="b0e03232-5caa-c257-a760-302fb218275f" executionId="64130658-44e3-4c8b-8bad-dca78c5f4af6" testListId="8c84fa94-04c1-424b-9868-57a2d4851a1d" />
    <TestEntry testId="028f864e-e668-4592-b8fb-699ecddb0921" executionId="2864de8d-1ee8-4e7f-ac09-af54d798a7e3" testListId="8c84fa94-04c1-424b-9868-57a2d4851a1d" />
    <TestEntry testId="07217e56-4b70-bb63-0e83-6c80afc23639" executionId="e4aa6784-4ffa-41cf-986f-5d3cefac3306" testListId="8c84fa94-04c1-424b-9868-57a2d4851a1d" />
    <TestEntry testId="d9c76221-2763-0c1b-cfac-804a83848ff7" executionId="39e5f43a-21f0-4af0-9b31-b3431a3efb22" testListId="8c84fa94-04c1-424b-9868-57a2d4851a1d" />
    <TestEntry testId="f147e2af-2764-eca4-da02-eb4385f7c1e9" executionId="ff7952ff-6d57-4371-ac1b-7f93d290652e" testListId="8c84fa94-04c1-424b-9868-57a2d4851a1d" />
    <TestEntry testId="fed900f4-32f1-3be8-2cf9-8f9725ae779d" executionId="ced609aa-9636-41b1-9f3c-4969dad564d6" testListId="8c84fa94-04c1-424b-9868-57a2d4851a1d" />
    <TestEntry testId="dd0771af-630c-084d-5774-5c6b7e29d385" executionId="35c91f49-0dca-42ef-bfab-c4b817c0223c" testListId="8c84fa94-04c1-424b-9868-57a2d4851a1d" />
    <TestEntry testId="3dd2ceb6-1280-4b99-9784-9725f0c0f505" executionId="6e3a5e54-2c58-4e1f-bf1b-0ffd3313288c" testListId="8c84fa94-04c1-424b-9868-57a2d4851a1d" />
    <TestEntry testId="55bf6208-a608-e197-8149-ffa07e3a8e47" executionId="46f705a3-bc9f-4e7a-af2e-43234275c2f9" testListId="8c84fa94-04c1-424b-9868-57a2d4851a1d" />
    <TestEntry testId="397f9326-8e3d-ef4d-151d-58b9264b2405" executionId="c0d3a735-6a6a-4ae8-bb40-26e38726677e" testListId="8c84fa94-04c1-424b-9868-57a2d4851a1d" />
    <TestEntry testId="c01ccc49-5ba1-cf23-2582-17887df5c9ff" executionId="7135905f-1256-4aa7-b407-9c07b44ff487" testListId="8c84fa94-04c1-424b-9868-57a2d4851a1d" />
    <TestEntry testId="33c0e5ad-1a2e-e3a9-2777-50fb737c01b3" executionId="0b20a78f-2a6d-42ac-b157-0c2476d1e530" testListId="8c84fa94-04c1-424b-9868-57a2d4851a1d" />
    <TestEntry testId="e4f4f7b4-68aa-c002-c837-3c41c4632dda" executionId="79162a33-f681-45dd-a442-1cd7e15c7c9f" testListId="8c84fa94-04c1-424b-9868-57a2d4851a1d" />
    <TestEntry testId="98ca9731-6a72-1517-3af9-07280117e1e5" executionId="67fe1a10-4f6a-4709-8e94-3d8590197777" testListId="8c84fa94-04c1-424b-9868-57a2d4851a1d" />
    <TestEntry testId="789a1cd4-ecd5-c64d-ba0b-51ada6ca9ca0" executionId="1c6cac27-8b95-4799-b50d-02a775dfb4f1" testListId="8c84fa94-04c1-424b-9868-57a2d4851a1d" />
    <TestEntry testId="36b15e3f-9105-97a5-1ad3-2e834fd51ef9" executionId="d3869633-8e9b-4409-94e6-08f771371101" testListId="8c84fa94-04c1-424b-9868-57a2d4851a1d" />
    <TestEntry testId="b6d36092-43c9-7847-06e4-d48bc67ef5c0" executionId="e5a8e8a9-dd36-43a0-84b8-508efd966b11" testListId="8c84fa94-04c1-424b-9868-57a2d4851a1d" />
    <TestEntry testId="7d106857-df16-65f4-742a-0daf6223ecf0" executionId="94eb3ffb-a5fa-421c-982e-9cee85f9e200" testListId="8c84fa94-04c1-424b-9868-57a2d4851a1d" />
    <TestEntry testId="403dd66a-9951-0caa-b652-3226f7c597bf" executionId="03e050ce-51bd-4b94-ab06-2739dfeda141" testListId="8c84fa94-04c1-424b-9868-57a2d4851a1d" />
    <TestEntry testId="7923ee32-0c4b-d942-01cc-b423129530c3" executionId="1cb4a449-dc0b-44ef-908b-abb8de55f8c5" testListId="8c84fa94-04c1-424b-9868-57a2d4851a1d" />
    <TestEntry testId="3c5d4162-ff76-8c58-c986-e3f55b02d763" executionId="cbbd3d21-309f-4efb-8e36-352cd569d35b" testListId="8c84fa94-04c1-424b-9868-57a2d4851a1d" />
    <TestEntry testId="9605d621-3176-d3f4-bb5d-feb97ce91d03" executionId="568b3f82-80e1-49a3-b804-590bfe4f8656" testListId="8c84fa94-04c1-424b-9868-57a2d4851a1d" />
    <TestEntry testId="3a6e5a79-d0a4-3967-2b0c-a49906c11f1c" executionId="11cc276d-3b49-4eda-a74a-0a3ff32d3385" testListId="8c84fa94-04c1-424b-9868-57a2d4851a1d" />
    <TestEntry testId="3d76f878-7baa-4040-fa0a-0d83a02becd7" executionId="72ab4a3e-d846-4f53-8b67-683c15e396ca" testListId="8c84fa94-04c1-424b-9868-57a2d4851a1d" />
    <TestEntry testId="0a6d705d-d06f-fd58-1d10-5e4b2c57af51" executionId="75890d84-9f61-4844-a8ea-460ed9234d57" testListId="8c84fa94-04c1-424b-9868-57a2d4851a1d" />
    <TestEntry testId="f519da79-9063-21d2-dfcf-37386682c5c3" executionId="2c323578-8337-4fd6-9cba-b94d67e067ca" testListId="8c84fa94-04c1-424b-9868-57a2d4851a1d" />
    <TestEntry testId="09787cc1-0164-870e-fb0b-2366eac47b7c" executionId="c902a984-a26a-40d4-b760-927213bdbf4a" testListId="8c84fa94-04c1-424b-9868-57a2d4851a1d" />
  </TestEntries>
  <TestLists>
    <TestList name="列表中未列出的结果" id="8c84fa94-04c1-424b-9868-57a2d4851a1d" />
    <TestList name="所有已加载的结果" id="19431567-8539-422a-85d7-44ee4e166bda" />
  </TestLists>
  <ResultSummary outcome="Completed">
    <Counters total="61" executed="61" passed="61" failed="0" error="0" timeout="0" aborted="0" inconclusive="0" passedButRunAborted="0" notRunnable="0" notExecuted="0" disconnected="0" warning="0" completed="0" inProgress="0" pending="0" />
    <Output>
      <StdOut>[xUnit.net 00:00:00.00] xUnit.net VSTest Adapter v3.1.5+1b188a7b0a (64-bit .NET 10.0.12)&#xD;
[xUnit.net 00:00:00.11]   Discovering: Gaode.Communication.Tests&#xD;
[xUnit.net 00:00:00.16]   Discovered:  Gaode.Communication.Tests&#xD;
[xUnit.net 00:00:00.19]   Starting:    Gaode.Communication.Tests&#xD;
[xUnit.net 00:00:50.76]   Finished:    Gaode.Communication.Tests&#xD;
</StdOut>
    </Output>
  </ResultSummary>
</TestRun>